Archive member included because of file (symbol)

C:\Users\sridh\OneDrive\Desktop\New folder (2)\IoT_Project_Server\platform\radio\rail_lib\autogen\librail_release\librail_efr32xg1_gcc_release.a(rail_pti.o)
                              ./pti.o (RAIL_ConfigPti)
C:\Users\sridh\OneDrive\Desktop\New folder (2)\IoT_Project_Server\platform\radio\rail_lib\autogen\librail_release\librail_efr32xg1_gcc_release.a(rail_rf_hal.o)
                              C:\Users\sridh\OneDrive\Desktop\New folder (2)\IoT_Project_Server\platform\radio\rail_lib\autogen\librail_release\librail_efr32xg1_gcc_release.a(rail_pti.o) (RFHAL_ConfigPti)
C:\Users\sridh\OneDrive\Desktop\New folder (2)\IoT_Project_Server\platform\radio\rail_lib\autogen\librail_release\librail_efr32xg1_gcc_release.a(rail_singleprotocol.o)
                              C:\Users\sridh\OneDrive\Desktop\New folder (2)\IoT_Project_Server\platform\radio\rail_lib\autogen\librail_release\librail_efr32xg1_gcc_release.a(rail_rf_hal.o) (RAIL_ActiveHandle)
C:\Users\sridh\OneDrive\Desktop\New folder (2)\IoT_Project_Server\platform\radio\rail_lib\autogen\librail_release\librail_efr32xg1_gcc_release.a(rail_rf.o)
                              C:\Users\sridh\OneDrive\Desktop\New folder (2)\IoT_Project_Server\platform\radio\rail_lib\autogen\librail_release\librail_efr32xg1_gcc_release.a(rail_singleprotocol.o) (RAILCore_Init)
C:\Users\sridh\OneDrive\Desktop\New folder (2)\IoT_Project_Server\platform\radio\rail_lib\autogen\librail_release\librail_efr32xg1_gcc_release.a(rail_rx.o)
                              C:\Users\sridh\OneDrive\Desktop\New folder (2)\IoT_Project_Server\platform\radio\rail_lib\autogen\librail_release\librail_efr32xg1_gcc_release.a(rail_rf_hal.o) (RAILCore_StartRx)
C:\Users\sridh\OneDrive\Desktop\New folder (2)\IoT_Project_Server\platform\radio\rail_lib\autogen\librail_release\librail_efr32xg1_gcc_release.a(rail_tx.o)
                              C:\Users\sridh\OneDrive\Desktop\New folder (2)\IoT_Project_Server\platform\radio\rail_lib\autogen\librail_release\librail_efr32xg1_gcc_release.a(rail_singleprotocol.o) (RAILCore_StartTx)
C:\Users\sridh\OneDrive\Desktop\New folder (2)\IoT_Project_Server\platform\radio\rail_lib\autogen\librail_release\librail_efr32xg1_gcc_release.a(rail_calibration.o)
                              C:\Users\sridh\OneDrive\Desktop\New folder (2)\IoT_Project_Server\platform\radio\rail_lib\autogen\librail_release\librail_efr32xg1_gcc_release.a(rail_rf_hal.o) (RAILInt_PendCal)
C:\Users\sridh\OneDrive\Desktop\New folder (2)\IoT_Project_Server\platform\radio\rail_lib\autogen\librail_release\librail_efr32xg1_gcc_release.a(rail_assert.o)
                              C:\Users\sridh\OneDrive\Desktop\New folder (2)\IoT_Project_Server\platform\radio\rail_lib\autogen\librail_release\librail_efr32xg1_gcc_release.a(rail_rf.o) (RAILInt_Assert)
C:\Users\sridh\OneDrive\Desktop\New folder (2)\IoT_Project_Server\platform\radio\rail_lib\autogen\librail_release\librail_efr32xg1_gcc_release.a(rail_rssi.o)
                              C:\Users\sridh\OneDrive\Desktop\New folder (2)\IoT_Project_Server\platform\radio\rail_lib\autogen\librail_release\librail_efr32xg1_gcc_release.a(rail_singleprotocol.o) (RAILCore_GetRssi)
C:\Users\sridh\OneDrive\Desktop\New folder (2)\IoT_Project_Server\platform\radio\rail_lib\autogen\librail_release\librail_efr32xg1_gcc_release.a(bufc.o)
                              C:\Users\sridh\OneDrive\Desktop\New folder (2)\IoT_Project_Server\platform\radio\rail_lib\autogen\librail_release\librail_efr32xg1_gcc_release.a(rail_rf_hal.o) (BUFC_SetTxBuffer)
C:\Users\sridh\OneDrive\Desktop\New folder (2)\IoT_Project_Server\platform\radio\rail_lib\autogen\librail_release\librail_efr32xg1_gcc_release.a(ir_cal.o)
                              C:\Users\sridh\OneDrive\Desktop\New folder (2)\IoT_Project_Server\platform\radio\rail_lib\autogen\librail_release\librail_efr32xg1_gcc_release.a(rail_rf_hal.o) (IRCAL_Set)
C:\Users\sridh\OneDrive\Desktop\New folder (2)\IoT_Project_Server\platform\radio\rail_lib\autogen\librail_release\librail_efr32xg1_gcc_release.a(pa.o)
                              C:\Users\sridh\OneDrive\Desktop\New folder (2)\IoT_Project_Server\platform\radio\rail_lib\autogen\librail_release\librail_efr32xg1_gcc_release.a(rail_rf_hal.o) (PA_GetTxPowerConfig)
C:\Users\sridh\OneDrive\Desktop\New folder (2)\IoT_Project_Server\platform\radio\rail_lib\autogen\librail_release\librail_efr32xg1_gcc_release.a(protimer.o)
                              C:\Users\sridh\OneDrive\Desktop\New folder (2)\IoT_Project_Server\platform\radio\rail_lib\autogen\librail_release\librail_efr32xg1_gcc_release.a(rail_rf_hal.o) (PROTIMER_Start)
C:\Users\sridh\OneDrive\Desktop\New folder (2)\IoT_Project_Server\platform\radio\rail_lib\autogen\librail_release\librail_efr32xg1_gcc_release.a(pti.o)
[...]
Memory Configuration

Name             Origin             Length             Attributes
FLASH_BOOTLOADER 0x00000000         0x00004000         xr
FLASH            0x00004000         0x0003b000         xr
RAM              0x20000000         0x00007bfc         xrw
*default*        0x00000000         0xffffffff

Linker script and memory map

LOAD c:/siliconlabs/simplicitystudio/v4/developer/toolchains/gnu_arm/4.9_2015q3/bin/../lib/gcc/arm-none-eabi/4.9.3/armv7e-m/softfp/crti.o
LOAD c:/siliconlabs/simplicitystudio/v4/developer/toolchains/gnu_arm/4.9_2015q3/bin/../lib/gcc/arm-none-eabi/4.9.3/armv7e-m/softfp/crtbegin.o
LOAD c:/siliconlabs/simplicitystudio/v4/developer/toolchains/gnu_arm/4.9_2015q3/bin/../lib/gcc/arm-none-eabi/4.9.3/../../../../arm-none-eabi/lib/armv7e-m/softfp/crt0.o
START GROUP
LOAD ./adc.o
LOAD ./application_properties.o
LOAD ./gatt_db.o
LOAD ./init_app.o
LOAD ./init_board.o
LOAD ./init_mcu.o
LOAD ./main.o
LOAD ./pti.o
LOAD ./hardware/kit/common/bsp/bsp_stk.o
LOAD ./hardware/kit/common/drivers/mx25flash_spi.o
LOAD ./lcd-graphics/bmp.o
LOAD ./lcd-graphics/display.o
LOAD ./lcd-graphics/displayls013b7dh03.o
LOAD ./lcd-graphics/displaypalemlib.o
LOAD ./lcd-graphics/dmd_display.o
LOAD ./lcd-graphics/glib.o
LOAD ./lcd-graphics/glib_bitmap.o
LOAD ./lcd-graphics/glib_circle.o
LOAD ./lcd-graphics/glib_font_narrow_6x8.o
LOAD ./lcd-graphics/glib_font_normal_8x8.o
LOAD ./lcd-graphics/glib_font_number_16x20.o
LOAD ./lcd-graphics/glib_line.o
LOAD ./lcd-graphics/glib_polygon.o
LOAD ./lcd-graphics/glib_rectangle.o
LOAD ./lcd-graphics/glib_string.o
LOAD ./lcd-graphics/graphics.o
LOAD ./lcd-graphics/udelay.o
LOAD ./platform/Device/SiliconLabs/EFR32BG1B/Source/GCC/startup_efr32bg1b.o
LOAD ./platform/Device/SiliconLabs/EFR32BG1B/Source/system_efr32bg1b.o
LOAD ./platform/emdrv/sleep/src/sleep.o
LOAD ./platform/emdrv/tempdrv/src/tempdrv.o
LOAD ./platform/emlib/src/em_acmp.o
LOAD ./platform/emlib/src/em_adc.o
LOAD ./platform/emlib/src/em_aes.o
LOAD ./platform/emlib/src/em_assert.o
LOAD ./platform/emlib/src/em_burtc.o
LOAD ./platform/emlib/src/em_can.o
LOAD ./platform/emlib/src/em_cmu.o
LOAD ./platform/emlib/src/em_core.o
LOAD ./platform/emlib/src/em_cryotimer.o
LOAD ./platform/emlib/src/em_crypto.o
LOAD ./platform/emlib/src/em_csen.o
LOAD ./platform/emlib/src/em_dac.o
LOAD ./platform/emlib/src/em_dbg.o
LOAD ./platform/emlib/src/em_dma.o
LOAD ./platform/emlib/src/em_ebi.o
LOAD ./platform/emlib/src/em_emu.o
LOAD ./platform/emlib/src/em_gpcrc.o
LOAD ./platform/emlib/src/em_gpio.o
LOAD ./platform/emlib/src/em_i2c.o
LOAD ./platform/emlib/src/em_idac.o
LOAD ./platform/emlib/src/em_int.o
LOAD ./platform/emlib/src/em_lcd.o
LOAD ./platform/emlib/src/em_ldma.o
LOAD ./platform/emlib/src/em_lesense.o
LOAD ./platform/emlib/src/em_letimer.o
LOAD ./platform/emlib/src/em_leuart.o
LOAD ./platform/emlib/src/em_mpu.o
LOAD ./platform/emlib/src/em_msc.o
LOAD ./platform/emlib/src/em_opamp.o
LOAD ./platform/emlib/src/em_pcnt.o
LOAD ./platform/emlib/src/em_prs.o
LOAD ./platform/emlib/src/em_qspi.o
LOAD ./platform/emlib/src/em_rmu.o
LOAD ./platform/emlib/src/em_rtc.o
LOAD ./platform/emlib/src/em_rtcc.o
LOAD ./platform/emlib/src/em_system.o
LOAD ./platform/emlib/src/em_timer.o
LOAD ./platform/emlib/src/em_usart.o
LOAD ./platform/emlib/src/em_vcmp.o
LOAD ./platform/emlib/src/em_vdac.o
LOAD ./platform/emlib/src/em_wdog.o
LOAD ./src/adc.o
LOAD ./src/cmu.o
LOAD ./src/gpio.o
LOAD ./src/i2c.o
LOAD ./src/lcd.o
LOAD ./src/letimer.o
LOAD ./src/proximity_sensor.o
LOAD ./src/ps.o
LOAD ./src/read_write.o
LOAD ./src/sleep.o
LOAD ./src/timer.o
LOAD C:\Users\sridh\OneDrive\Desktop\New folder (2)\IoT_Project_Server\protocol\bluetooth_2.7\lib\EFR32BG1B\GCC\libmbedtls.a
LOAD C:\Users\sridh\OneDrive\Desktop\New folder (2)\IoT_Project_Server\platform\radio\rail_lib\autogen\librail_release\librail_efr32xg1_gcc_release.a
LOAD C:\Users\sridh\OneDrive\Desktop\New folder (2)\IoT_Project_Server\protocol\bluetooth_2.7\lib\EFR32BG1B\GCC\libpsstore.a
LOAD C:\Users\sridh\OneDrive\Desktop\New folder (2)\IoT_Project_Server\protocol\bluetooth_2.7\lib\EFR32BG1B\GCC\libbluetooth.a
LOAD C:\Users\sridh\OneDrive\Desktop\New folder (2)\IoT_Project_Server\protocol\bluetooth_2.7\lib\EFR32BG1B\GCC\binapploader.o
LOAD c:/siliconlabs/simplicitystudio/v4/developer/toolchains/gnu_arm/4.9_2015q3/bin/../lib/gcc/arm-none-eabi/4.9.3/../../../../arm-none-eabi/lib/armv7e-m/softfp\libm.a
END GROUP
START GROUP
LOAD c:/siliconlabs/simplicitystudio/v4/developer/toolchains/gnu_arm/4.9_2015q3/bin/../lib/gcc/arm-none-eabi/4.9.3/armv7e-m/softfp\libgcc.a
LOAD c:/siliconlabs/simplicitystudio/v4/developer/toolchains/gnu_arm/4.9_2015q3/bin/../lib/gcc/arm-none-eabi/4.9.3/../../../../arm-none-eabi/lib/armv7e-m/softfp\libc_nano.a
LOAD c:/siliconlabs/simplicitystudio/v4/developer/toolchains/gnu_arm/4.9_2015q3/bin/../lib/gcc/arm-none-eabi/4.9.3/../../../../arm-none-eabi/lib/armv7e-m/softfp\libnosys.a
END GROUP
START GROUP
LOAD c:/siliconlabs/simplicitystudio/v4/developer/toolchains/gnu_arm/4.9_2015q3/bin/../lib/gcc/arm-none-eabi/4.9.3/armv7e-m/softfp\libgcc.a
LOAD c:/siliconlabs/simplicitystudio/v4/developer/toolchains/gnu_arm/4.9_2015q3/bin/../lib/gcc/arm-none-eabi/4.9.3/../../../../arm-none-eabi/lib/armv7e-m/softfp\libg_nano.a
LOAD c:/siliconlabs/simplicitystudio/v4/developer/toolchains/gnu_arm/4.9_2015q3/bin/../lib/gcc/arm-none-eabi/4.9.3/../../../../arm-none-eabi/lib/armv7e-m/softfp\libc_nano.a
END GROUP
START GROUP
LOAD c:/siliconlabs/simplicitystudio/v4/developer/toolchains/gnu_arm/4.9_2015q3/bin/../lib/gcc/arm-none-eabi/4.9.3/armv7e-m/softfp\libgcc.a
LOAD c:/siliconlabs/simplicitystudio/v4/developer/toolchains/gnu_arm/4.9_2015q3/bin/../lib/gcc/arm-none-eabi/4.9.3/../../../../arm-none-eabi/lib/armv7e-m/softfp\libc_nano.a
END GROUP
LOAD c:/siliconlabs/simplicitystudio/v4/developer/toolchains/gnu_arm/4.9_2015q3/bin/../lib/gcc/arm-none-eabi/4.9.3/armv7e-m/softfp/crtend.o
LOAD c:/siliconlabs/simplicitystudio/v4/developer/toolchains/gnu_arm/4.9_2015q3/bin/../lib/gcc/arm-none-eabi/4.9.3/armv7e-m/softfp/crtn.o

.text_bootloader
                0x00000000        0x0
 *(.binbootloader*)
                0x00000000                . = ALIGN (0x4000)

.text_apploader
                0x00004000     0x8fc0
 *(.binapploader*)
 .binapploader  0x00004000     0x8fc0 C:\Users\sridh\OneDrive\Desktop\New folder (2)\IoT_Project_Server\protocol\bluetooth_2.7\lib\EFR32BG1B\GCC\binapploader.o

.text_signature
                0x0000cfc0       0x40
                0x0000d000                . = ALIGN (0x800)
 *fill*         0x0000cfc0       0x40 
                0x0000d000                __text_start__ = .

.text_application
                0x0000d000    0x24fec
 *(.vectors)
 .vectors       0x0000d000       0xc8 ./platform/Device/SiliconLabs/EFR32BG1B/Source/GCC/startup_efr32bg1b.o
                0x0000d000                __Vectors
                0x0000d0c8                __Vectors_End = .
                0x000000c8                __Vectors_Size = (__Vectors_End - __Vectors)
                0x0000d0c8                __end__ = .
 *(.application_properties)
 .application_properties
                0x0000d0c8       0x38 ./application_properties.o
                0x0000d0c8                applicationProperties
 *(.gecko_configuration)
 *(.xo_configuration)
 *(.gatt_header)
 .gatt_header   0x0000d100       0x34 ./gatt_db.o
                0x0000d100                bg_gattdb_data
 *(.gatt_data)
 .gatt_data     0x0000d134      0x300 ./gatt_db.o
                0x0000d134                bg_gattdb_data_uuidtable_16_map
                0x0000d150                bg_gattdb_data_uuidtable_128_map
                0x0000d1b0                bg_gattdb_data_attribute_field_25
                0x0000d1b8                bg_gattdb_data_attribute_field_24
                0x0000d1d0                bg_gattdb_data_attribute_field_23
                0x0000d1e4                bg_gattdb_data_attribute_field_21
                0x0000d1ec                bg_gattdb_data_attribute_field_20
                0x0000d204                bg_gattdb_data_attribute_field_19
                0x0000d218                bg_gattdb_data_attribute_field_18
                0x0000d220                bg_gattdb_data_attribute_field_17
                0x0000d238                bg_gattdb_data_attribute_field_16
                0x0000d24c                bg_gattdb_data_attribute_field_15
                0x0000d254                bg_gattdb_data_attribute_field_14
                0x0000d25c                bg_gattdb_data_attribute_field_13
                0x0000d268                bg_gattdb_data_attribute_field_12
                0x0000d270                bg_gattdb_data_attribute_field_11
                0x0000d280                bg_gattdb_data_attribute_field_10
                0x0000d288                bg_gattdb_data_attribute_field_9
                0x0000d28c                bg_gattdb_data_attribute_field_8
                0x0000d290                bg_gattdb_data_attribute_field_7
                0x0000d298                bg_gattdb_data_attribute_field_6
                0x0000d2a0                bg_gattdb_data_attribute_field_5
                0x0000d2a8                bg_gattdb_data_attribute_field_4
                0x0000d2ac                bg_gattdb_data_attribute_field_2
                0x0000d2b4                bg_gattdb_data_attribute_field_1
                0x0000d2bc                bg_gattdb_data_attribute_field_0
                0x0000d2c0                bg_gattdb_data_attributes_map
                0x0000d404                bg_gattdb_data_attributes_dynamic_mapping_map
                0x0000d410                bg_gattdb_data_adv_uuid16_map
                0x0000d414                bg_gattdb_data_adv_uuid128_map
 *(.text*)
 .text          0x0000d434       0x5c c:/siliconlabs/simplicitystudio/v4/developer/toolchains/gnu_arm/4.9_2015q3/bin/../lib/gcc/arm-none-eabi/4.9.3/armv7e-m/softfp/crtbegin.o
 .text          0x0000d490       0x74 c:/siliconlabs/simplicitystudio/v4/developer/toolchains/gnu_arm/4.9_2015q3/bin/../lib/gcc/arm-none-eabi/4.9.3/../../../../arm-none-eabi/lib/armv7e-m/softfp/crt0.o
                0x0000d490                _start
                0x0000d490                _mainCRTStartup
 .text.ADC_DataSingleGet
                0x0000d504       0x18 ./adc.o
 .text.ADC_IntGet
                0x0000d51c       0x18 ./adc.o
 .text.InitADCforSupplyMeasurement
                0x0000d534       0x90 ./adc.o
                0x0000d534                InitADCforSupplyMeasurement
 .text.ADC_SingleDataValid
                0x0000d5c4       0x24 ./adc.o
 .text.readSupplyVoltage
                0x0000d5e8       0x64 ./adc.o
                0x0000d5e8                readSupplyVoltage
 .text.initApp  0x0000d64c       0x30 ./init_app.o
                0x0000d64c                initApp
 .text.initBoard
                0x0000d67c       0x48 ./init_board.o
                0x0000d67c                initBoard
 .text.BUS_RegBitWrite
                0x0000d6c4       0x2c ./init_mcu.o
 .text.SYSTEM_GetProdRev
                0x0000d6f0       0x1c ./init_mcu.o
 .text.CHIP_Init
                0x0000d70c       0xb4 ./init_mcu.o
 .text.initMcu  0x0000d7c0       0x70 ./init_mcu.o
                0x0000d7c0                initMcu
 .text.initMcu_clocks
                0x0000d830       0xa4 ./init_mcu.o
 .text.gecko_initCoexHAL
                0x0000d8d4        0xc ./main.o
 .text.gecko_init
                0x0000d8e0       0x48 ./main.o
 .text.gecko_cmd_system_reset
                0x0000d928       0x44 ./main.o
 .text.gecko_cmd_system_set_tx_power
                0x0000d96c       0x50 ./main.o
 .text.gecko_cmd_system_halt
                0x0000d9bc       0x50 ./main.o
 .text.gecko_cmd_le_gap_set_mode
                0x0000da0c       0x5c ./main.o
 .text.gecko_cmd_le_gap_set_adv_parameters
                0x0000da68       0x64 ./main.o
 .text.gecko_cmd_gatt_server_send_user_write_response
                0x0000dacc       0x68 ./main.o
 .text.gecko_cmd_gatt_server_send_characteristic_notification
                0x0000db34       0x98 ./main.o
 .text.gecko_cmd_endpoint_close
                0x0000dbcc       0x50 ./main.o
 .text.gecko_cmd_hardware_set_soft_timer
                0x0000dc1c       0x64 ./main.o
 .text.gecko_cmd_sm_set_bondable_mode
                0x0000dc80       0x50 ./main.o
 .text.gecko_cmd_sm_configure
                0x0000dcd0       0x5c ./main.o
 .text.gecko_cmd_sm_increase_security
                0x0000dd2c       0x50 ./main.o
 .text.gecko_cmd_sm_delete_bondings
                0x0000dd7c       0x48 ./main.o
 .text.ADC_Start
                0x0000ddc4       0x1c ./main.o
 .text.main     0x0000dde0      0x3d8 ./main.o
                0x0000dde0                main
 .text.configEnablePti
                0x0000e1b8       0x48 ./pti.o
                0x0000e1b8                configEnablePti
 .text.BUS_RegMaskedSet
                0x0000e200       0x24 ./hardware/kit/common/drivers/mx25flash_spi.o
 .text.BUS_RegMaskedClear
                0x0000e224       0x24 ./hardware/kit/common/drivers/mx25flash_spi.o
 .text.GPIO_PinOutClear
                0x0000e248       0x58 ./hardware/kit/common/drivers/mx25flash_spi.o
 .text.GPIO_PinOutSet
                0x0000e2a0       0x58 ./hardware/kit/common/drivers/mx25flash_spi.o
 .text.MX25_init
                0x0000e2f8       0x98 ./hardware/kit/common/drivers/mx25flash_spi.o
                0x0000e2f8                MX25_init
 .text.Wait_Flash_WarmUp
                0x0000e390       0x24 ./hardware/kit/common/drivers/mx25flash_spi.o
                0x0000e390                Wait_Flash_WarmUp
 .text.Initial_Spi
                0x0000e3b4        0xc ./hardware/kit/common/drivers/mx25flash_spi.o
                0x0000e3b4                Initial_Spi
 .text.CS_Low   0x0000e3c0       0x10 ./hardware/kit/common/drivers/mx25flash_spi.o
                0x0000e3c0                CS_Low
 .text.CS_High  0x0000e3d0       0x10 ./hardware/kit/common/drivers/mx25flash_spi.o
                0x0000e3d0                CS_High
 .text.InsertDummyCycle
                0x0000e3e0       0x38 ./hardware/kit/common/drivers/mx25flash_spi.o
                0x0000e3e0                InsertDummyCycle
 .text.SendByte
                0x0000e418       0x3c ./hardware/kit/common/drivers/mx25flash_spi.o
                0x0000e418                SendByte
 .text.MX25_DP  0x0000e454       0x34 ./hardware/kit/common/drivers/mx25flash_spi.o
                0x0000e454                MX25_DP
 .text.DISPLAY_Init
                0x0000e488       0x54 ./lcd-graphics/display.o
                0x0000e488                DISPLAY_Init
 .text.DISPLAY_DeviceGet
                0x0000e4dc       0x60 ./lcd-graphics/display.o
                0x0000e4dc                DISPLAY_DeviceGet
 .text.DISPLAY_DeviceRegister
                0x0000e53c       0x6c ./lcd-graphics/display.o
                0x0000e53c                DISPLAY_DeviceRegister
 .text.DISPLAY_Ls013b7dh03Init
                0x0000e5a8       0xd0 ./lcd-graphics/displayls013b7dh03.o
                0x0000e5a8                DISPLAY_Ls013b7dh03Init
 .text.DriverRefresh
                0x0000e678       0x20 ./lcd-graphics/displayls013b7dh03.o
 .text.DisplayEnable
                0x0000e698       0x30 ./lcd-graphics/displayls013b7dh03.o
 .text.DisplayClear
                0x0000e6c8       0x48 ./lcd-graphics/displayls013b7dh03.o
 .text.DisplayPolarityInverse
                0x0000e710       0x10 ./lcd-graphics/displayls013b7dh03.o
 .text.PixelMatrixAllocate
                0x0000e720       0x70 ./lcd-graphics/displayls013b7dh03.o
 .text.PixelMatrixFree
                0x0000e790       0x1c ./lcd-graphics/displayls013b7dh03.o
 .text.PixelMatrixClear
                0x0000e7ac       0x40 ./lcd-graphics/displayls013b7dh03.o
 .text.PixelMatrixDraw
                0x0000e7ec       0xb8 ./lcd-graphics/displayls013b7dh03.o
 .text.BUS_RegMaskedSet
                0x0000e8a4       0x24 ./lcd-graphics/displaypalemlib.o
 .text.BUS_RegMaskedClear
                0x0000e8c8       0x24 ./lcd-graphics/displaypalemlib.o
 .text.GPIO_PinOutClear
                0x0000e8ec       0x58 ./lcd-graphics/displaypalemlib.o
 .text.GPIO_PinOutSet
                0x0000e944       0x58 ./lcd-graphics/displaypalemlib.o
 .text.PAL_SpiInit
                0x0000e99c       0x64 ./lcd-graphics/displaypalemlib.o
                0x0000e99c                PAL_SpiInit
 .text.PAL_SpiTransmit
                0x0000ea00       0x74 ./lcd-graphics/displaypalemlib.o
                0x0000ea00                PAL_SpiTransmit
 .text.PAL_TimerInit
                0x0000ea74       0x18 ./lcd-graphics/displaypalemlib.o
                0x0000ea74                PAL_TimerInit
 .text.PAL_TimerMicroSecondsDelay
                0x0000ea8c       0x1c ./lcd-graphics/displaypalemlib.o
                0x0000ea8c                PAL_TimerMicroSecondsDelay
 .text.PAL_TimerRepeat
                0x0000eaa8       0x30 ./lcd-graphics/displaypalemlib.o
                0x0000eaa8                PAL_TimerRepeat
 .text.PAL_GpioInit
                0x0000ead8       0x20 ./lcd-graphics/displaypalemlib.o
                0x0000ead8                PAL_GpioInit
 .text.PAL_GpioPinModeSet
                0x0000eaf8       0x44 ./lcd-graphics/displaypalemlib.o
                0x0000eaf8                PAL_GpioPinModeSet
 .text.PAL_GpioPinOutSet
                0x0000eb3c       0x24 ./lcd-graphics/displaypalemlib.o
                0x0000eb3c                PAL_GpioPinOutSet
 .text.PAL_GpioPinOutClear
                0x0000eb60       0x24 ./lcd-graphics/displaypalemlib.o
                0x0000eb60                PAL_GpioPinOutClear
 .text.DMD_init
                0x0000eb84       0xc8 ./lcd-graphics/dmd_display.o
                0x0000eb84                DMD_init
 .text.DMD_getDisplayGeometry
                0x0000ec4c       0x38 ./lcd-graphics/dmd_display.o
                0x0000ec4c                DMD_getDisplayGeometry
 .text.DMD_setClippingArea
                0x0000ec84       0x8c ./lcd-graphics/dmd_display.o
                0x0000ec84                DMD_setClippingArea
 .text.DMD_writeColor
                0x0000ed10      0x2b4 ./lcd-graphics/dmd_display.o
                0x0000ed10                DMD_writeColor
 .text.DMD_allocateFramebuffer
                0x0000efc4       0x54 ./lcd-graphics/dmd_display.o
                0x0000efc4                DMD_allocateFramebuffer
 .text.DMD_updateDisplay
                0x0000f018      0x114 ./lcd-graphics/dmd_display.o
                0x0000f018                DMD_updateDisplay
 .text.GLIB_colorTranslate24bppInl
                0x0000f12c       0x34 ./lcd-graphics/glib.o
 .text.GLIB_contextInit
                0x0000f160       0x84 ./lcd-graphics/glib.o
                0x0000f160                GLIB_contextInit
 .text.GLIB_setClippingRegion
                0x0000f1e4       0xa4 ./lcd-graphics/glib.o
                0x0000f1e4                GLIB_setClippingRegion
 .text.GLIB_clear
                0x0000f288       0x70 ./lcd-graphics/glib.o
                0x0000f288                GLIB_clear
 .text.GLIB_resetDisplayClippingArea
                0x0000f2f8       0x30 ./lcd-graphics/glib.o
                0x0000f2f8                GLIB_resetDisplayClippingArea
 .text.GLIB_applyClippingRegion
                0x0000f328       0x58 ./lcd-graphics/glib.o
                0x0000f328                GLIB_applyClippingRegion
 .text.GLIB_colorTranslate24bpp
                0x0000f380       0x20 ./lcd-graphics/glib.o
                0x0000f380                GLIB_colorTranslate24bpp
 .text.GLIB_drawPixel
                0x0000f3a0       0x6c ./lcd-graphics/glib.o
                0x0000f3a0                GLIB_drawPixel
 .text.GLIB_drawPixelColor
                0x0000f40c       0x6c ./lcd-graphics/glib.o
                0x0000f40c                GLIB_drawPixelColor
 .text.GLIB_rectContainsPoint
                0x0000f478       0x4c ./lcd-graphics/glib_rectangle.o
                0x0000f478                GLIB_rectContainsPoint
 .text.GLIB_drawChar
                0x0000f4c4      0x1d8 ./lcd-graphics/glib_string.o
                0x0000f4c4                GLIB_drawChar
 .text.GLIB_drawString
                0x0000f69c       0xd0 ./lcd-graphics/glib_string.o
                0x0000f69c                GLIB_drawString
 .text.GLIB_setFont
                0x0000f76c       0x44 ./lcd-graphics/glib_string.o
                0x0000f76c                GLIB_setFont
 .text.GRAPHICS_Init
                0x0000f7b0       0x58 ./lcd-graphics/graphics.o
                0x0000f7b0                GRAPHICS_Init
 .text.GRAPHICS_Update
                0x0000f808        0xc ./lcd-graphics/graphics.o
                0x0000f808                GRAPHICS_Update
 .text.GRAPHICS_Clear
                0x0000f814       0x24 ./lcd-graphics/graphics.o
                0x0000f814                GRAPHICS_Clear
 .text.GRAPHICS_AppendString
                0x0000f838       0x58 ./lcd-graphics/graphics.o
                0x0000f838                GRAPHICS_AppendString
 .text.rtcIntCallbackRegister
                0x0000f890       0x1c ./lcd-graphics/graphics.o
                0x0000f890                rtcIntCallbackRegister
 .text.NVIC_ClearPendingIRQ
                0x0000f8ac       0x34 ./lcd-graphics/udelay.o
 .text.RTCC_CounterGet
                0x0000f8e0       0x18 ./lcd-graphics/udelay.o
 .text.UDELAY_Calibrate
                0x0000f8f8      0x190 ./lcd-graphics/udelay.o
                0x0000f8f8                UDELAY_Calibrate
 .text.UDELAY_Delay
                0x0000fa88       0x38 ./lcd-graphics/udelay.o
                0x0000fa88                UDELAY_Delay
 .text.calibrate_delay
                0x0000fac0       0xd8 ./lcd-graphics/udelay.o
 .text.clock    0x0000fb98       0x10 ./lcd-graphics/udelay.o
 .text._delay   0x0000fba8       0x18 ./lcd-graphics/udelay.o
 .text.Reset_Handler
                0x0000fbc0       0x3c ./platform/Device/SiliconLabs/EFR32BG1B/Source/GCC/startup_efr32bg1b.o
                0x0000fbc0                Reset_Handler
 .text.Default_Handler
                0x0000fbfc        0x8 ./platform/Device/SiliconLabs/EFR32BG1B/Source/GCC/startup_efr32bg1b.o
                0x0000fbfc                DebugMon_Handler
                0x0000fbfc                USART0_TX_IRQHandler
                0x0000fbfc                HardFault_Handler
                0x0000fbfc                SysTick_Handler
                0x0000fbfc                USART1_RX_IRQHandler
                0x0000fbfc                PendSV_Handler
                0x0000fbfc                NMI_Handler
                0x0000fbfc                WDOG0_IRQHandler
                0x0000fbfc                USART1_TX_IRQHandler
                0x0000fbfc                MSC_IRQHandler
                0x0000fbfc                ADC0_IRQHandler
                0x0000fbfc                UsageFault_Handler
                0x0000fbfc                LEUART0_IRQHandler
                0x0000fbfc                FPUEH_IRQHandler
                0x0000fbfc                LDMA_IRQHandler
                0x0000fbfc                TIMER1_IRQHandler
                0x0000fbfc                Default_Handler
                0x0000fbfc                CRYOTIMER_IRQHandler
                0x0000fbfc                PCNT0_IRQHandler
                0x0000fbfc                ACMP0_IRQHandler
                0x0000fbfc                USART0_RX_IRQHandler
                0x0000fbfc                MemManage_Handler
                0x0000fbfc                SVC_Handler
                0x0000fbfc                RTCC_IRQHandler
                0x0000fbfc                CRYPTO_IRQHandler
                0x0000fbfc                CMU_IRQHandler
                0x0000fbfc                GPIO_ODD_IRQHandler
                0x0000fbfc                BusFault_Handler
                0x0000fbfc                IDAC0_IRQHandler
 .text.SystemCoreClockGet
                0x0000fc04       0x44 ./platform/Device/SiliconLabs/EFR32BG1B/Source/system_efr32bg1b.o
                0x0000fc04                SystemCoreClockGet
 .text.SystemMaxCoreClockGet
                0x0000fc48       0x14 ./platform/Device/SiliconLabs/EFR32BG1B/Source/system_efr32bg1b.o
                0x0000fc48                SystemMaxCoreClockGet
 .text.SystemHFClockGet
                0x0000fc5c       0x70 ./platform/Device/SiliconLabs/EFR32BG1B/Source/system_efr32bg1b.o
                0x0000fc5c                SystemHFClockGet
 .text.SystemHFXOClockGet
                0x0000fccc       0x18 ./platform/Device/SiliconLabs/EFR32BG1B/Source/system_efr32bg1b.o
                0x0000fccc                SystemHFXOClockGet
 .text.SystemHFXOClockSet
                0x0000fce4       0x30 ./platform/Device/SiliconLabs/EFR32BG1B/Source/system_efr32bg1b.o
                0x0000fce4                SystemHFXOClockSet
 .text.SystemInit
                0x0000fd14       0x5c ./platform/Device/SiliconLabs/EFR32BG1B/Source/system_efr32bg1b.o
                0x0000fd14                SystemInit
 .text.SystemLFRCOClockGet
                0x0000fd70       0x14 ./platform/Device/SiliconLabs/EFR32BG1B/Source/system_efr32bg1b.o
                0x0000fd70                SystemLFRCOClockGet
 .text.SystemULFRCOClockGet
                0x0000fd84       0x14 ./platform/Device/SiliconLabs/EFR32BG1B/Source/system_efr32bg1b.o
                0x0000fd84                SystemULFRCOClockGet
 .text.SystemLFXOClockGet
                0x0000fd98       0x18 ./platform/Device/SiliconLabs/EFR32BG1B/Source/system_efr32bg1b.o
                0x0000fd98                SystemLFXOClockGet
 .text.SystemLFXOClockSet
                0x0000fdb0       0x30 ./platform/Device/SiliconLabs/EFR32BG1B/Source/system_efr32bg1b.o
                0x0000fdb0                SystemLFXOClockSet
 .text.BUS_RegBitWrite
                0x0000fde0       0x2c ./platform/emdrv/sleep/src/sleep.o
 .text.EMU_EnterEM1
                0x0000fe0c       0x20 ./platform/emdrv/sleep/src/sleep.o
 .text.EMU_EM2Block
                0x0000fe2c       0x14 ./platform/emdrv/sleep/src/sleep.o
 .text.EMU_EM2UnBlock
                0x0000fe40       0x14 ./platform/emdrv/sleep/src/sleep.o
 .text.sleepCallbackWrapper
                0x0000fe54       0x2c ./platform/emdrv/sleep/src/sleep.o
 .text.SLEEP_Init
                0x0000fe80       0x60 ./platform/emdrv/sleep/src/sleep.o
                0x0000fe80                SLEEP_Init
 .text.SLEEP_Sleep
                0x0000fee0       0x90 ./platform/emdrv/sleep/src/sleep.o
                0x0000fee0                SLEEP_Sleep
 .text.SLEEP_SleepBlockBegin
                0x0000ff70       0x48 ./platform/emdrv/sleep/src/sleep.o
                0x0000ff70                SLEEP_SleepBlockBegin
 .text.SLEEP_SleepBlockEnd
                0x0000ffb8       0x58 ./platform/emdrv/sleep/src/sleep.o
                0x0000ffb8                SLEEP_SleepBlockEnd
 .text.SLEEP_LowestEnergyModeGet
                0x00010010       0x40 ./platform/emdrv/sleep/src/sleep.o
                0x00010010                SLEEP_LowestEnergyModeGet
 .text.enterEMx
                0x00010050       0xa0 ./platform/emdrv/sleep/src/sleep.o
 .text.NVIC_EnableIRQ
                0x000100f0       0x30 ./platform/emdrv/tempdrv/src/tempdrv.o
 .text.NVIC_ClearPendingIRQ
                0x00010120       0x34 ./platform/emdrv/tempdrv/src/tempdrv.o
 .text.EMU_IntClear
                0x00010154       0x1c ./platform/emdrv/tempdrv/src/tempdrv.o
 .text.EMU_IntDisable
                0x00010170       0x24 ./platform/emdrv/tempdrv/src/tempdrv.o
 .text.EMU_IntEnable
                0x00010194       0x24 ./platform/emdrv/tempdrv/src/tempdrv.o
 .text.EMU_IntGetEnabled
                0x000101b8       0x24 ./platform/emdrv/tempdrv/src/tempdrv.o
 .text.EMU_IRQHandler
                0x000101dc        0xc ./platform/emdrv/tempdrv/src/tempdrv.o
                0x000101dc                EMU_IRQHandler
 .text.TEMPDRV_IRQHandler
                0x000101e8       0xa0 ./platform/emdrv/tempdrv/src/tempdrv.o
                0x000101e8                TEMPDRV_IRQHandler
 .text.errataCallback
                0x00010288       0x20 ./platform/emdrv/tempdrv/src/tempdrv.o
 .text.errataStateUpdate
                0x000102a8       0xbc ./platform/emdrv/tempdrv/src/tempdrv.o
 .text.errataInit
                0x00010364       0x8c ./platform/emdrv/tempdrv/src/tempdrv.o
 .text.convertToTemp
                0x000103f0       0x58 ./platform/emdrv/tempdrv/src/tempdrv.o
 .text.convertToEmu
                0x00010448       0x48 ./platform/emdrv/tempdrv/src/tempdrv.o
 .text.disableInterrupts
                0x00010490       0x18 ./platform/emdrv/tempdrv/src/tempdrv.o
 .text.updateInterrupts
                0x000104a8      0x140 ./platform/emdrv/tempdrv/src/tempdrv.o
 .text.TEMPDRV_Init
                0x000105e8       0xd4 ./platform/emdrv/tempdrv/src/tempdrv.o
                0x000105e8                TEMPDRV_Init
 .text.TEMPDRV_GetTemp
                0x000106bc       0x1c ./platform/emdrv/tempdrv/src/tempdrv.o
                0x000106bc                TEMPDRV_GetTemp
 .text.ADC_IntClear
                0x000106d8       0x1c ./platform/emlib/src/em_adc.o
 .text.BUS_RegBitWrite
                0x000106f4       0x2c ./platform/emlib/src/em_adc.o
 .text.BUS_RegMaskedSet
                0x00010720       0x24 ./platform/emlib/src/em_adc.o
 .text.BUS_RegMaskedClear
                0x00010744       0x24 ./platform/emlib/src/em_adc.o
 .text.BUS_RegMaskedWrite
                0x00010768       0x24 ./platform/emlib/src/em_adc.o
 .text.ADC_LoadDevinfoCal
                0x0001078c      0x1bc ./platform/emlib/src/em_adc.o
 .text.ADC_Init
                0x00010948       0xa8 ./platform/emlib/src/em_adc.o
                0x00010948                ADC_Init
 .text.ADC_InitSingle
                0x000109f0      0x150 ./platform/emlib/src/em_adc.o
                0x000109f0                ADC_InitSingle
 .text.ADC_PrescaleCalc
                0x00010b40       0x70 ./platform/emlib/src/em_adc.o
                0x00010b40                ADC_PrescaleCalc
 .text.BUS_RegBitWrite
                0x00010bb0       0x2c ./platform/emlib/src/em_cmu.o
 .text.BUS_RegBitRead
                0x00010bdc       0x2c ./platform/emlib/src/em_cmu.o
 .text.BUS_RegMaskedSet
                0x00010c08       0x24 ./platform/emlib/src/em_cmu.o
 .text.BUS_RegMaskedClear
                0x00010c2c       0x24 ./platform/emlib/src/em_cmu.o
 .text.BUS_RegMaskedWrite
                0x00010c50       0x24 ./platform/emlib/src/em_cmu.o
 .text.CMU_Log2ToDiv
                0x00010c74       0x1c ./platform/emlib/src/em_cmu.o
 .text.CMU_PrescToLog2
                0x00010c90       0x28 ./platform/emlib/src/em_cmu.o
 .text.setHfLeConfig
                0x00010cb8       0x64 ./platform/emlib/src/em_cmu.o
 .text.auxClkGet
                0x00010d1c       0x20 ./platform/emlib/src/em_cmu.o
 .text.hfSrcClkGet
                0x00010d3c       0x2c ./platform/emlib/src/em_cmu.o
 .text.dbgClkGet
                0x00010d68       0x40 ./platform/emlib/src/em_cmu.o
 .text.adcAsyncClkGet
                0x00010da8       0x80 ./platform/emlib/src/em_cmu.o
 .text.flashWaitStateControl
                0x00010e28       0x7c ./platform/emlib/src/em_cmu.o
 .text.flashWaitStateMax
                0x00010ea4       0x14 ./platform/emlib/src/em_cmu.o
 .text.CMU_UpdateWaitStates
                0x00010eb8       0x18 ./platform/emlib/src/em_cmu.o
                0x00010eb8                CMU_UpdateWaitStates
 .text.getRegIshUpperVal
                0x00010ed0       0x38 ./platform/emlib/src/em_cmu.o
 .text.getHfxoTuningMode
                0x00010f08       0x1c ./platform/emlib/src/em_cmu.o
 .text.setHfxoTuningMode
                0x00010f24       0x28 ./platform/emlib/src/em_cmu.o
 .text.lfClkGet
                0x00010f4c       0xf4 ./platform/emlib/src/em_cmu.o
 .text.syncReg  0x00011040       0x38 ./platform/emlib/src/em_cmu.o
 .text.CMU_ClockDivGet
                0x00011078       0x1c ./platform/emlib/src/em_cmu.o
                0x00011078                CMU_ClockDivGet
 .text.CMU_ClockDivSet
                0x00011094       0x1c ./platform/emlib/src/em_cmu.o
                0x00011094                CMU_ClockDivSet
 .text.CMU_ClockEnable
                0x000110b0       0xcc ./platform/emlib/src/em_cmu.o
                0x000110b0                CMU_ClockEnable
 .text.CMU_ClockFreqGet
                0x0001117c      0x198 ./platform/emlib/src/em_cmu.o
                0x0001117c                CMU_ClockFreqGet
 .text.CMU_ClockPrescGet
                0x00011314      0x120 ./platform/emlib/src/em_cmu.o
                0x00011314                CMU_ClockPrescGet
 .text.CMU_ClockPrescSet
                0x00011434      0x1e0 ./platform/emlib/src/em_cmu.o
                0x00011434                CMU_ClockPrescSet
 .text.CMU_ClockSelectGet
                0x00011614      0x19c ./platform/emlib/src/em_cmu.o
                0x00011614                CMU_ClockSelectGet
 .text.CMU_ClockSelectSet
                0x000117b0      0x260 ./platform/emlib/src/em_cmu.o
                0x000117b0                CMU_ClockSelectSet
 .text.CMU_HFXOAutostartEnable
                0x00011a10       0x7c ./platform/emlib/src/em_cmu.o
                0x00011a10                CMU_HFXOAutostartEnable
 .text.CMU_HFXOInit
                0x00011a8c       0xf4 ./platform/emlib/src/em_cmu.o
                0x00011a8c                CMU_HFXOInit
 .text.CMU_LFXOInit
                0x00011b80       0x50 ./platform/emlib/src/em_cmu.o
                0x00011b80                CMU_LFXOInit
 .text.CMU_OscillatorEnable
                0x00011bd0      0x174 ./platform/emlib/src/em_cmu.o
                0x00011bd0                CMU_OscillatorEnable
 .text.CMU_OscillatorTuningGet
                0x00011d44       0x74 ./platform/emlib/src/em_cmu.o
                0x00011d44                CMU_OscillatorTuningGet
 .text.CMU_OscillatorTuningSet
                0x00011db8      0x100 ./platform/emlib/src/em_cmu.o
                0x00011db8                CMU_OscillatorTuningSet
 .text.CMU_OscillatorTuningWait
                0x00011eb8       0x94 ./platform/emlib/src/em_cmu.o
                0x00011eb8                CMU_OscillatorTuningWait
 .text.CMU_OscillatorTuningOptimize
                0x00011f4c       0x58 ./platform/emlib/src/em_cmu.o
                0x00011f4c                CMU_OscillatorTuningOptimize
 .text.CORE_EnterCritical
                0x00011fa4       0x20 ./platform/emlib/src/em_core.o
                0x00011fa4                CORE_EnterCritical
 .text.CORE_ExitCritical
                0x00011fc4       0x1c ./platform/emlib/src/em_core.o
                0x00011fc4                CORE_ExitCritical
 .text.CORE_AtomicDisableIrq
                0x00011fe0       0x10 ./platform/emlib/src/em_core.o
                0x00011fe0                CORE_AtomicDisableIrq
 .text.CORE_AtomicEnableIrq
                0x00011ff0       0x10 ./platform/emlib/src/em_core.o
                0x00011ff0                CORE_AtomicEnableIrq
 .text.CORE_EnterAtomic
                0x00012000       0x20 ./platform/emlib/src/em_core.o
                0x00012000                CORE_EnterAtomic
 .text.CORE_ExitAtomic
                0x00012020       0x1c ./platform/emlib/src/em_core.o
                0x00012020                CORE_ExitAtomic
 .text.CORE_SetNvicRamTableHandler
                0x0001203c       0x44 ./platform/emlib/src/em_core.o
                0x0001203c                CORE_SetNvicRamTableHandler
 .text.CORE_InitNvicVectorTable
                0x00012080       0xc8 ./platform/emlib/src/em_core.o
                0x00012080                CORE_InitNvicVectorTable
 .text.CRYPTO_BurstFromCrypto
                0x00012148       0x40 ./platform/emlib/src/em_crypto.o
 .text.CRYPTO_ModulusSet
                0x00012188       0x88 ./platform/emlib/src/em_crypto.o
                0x00012188                CRYPTO_ModulusSet
 .text.CRYPTO_KeyRead
                0x00012210       0x38 ./platform/emlib/src/em_crypto.o
                0x00012210                CRYPTO_KeyRead
 .text.SystemCoreClockUpdate
                0x00012248        0xc ./platform/emlib/src/em_emu.o
 .text.BUS_RegBitWrite
                0x00012254       0x2c ./platform/emlib/src/em_emu.o
 .text.BUS_RegBitRead
                0x00012280       0x2c ./platform/emlib/src/em_emu.o
 .text.EMU_Unlock
                0x000122ac       0x18 ./platform/emlib/src/em_emu.o
 .text.CMU_Lock
                0x000122c4       0x18 ./platform/emlib/src/em_emu.o
 .text.CMU_Unlock
                0x000122dc       0x1c ./platform/emlib/src/em_emu.o
 .text.SYSTEM_GetDevinfoRev
                0x000122f8       0x18 ./platform/emlib/src/em_emu.o
 .text.emState  0x00012310       0xcc ./platform/emlib/src/em_emu.o
 .text.dcdcFetCntSet
                0x000123dc       0x50 ./platform/emlib/src/em_emu.o
 .text.dcdcHsFixLnBlock
                0x0001242c       0x48 ./platform/emlib/src/em_emu.o
 .text.EMU_EnterEM2
                0x00012474       0x50 ./platform/emlib/src/em_emu.o
                0x00012474                EMU_EnterEM2
 .text.EMU_EnterEM3
                0x000124c4       0x78 ./platform/emlib/src/em_emu.o
                0x000124c4                EMU_EnterEM3
 .text.EMU_Save
                0x0001253c        0xc ./platform/emlib/src/em_emu.o
                0x0001253c                EMU_Save
 .text.EMU_Restore
                0x00012548        0xc ./platform/emlib/src/em_emu.o
                0x00012548                EMU_Restore
 .text.EMU_EnterEM4
                0x00012554       0xbc ./platform/emlib/src/em_emu.o
                0x00012554                EMU_EnterEM4
 .text.dcdcConstCalibrationLoad
                0x00012610       0xc4 ./platform/emlib/src/em_emu.o
 .text.dcdcValidatedConfigSet
                0x000126d4       0xb0 ./platform/emlib/src/em_emu.o
 .text.currentLimitersUpdate
                0x00012784       0xe4 ./platform/emlib/src/em_emu.o
 .text.userCurrentLimitsSet
                0x00012868       0x2c ./platform/emlib/src/em_emu.o
 .text.compCtrlSet
                0x00012894       0x3c ./platform/emlib/src/em_emu.o
 .text.lpCmpHystCalibrationLoad
                0x000128d0       0xd0 ./platform/emlib/src/em_emu.o
 .text.lpGetDevinfoVrefLowHigh
                0x000129a0      0x164 ./platform/emlib/src/em_emu.o
 .text.EMU_DCDCModeSet
                0x00012b04       0xb8 ./platform/emlib/src/em_emu.o
                0x00012b04                EMU_DCDCModeSet
 .text.EMU_DCDCInit
                0x00012bbc      0x114 ./platform/emlib/src/em_emu.o
                0x00012bbc                EMU_DCDCInit
 .text.EMU_DCDCOutputVoltageSet
                0x00012cd0      0x20c ./platform/emlib/src/em_emu.o
                0x00012cd0                EMU_DCDCOutputVoltageSet
 .text.EMU_DCDCOptimizeSlice
                0x00012edc       0xd8 ./platform/emlib/src/em_emu.o
                0x00012edc                EMU_DCDCOptimizeSlice
 .text.EMU_DCDCLnRcoBandSet
                0x00012fb4       0x54 ./platform/emlib/src/em_emu.o
                0x00012fb4                EMU_DCDCLnRcoBandSet
 .text.EMU_SetBiasMode
                0x00013008       0xa4 ./platform/emlib/src/em_emu.o
                0x00013008                EMU_SetBiasMode
 .text.BUS_RegBitWrite
                0x000130ac       0x2c ./platform/emlib/src/em_gpio.o
 .text.BUS_RegMaskedSet
                0x000130d8       0x24 ./platform/emlib/src/em_gpio.o
 .text.BUS_RegMaskedClear
                0x000130fc       0x24 ./platform/emlib/src/em_gpio.o
 .text.BUS_RegMaskedWrite
                0x00013120       0x24 ./platform/emlib/src/em_gpio.o
 .text.GPIO_PinOutClear
                0x00013144       0x58 ./platform/emlib/src/em_gpio.o
 .text.GPIO_PinOutSet
                0x0001319c       0x58 ./platform/emlib/src/em_gpio.o
 .text.GPIO_DriveStrengthSet
                0x000131f4       0x60 ./platform/emlib/src/em_gpio.o
                0x000131f4                GPIO_DriveStrengthSet
 .text.GPIO_ExtIntConfig
                0x00013254      0x124 ./platform/emlib/src/em_gpio.o
                0x00013254                GPIO_ExtIntConfig
 .text.GPIO_PinModeSet
                0x00013378      0x10c ./platform/emlib/src/em_gpio.o
                0x00013378                GPIO_PinModeSet
 .text.BUS_RegBitWrite
                0x00013484       0x2c ./platform/emlib/src/em_i2c.o
 .text.BUS_RegMaskedSet
                0x000134b0       0x24 ./platform/emlib/src/em_i2c.o
 .text.BUS_RegMaskedClear
                0x000134d4       0x24 ./platform/emlib/src/em_i2c.o
 .text.BUS_RegMaskedWrite
                0x000134f8       0x24 ./platform/emlib/src/em_i2c.o
 .text.I2C_BusFreqSet
                0x0001351c       0xf8 ./platform/emlib/src/em_i2c.o
                0x0001351c                I2C_BusFreqSet
 .text.I2C_Enable
                0x00013614       0x20 ./platform/emlib/src/em_i2c.o
                0x00013614                I2C_Enable
 .text.I2C_Init
                0x00013634       0x5c ./platform/emlib/src/em_i2c.o
                0x00013634                I2C_Init
 .text.I2C_Transfer
                0x00013690      0x420 ./platform/emlib/src/em_i2c.o
                0x00013690                I2C_Transfer
 .text.I2C_TransferInit
                0x00013ab0       0xc0 ./platform/emlib/src/em_i2c.o
                0x00013ab0                I2C_TransferInit
 .text.LETIMER_CompareSet
                0x00013b70       0x58 ./platform/emlib/src/em_letimer.o
                0x00013b70                LETIMER_CompareSet
 .text.LETIMER_Enable
                0x00013bc8       0x2c ./platform/emlib/src/em_letimer.o
                0x00013bc8                LETIMER_Enable
 .text.LETIMER_Init
                0x00013bf4       0xd0 ./platform/emlib/src/em_letimer.o
                0x00013bf4                LETIMER_Init
 .text.MSC_Init
                0x00013cc4       0x24 ./platform/emlib/src/em_msc.o
                0x00013cc4                MSC_Init
 .text.MSC_Deinit
                0x00013ce8       0x24 ./platform/emlib/src/em_msc.o
                0x00013ce8                MSC_Deinit
 .text.RMU_ResetCauseClear
                0x00013d0c       0x18 ./platform/emlib/src/em_rmu.o
                0x00013d0c                RMU_ResetCauseClear
 .text.RMU_ResetCauseGet
                0x00013d24       0xdc ./platform/emlib/src/em_rmu.o
                0x00013d24                RMU_ResetCauseGet
 .text.BUS_RegBitWrite
                0x00013e00       0x2c ./platform/emlib/src/em_rtcc.o
 .text.RTCC_ChannelInit
                0x00013e2c       0x5c ./platform/emlib/src/em_rtcc.o
                0x00013e2c                RTCC_ChannelInit
 .text.RTCC_Enable
                0x00013e88       0x20 ./platform/emlib/src/em_rtcc.o
                0x00013e88                RTCC_Enable
 .text.RTCC_Init
                0x00013ea8       0x94 ./platform/emlib/src/em_rtcc.o
                0x00013ea8                RTCC_Init
 .text.SYSTEM_ChipRevisionGet
                0x00013f3c       0x78 ./platform/emlib/src/em_system.o
                0x00013f3c                SYSTEM_ChipRevisionGet
 .text.USART_BaudrateSyncSet
                0x00013fb4       0x40 ./platform/emlib/src/em_usart.o
                0x00013fb4                USART_BaudrateSyncSet
 .text.USART_InitSync
                0x00013ff4       0xf0 ./platform/emlib/src/em_usart.o
                0x00013ff4                USART_InitSync
 .text.USART_Reset
                0x000140e4       0x9c ./platform/emlib/src/em_usart.o
                0x000140e4                USART_Reset
 .text.USART_SpiTransfer
                0x00014180       0x40 ./platform/emlib/src/em_usart.o
                0x00014180                USART_SpiTransfer
 .text.USART_Tx
                0x000141c0       0x2c ./platform/emlib/src/em_usart.o
                0x000141c0                USART_Tx
 .text.USART_TxDouble
                0x000141ec       0x2c ./platform/emlib/src/em_usart.o
                0x000141ec                USART_TxDouble
 .text.cmu_init
                0x00014218       0xa4 ./src/cmu.o
                0x00014218                cmu_init
 .text.NVIC_EnableIRQ
                0x000142bc       0x30 ./src/gpio.o
 .text.NVIC_ClearPendingIRQ
                0x000142ec       0x34 ./src/gpio.o
 .text.GPIO_IntClear
                0x00014320       0x20 ./src/gpio.o
 .text.GPIO_IntDisable
                0x00014340       0x28 ./src/gpio.o
 .text.GPIO_IntGet
                0x00014368       0x18 ./src/gpio.o
 .text.GPIO_IntGetEnabled
                0x00014380       0x28 ./src/gpio.o
 .text.gecko_cmd_sm_passkey_confirm
                0x000143a8       0x5c ./src/gpio.o
 .text.gpio_init
                0x00014404       0xa8 ./src/gpio.o
                0x00014404                gpio_init
 .text.GPIO_EVEN_IRQHandler
                0x000144ac       0x4c ./src/gpio.o
                0x000144ac                GPIO_EVEN_IRQHandler
 .text.BUS_RegMaskedSet
                0x000144f8       0x24 ./src/i2c.o
 .text.BUS_RegMaskedClear
                0x0001451c       0x24 ./src/i2c.o
 .text.GPIO_PinOutClear
                0x00014540       0x58 ./src/i2c.o
 .text.GPIO_PinOutSet
                0x00014598       0x58 ./src/i2c.o
 .text.I2C_IntClear
                0x000145f0       0x1c ./src/i2c.o
 .text.i2c0_init
                0x0001460c       0x44 ./src/i2c.o
                0x0001460c                i2c0_init
 .text.i2c0_power
                0x00014650       0xa8 ./src/i2c.o
                0x00014650                i2c0_power
 .text.I2C0_IRQHandler
                0x000146f8       0x28 ./src/i2c.o
                0x000146f8                I2C0_IRQHandler
 .text.LCD_init
                0x00014720        0xc ./src/lcd.o
                0x00014720                LCD_init
 .text.LCD_clear_and_display
                0x0001472c       0x1c ./src/lcd.o
                0x0001472c                LCD_clear_and_display
 .text.LCD_passkey_display
                0x00014748       0x30 ./src/lcd.o
                0x00014748                LCD_passkey_display
 .text.NVIC_EnableIRQ
                0x00014778       0x30 ./src/letimer.o
 .text.LETIMER_IntClear
                0x000147a8       0x1c ./src/letimer.o
 .text.LETIMER_IntEnable
                0x000147c4       0x20 ./src/letimer.o
 *fill*         0x000147e4        0x4 
 .text.letimer0_init
                0x000147e8       0xd0 ./src/letimer.o
                0x000147e8                letimer0_init
 .text.LETIMER0_IRQHandler
                0x000148b8       0x44 ./src/letimer.o
                0x000148b8                LETIMER0_IRQHandler
 .text.read8    0x000148fc       0xcc ./src/read_write.o
                0x000148fc                read8
 .text.read16   0x000149c8       0xe4 ./src/read_write.o
                0x000149c8                read16
 .text.TIMER_Valid
                0x00014aac       0x38 ./src/timer.o
 .text.TIMER_Enable
                0x00014ae4       0x2c ./src/timer.o
 .text.TIMER_IntClear
                0x00014b10       0x1c ./src/timer.o
 .text.TIMER0_IRQHandler
                0x00014b2c       0x4c ./src/timer.o
                0x00014b2c                TIMER0_IRQHandler
 .text.RAIL_ConfigPti
                0x00014b78        0x6 C:\Users\sridh\OneDrive\Desktop\New folder (2)\IoT_Project_Server\platform\radio\rail_lib\autogen\librail_release\librail_efr32xg1_gcc_release.a(rail_pti.o)
                0x00014b78                RAIL_ConfigPti
 .text.RAIL_EnablePti
                0x00014b7e        0x6 C:\Users\sridh\OneDrive\Desktop\New folder (2)\IoT_Project_Server\platform\radio\rail_lib\autogen\librail_release\librail_efr32xg1_gcc_release.a(rail_pti.o)
                0x00014b7e                RAIL_EnablePti
 .text.eventDefault
                0x00014b84        0x2 C:\Users\sridh\OneDrive\Desktop\New folder (2)\IoT_Project_Server\platform\radio\rail_lib\autogen\librail_release\librail_efr32xg1_gcc_release.a(rail_rf_hal.o)
 *fill*         0x00014b86        0x2 
 .text.setRssiPeriod
                0x00014b88       0x18 C:\Users\sridh\OneDrive\Desktop\New folder (2)\IoT_Project_Server\platform\radio\rail_lib\autogen\librail_release\librail_efr32xg1_gcc_release.a(rail_rf_hal.o)
 .text.RFHAL_NotifyUserOfIrCal
                0x00014ba0       0x80 C:\Users\sridh\OneDrive\Desktop\New folder (2)\IoT_Project_Server\platform\radio\rail_lib\autogen\librail_release\librail_efr32xg1_gcc_release.a(rail_rf_hal.o)
 .text.GENERIC_PHY_EventCallback
                0x00014c20      0x19c C:\Users\sridh\OneDrive\Desktop\New folder (2)\IoT_Project_Server\platform\radio\rail_lib\autogen\librail_release\librail_efr32xg1_gcc_release.a(rail_rf_hal.o)
                0x00014c20                GENERIC_PHY_EventCallback
 .text.RFHAL_IntEnable
                0x00014dbc       0x56 C:\Users\sridh\OneDrive\Desktop\New folder (2)\IoT_Project_Server\platform\radio\rail_lib\autogen\librail_release\librail_efr32xg1_gcc_release.a(rail_rf_hal.o)
                0x00014dbc                RFHAL_IntEnable
 *fill*         0x00014e12        0x2 
 .text.RFHAL_SetEventCallback
                0x00014e14       0x18 C:\Users\sridh\OneDrive\Desktop\New folder (2)\IoT_Project_Server\platform\radio\rail_lib\autogen\librail_release\librail_efr32xg1_gcc_release.a(rail_rf_hal.o)
                0x00014e14                RFHAL_SetEventCallback
 .text.RFHAL_SetPtiProtocol
                0x00014e2c       0x20 C:\Users\sridh\OneDrive\Desktop\New folder (2)\IoT_Project_Server\platform\radio\rail_lib\autogen\librail_release\librail_efr32xg1_gcc_release.a(rail_rf_hal.o)
                0x00014e2c                RFHAL_SetPtiProtocol
 .text.RFHAL_Idle
                0x00014e4c       0x40 C:\Users\sridh\OneDrive\Desktop\New folder (2)\IoT_Project_Server\platform\radio\rail_lib\autogen\librail_release\librail_efr32xg1_gcc_release.a(rail_rf_hal.o)
                0x00014e4c                RFHAL_Idle
 .text.RFHAL_GetRadioState
                0x00014e8c       0x7c C:\Users\sridh\OneDrive\Desktop\New folder (2)\IoT_Project_Server\platform\radio\rail_lib\autogen\librail_release\librail_efr32xg1_gcc_release.a(rail_rf_hal.o)
                0x00014e8c                RFHAL_GetRadioState
 .text.RFHAL_OkToTransmit
                0x00014f08       0x14 C:\Users\sridh\OneDrive\Desktop\New folder (2)\IoT_Project_Server\platform\radio\rail_lib\autogen\librail_release\librail_efr32xg1_gcc_release.a(rail_rf_hal.o)
                0x00014f08                RFHAL_OkToTransmit
 .text.RFHAL_ScheduleRx
                0x00014f1c       0x74 C:\Users\sridh\OneDrive\Desktop\New folder (2)\IoT_Project_Server\platform\radio\rail_lib\autogen\librail_release\librail_efr32xg1_gcc_release.a(rail_rf_hal.o)
                0x00014f1c                RFHAL_ScheduleRx
 .text.RFHAL_EnableRxRawCapture
                0x00014f90       0x5c C:\Users\sridh\OneDrive\Desktop\New folder (2)\IoT_Project_Server\platform\radio\rail_lib\autogen\librail_release\librail_efr32xg1_gcc_release.a(rail_rf_hal.o)
                0x00014f90                RFHAL_EnableRxRawCapture
 .text.RFHAL_DisableRxRawCapture
                0x00014fec       0x38 C:\Users\sridh\OneDrive\Desktop\New folder (2)\IoT_Project_Server\platform\radio\rail_lib\autogen\librail_release\librail_efr32xg1_gcc_release.a(rail_rf_hal.o)
                0x00014fec                RFHAL_DisableRxRawCapture
 .text.RFHAL_AcceptCrcErrors
                0x00015024       0x18 C:\Users\sridh\OneDrive\Desktop\New folder (2)\IoT_Project_Server\platform\radio\rail_lib\autogen\librail_release\librail_efr32xg1_gcc_release.a(rail_rf_hal.o)
                0x00015024                RFHAL_AcceptCrcErrors
 .text.RFHAL_ConfigRxOptions
                0x0001503c       0x74 C:\Users\sridh\OneDrive\Desktop\New folder (2)\IoT_Project_Server\platform\radio\rail_lib\autogen\librail_release\librail_efr32xg1_gcc_release.a(rail_rf_hal.o)
                0x0001503c                RFHAL_ConfigRxOptions
 .text.RFHAL_CancelTimer
                0x000150b0       0x28 C:\Users\sridh\OneDrive\Desktop\New folder (2)\IoT_Project_Server\platform\radio\rail_lib\autogen\librail_release\librail_efr32xg1_gcc_release.a(rail_rf_hal.o)
                0x000150b0                RFHAL_CancelTimer
 .text.RFHAL_SetTimer
                0x000150d8       0x80 C:\Users\sridh\OneDrive\Desktop\New folder (2)\IoT_Project_Server\platform\radio\rail_lib\autogen\librail_release\librail_efr32xg1_gcc_release.a(rail_rf_hal.o)
                0x000150d8                RFHAL_SetTimer
 .text.RFHAL_SetTxTransitions
                0x00015158       0x1c C:\Users\sridh\OneDrive\Desktop\New folder (2)\IoT_Project_Server\platform\radio\rail_lib\autogen\librail_release\librail_efr32xg1_gcc_release.a(rail_rf_hal.o)
                0x00015158                RFHAL_SetTxTransitions
 .text.RFHAL_SetRxTransitions
                0x00015174       0x1c C:\Users\sridh\OneDrive\Desktop\New folder (2)\IoT_Project_Server\platform\radio\rail_lib\autogen\librail_release\librail_efr32xg1_gcc_release.a(rail_rf_hal.o)
                0x00015174                RFHAL_SetRxTransitions
 .text.RFHAL_SetCRCInitVal
                0x00015190        0x4 C:\Users\sridh\OneDrive\Desktop\New folder (2)\IoT_Project_Server\platform\radio\rail_lib\autogen\librail_release\librail_efr32xg1_gcc_release.a(rail_rf_hal.o)
                0x00015190                RFHAL_SetCRCInitVal
 .text.RFHAL_ConfigTxPower
                0x00015194        0xc C:\Users\sridh\OneDrive\Desktop\New folder (2)\IoT_Project_Server\platform\radio\rail_lib\autogen\librail_release\librail_efr32xg1_gcc_release.a(rail_rf_hal.o)
                0x00015194                RFHAL_ConfigTxPower
 .text.RFHAL_SetTxPowerUnchecked
                0x000151a0       0x18 C:\Users\sridh\OneDrive\Desktop\New folder (2)\IoT_Project_Server\platform\radio\rail_lib\autogen\librail_release\librail_efr32xg1_gcc_release.a(rail_rf_hal.o)
                0x000151a0                RFHAL_SetTxPowerUnchecked
 .text.RFHAL_SetTxPower
                0x000151b8       0x3c C:\Users\sridh\OneDrive\Desktop\New folder (2)\IoT_Project_Server\platform\radio\rail_lib\autogen\librail_release\librail_efr32xg1_gcc_release.a(rail_rf_hal.o)
                0x000151b8                RFHAL_SetTxPower
 .text.RFHAL_GetTxPowerConfig
                0x000151f4        0xc C:\Users\sridh\OneDrive\Desktop\New folder (2)\IoT_Project_Server\platform\radio\rail_lib\autogen\librail_release\librail_efr32xg1_gcc_release.a(rail_rf_hal.o)
                0x000151f4                RFHAL_GetTxPowerConfig
 .text.RFHAL_GetTxPower
                0x00015200        0x4 C:\Users\sridh\OneDrive\Desktop\New folder (2)\IoT_Project_Server\platform\radio\rail_lib\autogen\librail_release\librail_efr32xg1_gcc_release.a(rail_rf_hal.o)
                0x00015200                RFHAL_GetTxPower
 .text.RFHAL_SetChannel
                0x00015204       0x98 C:\Users\sridh\OneDrive\Desktop\New folder (2)\IoT_Project_Server\platform\radio\rail_lib\autogen\librail_release\librail_efr32xg1_gcc_release.a(rail_rf_hal.o)
                0x00015204                RFHAL_SetChannel
 .text.RFHAL_IsAutoAckEnabled
                0x0001529c        0x6 C:\Users\sridh\OneDrive\Desktop\New folder (2)\IoT_Project_Server\platform\radio\rail_lib\autogen\librail_release\librail_efr32xg1_gcc_release.a(rail_rf_hal.o)
                0x0001529c                RFHAL_IsAutoAckEnabled
 *fill*         0x000152a2        0x2 
 .text.RFHAL_AutoAckWaitForAck
                0x000152a4       0x18 C:\Users\sridh\OneDrive\Desktop\New folder (2)\IoT_Project_Server\platform\radio\rail_lib\autogen\librail_release\librail_efr32xg1_gcc_release.a(rail_rf_hal.o)
                0x000152a4                RFHAL_AutoAckWaitForAck
 .text.preTxOps
                0x000152bc       0xc4 C:\Users\sridh\OneDrive\Desktop\New folder (2)\IoT_Project_Server\platform\radio\rail_lib\autogen\librail_release\librail_efr32xg1_gcc_release.a(rail_rf_hal.o)
 .text.RFHAL_StartTx
                0x00015380       0x12 C:\Users\sridh\OneDrive\Desktop\New folder (2)\IoT_Project_Server\platform\radio\rail_lib\autogen\librail_release\librail_efr32xg1_gcc_release.a(rail_rf_hal.o)
                0x00015380                RFHAL_StartTx
 .text.RFHAL_StartScheduledTx
                0x00015392       0x3a C:\Users\sridh\OneDrive\Desktop\New folder (2)\IoT_Project_Server\platform\radio\rail_lib\autogen\librail_release\librail_efr32xg1_gcc_release.a(rail_rf_hal.o)
                0x00015392                RFHAL_StartScheduledTx
 .text.RFHAL_GetRxPacketInfo
                0x000153cc       0x48 C:\Users\sridh\OneDrive\Desktop\New folder (2)\IoT_Project_Server\platform\radio\rail_lib\autogen\librail_release\librail_efr32xg1_gcc_release.a(rail_rf_hal.o)
                0x000153cc                RFHAL_GetRxPacketInfo
 .text.RFHAL_GetRxPacketDetails
                0x00015414       0xcc C:\Users\sridh\OneDrive\Desktop\New folder (2)\IoT_Project_Server\platform\radio\rail_lib\autogen\librail_release\librail_efr32xg1_gcc_release.a(rail_rf_hal.o)
                0x00015414                RFHAL_GetRxPacketDetails
 .text.RFHAL_SetTxBuffer
                0x000154e0       0x3a C:\Users\sridh\OneDrive\Desktop\New folder (2)\IoT_Project_Server\platform\radio\rail_lib\autogen\librail_release\librail_efr32xg1_gcc_release.a(rail_rf_hal.o)
                0x000154e0                RFHAL_SetTxBuffer
 *fill*         0x0001551a        0x2 
 .text.RFHAL_ResetTxFifo
                0x0001551c       0x2c C:\Users\sridh\OneDrive\Desktop\New folder (2)\IoT_Project_Server\platform\radio\rail_lib\autogen\librail_release\librail_efr32xg1_gcc_release.a(rail_rf_hal.o)
                0x0001551c                RFHAL_ResetTxFifo
 .text.RFHAL_WriteTxFifo
                0x00015548       0x28 C:\Users\sridh\OneDrive\Desktop\New folder (2)\IoT_Project_Server\platform\radio\rail_lib\autogen\librail_release\librail_efr32xg1_gcc_release.a(rail_rf_hal.o)
                0x00015548                RFHAL_WriteTxFifo
 .text.RFHAL_ResetRxFifo
                0x00015570       0x40 C:\Users\sridh\OneDrive\Desktop\New folder (2)\IoT_Project_Server\platform\radio\rail_lib\autogen\librail_release\librail_efr32xg1_gcc_release.a(rail_rf_hal.o)
                0x00015570                RFHAL_ResetRxFifo
 .text.RFHAL_ConfigData
                0x000155b0       0x7c C:\Users\sridh\OneDrive\Desktop\New folder (2)\IoT_Project_Server\platform\radio\rail_lib\autogen\librail_release\librail_efr32xg1_gcc_release.a(rail_rf_hal.o)
                0x000155b0                RFHAL_ConfigData
 .text.RFHAL_Init
                0x0001562c       0xa0 C:\Users\sridh\OneDrive\Desktop\New folder (2)\IoT_Project_Server\platform\radio\rail_lib\autogen\librail_release\librail_efr32xg1_gcc_release.a(rail_rf_hal.o)
                0x0001562c                RFHAL_Init
 .text.RFHAL_SetFixedLength
                0x000156cc       0x8c C:\Users\sridh\OneDrive\Desktop\New folder (2)\IoT_Project_Server\platform\radio\rail_lib\autogen\librail_release\librail_efr32xg1_gcc_release.a(rail_rf_hal.o)
                0x000156cc                RFHAL_SetFixedLength
 .text.RFHAL_SetAbortScheduledTxDuringRx
                0x00015758       0x18 C:\Users\sridh\OneDrive\Desktop\New folder (2)\IoT_Project_Server\platform\radio\rail_lib\autogen\librail_release\librail_efr32xg1_gcc_release.a(rail_rf_hal.o)
                0x00015758                RFHAL_SetAbortScheduledTxDuringRx
 .text.RFHAL_ConfigRadio
                0x00015770       0xe0 C:\Users\sridh\OneDrive\Desktop\New folder (2)\IoT_Project_Server\platform\radio\rail_lib\autogen\librail_release\librail_efr32xg1_gcc_release.a(rail_rf_hal.o)
                0x00015770                RFHAL_ConfigRadio
 .text.RFHAL_GetTime
                0x00015850        0xe C:\Users\sridh\OneDrive\Desktop\New folder (2)\IoT_Project_Server\platform\radio\rail_lib\autogen\librail_release\librail_efr32xg1_gcc_release.a(rail_rf_hal.o)
                0x00015850                RFHAL_GetTime
 .text.RFHAL_GetRadioEntropy
                0x0001585e        0x4 C:\Users\sridh\OneDrive\Desktop\New folder (2)\IoT_Project_Server\platform\radio\rail_lib\autogen\librail_release\librail_efr32xg1_gcc_release.a(rail_rf_hal.o)
                0x0001585e                RFHAL_GetRadioEntropy
 .text.RFHAL_SetStateTiming
                0x00015862       0x4e C:\Users\sridh\OneDrive\Desktop\New folder (2)\IoT_Project_Server\platform\radio\rail_lib\autogen\librail_release\librail_efr32xg1_gcc_release.a(rail_rf_hal.o)
                0x00015862                RFHAL_SetStateTiming
 .text.RFHAL_ConfigPti
                0x000158b0        0x4 C:\Users\sridh\OneDrive\Desktop\New folder (2)\IoT_Project_Server\platform\radio\rail_lib\autogen\librail_release\librail_efr32xg1_gcc_release.a(rail_rf_hal.o)
                0x000158b0                RFHAL_ConfigPti
 .text.RFHAL_EnablePti
                0x000158b4        0x4 C:\Users\sridh\OneDrive\Desktop\New folder (2)\IoT_Project_Server\platform\radio\rail_lib\autogen\librail_release\librail_efr32xg1_gcc_release.a(rail_rf_hal.o)
                0x000158b4                RFHAL_EnablePti
 .text.RAIL_Init
                0x000158b8       0x20 C:\Users\sridh\OneDrive\Desktop\New folder (2)\IoT_Project_Server\platform\radio\rail_lib\autogen\librail_release\librail_efr32xg1_gcc_release.a(rail_singleprotocol.o)
                0x000158b8                RAIL_Init
 .text.RAIL_GetSchedulerStatus
                0x000158d8        0x4 C:\Users\sridh\OneDrive\Desktop\New folder (2)\IoT_Project_Server\platform\radio\rail_lib\autogen\librail_release\librail_efr32xg1_gcc_release.a(rail_singleprotocol.o)
                0x000158d8                RAIL_GetSchedulerStatus
 .text.RAIL_Idle
                0x000158dc        0x8 C:\Users\sridh\OneDrive\Desktop\New folder (2)\IoT_Project_Server\platform\radio\rail_lib\autogen\librail_release\librail_efr32xg1_gcc_release.a(rail_singleprotocol.o)
                0x000158dc                RAIL_Idle
 .text.RAIL_YieldRadio
                0x000158e4        0x2 C:\Users\sridh\OneDrive\Desktop\New folder (2)\IoT_Project_Server\platform\radio\rail_lib\autogen\librail_release\librail_efr32xg1_gcc_release.a(rail_singleprotocol.o)
                0x000158e4                RAIL_YieldRadio
 .text.RAIL_GetRadioEntropy
                0x000158e6        0x8 C:\Users\sridh\OneDrive\Desktop\New folder (2)\IoT_Project_Server\platform\radio\rail_lib\autogen\librail_release\librail_efr32xg1_gcc_release.a(rail_singleprotocol.o)
                0x000158e6                RAIL_GetRadioEntropy
 .text.RAIL_SetTimer
                0x000158ee       0x14 C:\Users\sridh\OneDrive\Desktop\New folder (2)\IoT_Project_Server\platform\radio\rail_lib\autogen\librail_release\librail_efr32xg1_gcc_release.a(rail_singleprotocol.o)
                0x000158ee                RAIL_SetTimer
 .text.RAIL_CancelTimer
                0x00015902        0x4 C:\Users\sridh\OneDrive\Desktop\New folder (2)\IoT_Project_Server\platform\radio\rail_lib\autogen\librail_release\librail_efr32xg1_gcc_release.a(rail_singleprotocol.o)
                0x00015902                RAIL_CancelTimer
 .text.RAIL_StartTx
                0x00015906        0xa C:\Users\sridh\OneDrive\Desktop\New folder (2)\IoT_Project_Server\platform\radio\rail_lib\autogen\librail_release\librail_efr32xg1_gcc_release.a(rail_singleprotocol.o)
                0x00015906                RAIL_StartTx
 .text.RAIL_StartScheduledTx
                0x00015910        0xa C:\Users\sridh\OneDrive\Desktop\New folder (2)\IoT_Project_Server\platform\radio\rail_lib\autogen\librail_release\librail_efr32xg1_gcc_release.a(rail_singleprotocol.o)
                0x00015910                RAIL_StartScheduledTx
 .text.RAIL_ScheduleRx
                0x0001591a        0xa C:\Users\sridh\OneDrive\Desktop\New folder (2)\IoT_Project_Server\platform\radio\rail_lib\autogen\librail_release\librail_efr32xg1_gcc_release.a(rail_singleprotocol.o)
                0x0001591a                RAIL_ScheduleRx
 .text.radioConfigChangedDefault
                0x00015924        0x2 C:\Users\sridh\OneDrive\Desktop\New folder (2)\IoT_Project_Server\platform\radio\rail_lib\autogen\librail_release\librail_efr32xg1_gcc_release.a(rail_rf.o)
 .text.isTransitionState
                0x00015926       0x12 C:\Users\sridh\OneDrive\Desktop\New folder (2)\IoT_Project_Server\platform\radio\rail_lib\autogen\librail_release\librail_efr32xg1_gcc_release.a(rail_rf.o)
 .text.RAILCore_Init
                0x00015938       0x12 C:\Users\sridh\OneDrive\Desktop\New folder (2)\IoT_Project_Server\platform\radio\rail_lib\autogen\librail_release\librail_efr32xg1_gcc_release.a(rail_rf.o)
                0x00015938                RAILCore_Init
 *fill*         0x0001594a        0x2 
 .text.RAILInt_SetCallbackConfig
                0x0001594c       0x20 C:\Users\sridh\OneDrive\Desktop\New folder (2)\IoT_Project_Server\platform\radio\rail_lib\autogen\librail_release\librail_efr32xg1_gcc_release.a(rail_rf.o)
                0x0001594c                RAILInt_SetCallbackConfig
 .text.RAILCore_Idle
                0x0001596c       0x14 C:\Users\sridh\OneDrive\Desktop\New folder (2)\IoT_Project_Server\platform\radio\rail_lib\autogen\librail_release\librail_efr32xg1_gcc_release.a(rail_rf.o)
                0x0001596c                RAILCore_Idle
 .text.RAILCore_GetRadioState
                0x00015980        0x4 C:\Users\sridh\OneDrive\Desktop\New folder (2)\IoT_Project_Server\platform\radio\rail_lib\autogen\librail_release\librail_efr32xg1_gcc_release.a(rail_rf.o)
                0x00015980                RAILCore_GetRadioState
 .text.RAIL_SetStateTiming
                0x00015984        0xa C:\Users\sridh\OneDrive\Desktop\New folder (2)\IoT_Project_Server\platform\radio\rail_lib\autogen\librail_release\librail_efr32xg1_gcc_release.a(rail_rf.o)
                0x00015984                RAIL_SetStateTiming
 *fill*         0x0001598e        0x2 
 .text.RAILInt_IsPowerInRange
                0x00015990       0x3c C:\Users\sridh\OneDrive\Desktop\New folder (2)\IoT_Project_Server\platform\radio\rail_lib\autogen\librail_release\librail_efr32xg1_gcc_release.a(rail_rf.o)
                0x00015990                RAILInt_IsPowerInRange
 .text.RAILInt_SetChannel
                0x000159cc      0x1d8 C:\Users\sridh\OneDrive\Desktop\New folder (2)\IoT_Project_Server\platform\radio\rail_lib\autogen\librail_release\librail_efr32xg1_gcc_release.a(rail_rf.o)
                0x000159cc                RAILInt_SetChannel
 .text.RAILCore_ConfigChannels
                0x00015ba4       0x58 C:\Users\sridh\OneDrive\Desktop\New folder (2)\IoT_Project_Server\platform\radio\rail_lib\autogen\librail_release\librail_efr32xg1_gcc_release.a(rail_rf.o)
                0x00015ba4                RAILCore_ConfigChannels
 .text.RAILInt_GetChannel
                0x00015bfc        0x4 C:\Users\sridh\OneDrive\Desktop\New folder (2)\IoT_Project_Server\platform\radio\rail_lib\autogen\librail_release\librail_efr32xg1_gcc_release.a(rail_rf.o)
                0x00015bfc                RAILInt_GetChannel
 .text.RAILCore_SetTxTransitions
                0x00015c00       0x3c C:\Users\sridh\OneDrive\Desktop\New folder (2)\IoT_Project_Server\platform\radio\rail_lib\autogen\librail_release\librail_efr32xg1_gcc_release.a(rail_rf.o)
                0x00015c00                RAILCore_SetTxTransitions
 .text.RAIL_SetTxTransitions
                0x00015c3c        0xa C:\Users\sridh\OneDrive\Desktop\New folder (2)\IoT_Project_Server\platform\radio\rail_lib\autogen\librail_release\librail_efr32xg1_gcc_release.a(rail_rf.o)
                0x00015c3c                RAIL_SetTxTransitions
 .text.RAILCore_SetRxTransitions
                0x00015c46       0x38 C:\Users\sridh\OneDrive\Desktop\New folder (2)\IoT_Project_Server\platform\radio\rail_lib\autogen\librail_release\librail_efr32xg1_gcc_release.a(rail_rf.o)
                0x00015c46                RAILCore_SetRxTransitions
 .text.RAIL_SetRxTransitions
                0x00015c7e        0xa C:\Users\sridh\OneDrive\Desktop\New folder (2)\IoT_Project_Server\platform\radio\rail_lib\autogen\librail_release\librail_efr32xg1_gcc_release.a(rail_rf.o)
                0x00015c7e                RAIL_SetRxTransitions
 .text.RAIL_ConfigEvents
                0x00015c88       0x14 C:\Users\sridh\OneDrive\Desktop\New folder (2)\IoT_Project_Server\platform\radio\rail_lib\autogen\librail_release\librail_efr32xg1_gcc_release.a(rail_rf.o)
                0x00015c88                RAIL_ConfigEvents
 .text.RAIL_ConfigRxOptions
                0x00015c9c        0xa C:\Users\sridh\OneDrive\Desktop\New folder (2)\IoT_Project_Server\platform\radio\rail_lib\autogen\librail_release\librail_efr32xg1_gcc_release.a(rail_rx.o)
                0x00015c9c                RAIL_ConfigRxOptions
 .text.RAILCore_ScheduleRx
                0x00015ca6       0x2c C:\Users\sridh\OneDrive\Desktop\New folder (2)\IoT_Project_Server\platform\radio\rail_lib\autogen\librail_release\librail_efr32xg1_gcc_release.a(rail_rx.o)
                0x00015ca6                RAILCore_ScheduleRx
 .text.RAILInt_PreTxOps
                0x00015cd2       0x1c C:\Users\sridh\OneDrive\Desktop\New folder (2)\IoT_Project_Server\platform\radio\rail_lib\autogen\librail_release\librail_efr32xg1_gcc_release.a(rail_tx.o)
                0x00015cd2                RAILInt_PreTxOps
 .text.RAILCore_StartTx
                0x00015cee       0x1a C:\Users\sridh\OneDrive\Desktop\New folder (2)\IoT_Project_Server\platform\radio\rail_lib\autogen\librail_release\librail_efr32xg1_gcc_release.a(rail_tx.o)
                0x00015cee                RAILCore_StartTx
 .text.RAILCore_StartScheduledTx
                0x00015d08       0x1e C:\Users\sridh\OneDrive\Desktop\New folder (2)\IoT_Project_Server\platform\radio\rail_lib\autogen\librail_release\librail_efr32xg1_gcc_release.a(rail_tx.o)
                0x00015d08                RAILCore_StartScheduledTx
 .text.RAIL_SetTxPower
                0x00015d26        0xa C:\Users\sridh\OneDrive\Desktop\New folder (2)\IoT_Project_Server\platform\radio\rail_lib\autogen\librail_release\librail_efr32xg1_gcc_release.a(rail_tx.o)
                0x00015d26                RAIL_SetTxPower
 .text.RAIL_GetTxPower
                0x00015d30        0xa C:\Users\sridh\OneDrive\Desktop\New folder (2)\IoT_Project_Server\platform\radio\rail_lib\autogen\librail_release\librail_efr32xg1_gcc_release.a(rail_tx.o)
                0x00015d30                RAIL_GetTxPower
 .text.RAIL_ConfigTxPower
                0x00015d3a       0x1a C:\Users\sridh\OneDrive\Desktop\New folder (2)\IoT_Project_Server\platform\radio\rail_lib\autogen\librail_release\librail_efr32xg1_gcc_release.a(rail_tx.o)
                0x00015d3a                RAIL_ConfigTxPower
 .text.RAILInt_PendCal
                0x00015d54       0x24 C:\Users\sridh\OneDrive\Desktop\New folder (2)\IoT_Project_Server\platform\radio\rail_lib\autogen\librail_release\librail_efr32xg1_gcc_release.a(rail_calibration.o)
                0x00015d54                RAILInt_PendCal
 .text.RAILCb_AssertFailed
                0x00015d78       0x14 C:\Users\sridh\OneDrive\Desktop\New folder (2)\IoT_Project_Server\platform\radio\rail_lib\autogen\librail_release\librail_efr32xg1_gcc_release.a(rail_assert.o)
                0x00015d78                RAILCb_AssertFailed
 .text.RAILInt_Assert
                0x00015d8c       0x1c C:\Users\sridh\OneDrive\Desktop\New folder (2)\IoT_Project_Server\platform\radio\rail_lib\autogen\librail_release\librail_efr32xg1_gcc_release.a(rail_assert.o)
                0x00015d8c                RAILInt_Assert
 .text.RAILCore_GetRadioEntropy
                0x00015da8        0x4 C:\Users\sridh\OneDrive\Desktop\New folder (2)\IoT_Project_Server\platform\radio\rail_lib\autogen\librail_release\librail_efr32xg1_gcc_release.a(rail_rssi.o)
                0x00015da8                RAILCore_GetRadioEntropy
 .text.BUFC_ReadHelper
                0x00015dac       0x7c C:\Users\sridh\OneDrive\Desktop\New folder (2)\IoT_Project_Server\platform\radio\rail_lib\autogen\librail_release\librail_efr32xg1_gcc_release.a(bufc.o)
 .text.checkAndAddRxLenOverflowEntry
                0x00015e28       0x3c C:\Users\sridh\OneDrive\Desktop\New folder (2)\IoT_Project_Server\platform\radio\rail_lib\autogen\librail_release\librail_efr32xg1_gcc_release.a(bufc.o)
 .text.BUFC_SetTxBuffer
                0x00015e64       0x38 C:\Users\sridh\OneDrive\Desktop\New folder (2)\IoT_Project_Server\platform\radio\rail_lib\autogen\librail_release\librail_efr32xg1_gcc_release.a(bufc.o)
                0x00015e64                BUFC_SetTxBuffer
 .text.BUFC_WriteBuffer
                0x00015e9c       0xa8 C:\Users\sridh\OneDrive\Desktop\New folder (2)\IoT_Project_Server\platform\radio\rail_lib\autogen\librail_release\librail_efr32xg1_gcc_release.a(bufc.o)
                0x00015e9c                BUFC_WriteBuffer
 .text.BUFC_Peek
                0x00015f44       0x12 C:\Users\sridh\OneDrive\Desktop\New folder (2)\IoT_Project_Server\platform\radio\rail_lib\autogen\librail_release\librail_efr32xg1_gcc_release.a(bufc.o)
                0x00015f44                BUFC_Peek
 .text.BUFC_PeekByte
                0x00015f56       0x34 C:\Users\sridh\OneDrive\Desktop\New folder (2)\IoT_Project_Server\platform\radio\rail_lib\autogen\librail_release\librail_efr32xg1_gcc_release.a(bufc.o)
                0x00015f56                BUFC_PeekByte
 *fill*         0x00015f8a        0x2 
 .text.BUFC_GetSpaceAvailable
                0x00015f8c       0x28 C:\Users\sridh\OneDrive\Desktop\New folder (2)\IoT_Project_Server\platform\radio\rail_lib\autogen\librail_release\librail_efr32xg1_gcc_release.a(bufc.o)
                0x00015f8c                BUFC_GetSpaceAvailable
 .text.BUFC_GetBytesAvailable
                0x00015fb4       0x14 C:\Users\sridh\OneDrive\Desktop\New folder (2)\IoT_Project_Server\platform\radio\rail_lib\autogen\librail_release\librail_efr32xg1_gcc_release.a(bufc.o)
                0x00015fb4                BUFC_GetBytesAvailable
 .text.BUFC_TxAckBufferSet
                0x00015fc8       0x38 C:\Users\sridh\OneDrive\Desktop\New folder (2)\IoT_Project_Server\platform\radio\rail_lib\autogen\librail_release\librail_efr32xg1_gcc_release.a(bufc.o)
                0x00015fc8                BUFC_TxAckBufferSet
 .text.BUFC_TxAckBufferReset
                0x00016000        0x8 C:\Users\sridh\OneDrive\Desktop\New folder (2)\IoT_Project_Server\platform\radio\rail_lib\autogen\librail_release\librail_efr32xg1_gcc_release.a(bufc.o)
                0x00016000                BUFC_TxAckBufferReset
 .text.BUFC_RxBufferReset
                0x00016008       0x5c C:\Users\sridh\OneDrive\Desktop\New folder (2)\IoT_Project_Server\platform\radio\rail_lib\autogen\librail_release\librail_efr32xg1_gcc_release.a(bufc.o)
                0x00016008                BUFC_RxBufferReset
 .text.BUFC_Init
                0x00016064       0x98 C:\Users\sridh\OneDrive\Desktop\New folder (2)\IoT_Project_Server\platform\radio\rail_lib\autogen\librail_release\librail_efr32xg1_gcc_release.a(bufc.o)
                0x00016064                BUFC_Init
 .text.BUFC_RxBufferBytesAvailable
                0x000160fc       0x10 C:\Users\sridh\OneDrive\Desktop\New folder (2)\IoT_Project_Server\platform\radio\rail_lib\autogen\librail_release\librail_efr32xg1_gcc_release.a(bufc.o)
                0x000160fc                BUFC_RxBufferBytesAvailable
 .text.BUFC_ReleaseRxPacket
                0x0001610c      0x10c C:\Users\sridh\OneDrive\Desktop\New folder (2)\IoT_Project_Server\platform\radio\rail_lib\autogen\librail_release\librail_efr32xg1_gcc_release.a(bufc.o)
                0x0001610c                BUFC_ReleaseRxPacket
 .text.BUFC_StartRxLenThrEvent
                0x00016218       0x8c C:\Users\sridh\OneDrive\Desktop\New folder (2)\IoT_Project_Server\platform\radio\rail_lib\autogen\librail_release\librail_efr32xg1_gcc_release.a(bufc.o)
                0x00016218                BUFC_StartRxLenThrEvent
 .text.BUFC_EndRxLenThrEvent
                0x000162a4       0x1c C:\Users\sridh\OneDrive\Desktop\New folder (2)\IoT_Project_Server\platform\radio\rail_lib\autogen\librail_release\librail_efr32xg1_gcc_release.a(bufc.o)
                0x000162a4                BUFC_EndRxLenThrEvent
 .text.BUFC_HandleRxLenOvfEvent
                0x000162c0       0x28 C:\Users\sridh\OneDrive\Desktop\New folder (2)\IoT_Project_Server\platform\radio\rail_lib\autogen\librail_release\librail_efr32xg1_gcc_release.a(bufc.o)
                0x000162c0                BUFC_HandleRxLenOvfEvent
 .text.BUFC_GetRxPacketInfo
                0x000162e8      0x138 C:\Users\sridh\OneDrive\Desktop\New folder (2)\IoT_Project_Server\platform\radio\rail_lib\autogen\librail_release\librail_efr32xg1_gcc_release.a(bufc.o)
                0x000162e8                BUFC_GetRxPacketInfo
 .text.IRCAL_Set
                0x00016420       0x1c C:\Users\sridh\OneDrive\Desktop\New folder (2)\IoT_Project_Server\platform\radio\rail_lib\autogen\librail_release\librail_efr32xg1_gcc_release.a(ir_cal.o)
                0x00016420                IRCAL_Set
 .text.IRCAL_Init
                0x0001643c       0xa8 C:\Users\sridh\OneDrive\Desktop\New folder (2)\IoT_Project_Server\platform\radio\rail_lib\autogen\librail_release\librail_efr32xg1_gcc_release.a(ir_cal.o)
                0x0001643c                IRCAL_Init
 .text.PA_ProtectPa
                0x000164e4       0xbc C:\Users\sridh\OneDrive\Desktop\New folder (2)\IoT_Project_Server\platform\radio\rail_lib\autogen\librail_release\librail_efr32xg1_gcc_release.a(pa.o)
 .text.getRampTimeFromLevelAndRate
                0x000165a0       0x20 C:\Users\sridh\OneDrive\Desktop\New folder (2)\IoT_Project_Server\platform\radio\rail_lib\autogen\librail_release\librail_efr32xg1_gcc_release.a(pa.o)
 .text.PA_GetTxPowerConfig
                0x000165c0       0x14 C:\Users\sridh\OneDrive\Desktop\New folder (2)\IoT_Project_Server\platform\radio\rail_lib\autogen\librail_release\librail_efr32xg1_gcc_release.a(pa.o)
                0x000165c0                PA_GetTxPowerConfig
 .text.PA_GetPowerLevel
                0x000165d4        0xc C:\Users\sridh\OneDrive\Desktop\New folder (2)\IoT_Project_Server\platform\radio\rail_lib\autogen\librail_release\librail_efr32xg1_gcc_release.a(pa.o)
                0x000165d4                PA_GetPowerLevel
 .text.PA_SetPowerLevel
                0x000165e0      0x194 C:\Users\sridh\OneDrive\Desktop\New folder (2)\IoT_Project_Server\platform\radio\rail_lib\autogen\librail_release\librail_efr32xg1_gcc_release.a(pa.o)
                0x000165e0                PA_SetPowerLevel
 .text.PA_RunPeakDetectorHigh
                0x00016774       0x4c C:\Users\sridh\OneDrive\Desktop\New folder (2)\IoT_Project_Server\platform\radio\rail_lib\autogen\librail_release\librail_efr32xg1_gcc_release.a(pa.o)
                0x00016774                PA_RunPeakDetectorHigh
 .text.PA_RunPeakDetectorLow
                0x000167c0        0x2 C:\Users\sridh\OneDrive\Desktop\New folder (2)\IoT_Project_Server\platform\radio\rail_lib\autogen\librail_release\librail_efr32xg1_gcc_release.a(pa.o)
                0x000167c0                PA_RunPeakDetectorLow
 *fill*         0x000167c2        0x2 
 .text.PA_RunBatHigh
                0x000167c4       0x2c C:\Users\sridh\OneDrive\Desktop\New folder (2)\IoT_Project_Server\platform\radio\rail_lib\autogen\librail_release\librail_efr32xg1_gcc_release.a(pa.o)
                0x000167c4                PA_RunBatHigh
 .text.PA_GetRampTime
                0x000167f0        0xc C:\Users\sridh\OneDrive\Desktop\New folder (2)\IoT_Project_Server\platform\radio\rail_lib\autogen\librail_release\librail_efr32xg1_gcc_release.a(pa.o)
                0x000167f0                PA_GetRampTime
 .text.PA_ConfigRamp
                0x000167fc       0x20 C:\Users\sridh\OneDrive\Desktop\New folder (2)\IoT_Project_Server\platform\radio\rail_lib\autogen\librail_release\librail_efr32xg1_gcc_release.a(pa.o)
                0x000167fc                PA_ConfigRamp
 .text.PA_CalcRampTime
                0x0001681c       0x44 C:\Users\sridh\OneDrive\Desktop\New folder (2)\IoT_Project_Server\platform\radio\rail_lib\autogen\librail_release\librail_efr32xg1_gcc_release.a(pa.o)
                0x0001681c                PA_CalcRampTime
 .text.PA_SetRampTime
                0x00016860       0xac C:\Users\sridh\OneDrive\Desktop\New folder (2)\IoT_Project_Server\platform\radio\rail_lib\autogen\librail_release\librail_efr32xg1_gcc_release.a(pa.o)
                0x00016860                PA_SetRampTime
 .text.PA_SelectBand
                0x0001690c       0x50 C:\Users\sridh\OneDrive\Desktop\New folder (2)\IoT_Project_Server\platform\radio\rail_lib\autogen\librail_release\librail_efr32xg1_gcc_release.a(pa.o)
                0x0001690c                PA_SelectBand
 .text.PA_Config
                0x0001695c      0x15c C:\Users\sridh\OneDrive\Desktop\New folder (2)\IoT_Project_Server\platform\radio\rail_lib\autogen\librail_release\librail_efr32xg1_gcc_release.a(pa.o)
                0x0001695c                PA_Config
 .text.PA_UpdateConfig
                0x00016ab8       0x38 C:\Users\sridh\OneDrive\Desktop\New folder (2)\IoT_Project_Server\platform\radio\rail_lib\autogen\librail_release\librail_efr32xg1_gcc_release.a(pa.o)
                0x00016ab8                PA_UpdateConfig
 .text.PROTIMER_Init
                0x00016af0      0x108 C:\Users\sridh\OneDrive\Desktop\New folder (2)\IoT_Project_Server\platform\radio\rail_lib\autogen\librail_release\librail_efr32xg1_gcc_release.a(protimer.o)
                0x00016af0                PROTIMER_Init
 .text.PROTIMER_Start
                0x00016bf8       0x1c C:\Users\sridh\OneDrive\Desktop\New folder (2)\IoT_Project_Server\platform\radio\rail_lib\autogen\librail_release\librail_efr32xg1_gcc_release.a(protimer.o)
                0x00016bf8                PROTIMER_Start
 .text.PROTIMER_IsRunning
                0x00016c14       0x10 C:\Users\sridh\OneDrive\Desktop\New folder (2)\IoT_Project_Server\platform\radio\rail_lib\autogen\librail_release\librail_efr32xg1_gcc_release.a(protimer.o)
                0x00016c14                PROTIMER_IsRunning
 .text.PROTIMER_ElapsedTime
                0x00016c24       0x18 C:\Users\sridh\OneDrive\Desktop\New folder (2)\IoT_Project_Server\platform\radio\rail_lib\autogen\librail_release\librail_efr32xg1_gcc_release.a(protimer.o)
                0x00016c24                PROTIMER_ElapsedTime
 .text.PROTIMER_CCTimerStop
                0x00016c3c       0x20 C:\Users\sridh\OneDrive\Desktop\New folder (2)\IoT_Project_Server\platform\radio\rail_lib\autogen\librail_release\librail_efr32xg1_gcc_release.a(protimer.o)
                0x00016c3c                PROTIMER_CCTimerStop
 .text.PROTIMER_CCTimerStart
                0x00016c5c      0x164 C:\Users\sridh\OneDrive\Desktop\New folder (2)\IoT_Project_Server\platform\radio\rail_lib\autogen\librail_release\librail_efr32xg1_gcc_release.a(protimer.o)
                0x00016c5c                PROTIMER_CCTimerStart
 .text.PROTIMER_WrapMultiple
                0x00016dc0       0x12 C:\Users\sridh\OneDrive\Desktop\New folder (2)\IoT_Project_Server\platform\radio\rail_lib\autogen\librail_release\librail_efr32xg1_gcc_release.a(protimer.o)
                0x00016dc0                PROTIMER_WrapMultiple
 *fill*         0x00016dd2        0x2 
 .text.PROTIMER_CCTimerIsEnabled
                0x00016dd4       0x10 C:\Users\sridh\OneDrive\Desktop\New folder (2)\IoT_Project_Server\platform\radio\rail_lib\autogen\librail_release\librail_efr32xg1_gcc_release.a(protimer.o)
                0x00016dd4                PROTIMER_CCTimerIsEnabled
 .text.PROTIMER_CCTimerCapture
                0x00016de4       0x14 C:\Users\sridh\OneDrive\Desktop\New folder (2)\IoT_Project_Server\platform\radio\rail_lib\autogen\librail_release\librail_efr32xg1_gcc_release.a(protimer.o)
                0x00016de4                PROTIMER_CCTimerCapture
 .text.PROTIMER_ScheduleTxEnable
                0x00016df8       0x2c C:\Users\sridh\OneDrive\Desktop\New folder (2)\IoT_Project_Server\platform\radio\rail_lib\autogen\librail_release\librail_efr32xg1_gcc_release.a(protimer.o)
                0x00016df8                PROTIMER_ScheduleTxEnable
 .text.PROTIMER_ClearTxEnable
                0x00016e24        0xc C:\Users\sridh\OneDrive\Desktop\New folder (2)\IoT_Project_Server\platform\radio\rail_lib\autogen\librail_release\librail_efr32xg1_gcc_release.a(protimer.o)
                0x00016e24                PROTIMER_ClearTxEnable
 .text.PROTIMER_ScheduleRxEnable
                0x00016e30       0x2c C:\Users\sridh\OneDrive\Desktop\New folder (2)\IoT_Project_Server\platform\radio\rail_lib\autogen\librail_release\librail_efr32xg1_gcc_release.a(protimer.o)
                0x00016e30                PROTIMER_ScheduleRxEnable
 .text.PROTIMER_ScheduleRxDisable
                0x00016e5c       0x38 C:\Users\sridh\OneDrive\Desktop\New folder (2)\IoT_Project_Server\platform\radio\rail_lib\autogen\librail_release\librail_efr32xg1_gcc_release.a(protimer.o)
                0x00016e5c                PROTIMER_ScheduleRxDisable
 .text.PROTIMER_ClearRxEnable
                0x00016e94       0x10 C:\Users\sridh\OneDrive\Desktop\New folder (2)\IoT_Project_Server\platform\radio\rail_lib\autogen\librail_release\librail_efr32xg1_gcc_release.a(protimer.o)
                0x00016e94                PROTIMER_ClearRxEnable
 .text.PROTIMER_GetTime
                0x00016ea4        0xc C:\Users\sridh\OneDrive\Desktop\New folder (2)\IoT_Project_Server\platform\radio\rail_lib\autogen\librail_release\librail_efr32xg1_gcc_release.a(protimer.o)
                0x00016ea4                PROTIMER_GetTime
 .text.PROTIMER_GetCCTime
                0x00016eb0        0xc C:\Users\sridh\OneDrive\Desktop\New folder (2)\IoT_Project_Server\platform\radio\rail_lib\autogen\librail_release\librail_efr32xg1_gcc_release.a(protimer.o)
                0x00016eb0                PROTIMER_GetCCTime
 .text.PROTIMER_LBTStop
                0x00016ebc       0x18 C:\Users\sridh\OneDrive\Desktop\New folder (2)\IoT_Project_Server\platform\radio\rail_lib\autogen\librail_release\librail_efr32xg1_gcc_release.a(protimer.o)
                0x00016ebc                PROTIMER_LBTStop
 .text.PROTIMER_PrecntOverflowToUs
                0x00016ed4       0x38 C:\Users\sridh\OneDrive\Desktop\New folder (2)\IoT_Project_Server\platform\radio\rail_lib\autogen\librail_release\librail_efr32xg1_gcc_release.a(protimer.o)
                0x00016ed4                PROTIMER_PrecntOverflowToUs
 .text.PROTIMER_UsToPrecntOverflow
                0x00016f0c       0x2c C:\Users\sridh\OneDrive\Desktop\New folder (2)\IoT_Project_Server\platform\radio\rail_lib\autogen\librail_release\librail_efr32xg1_gcc_release.a(protimer.o)
                0x00016f0c                PROTIMER_UsToPrecntOverflow
 .text.PROTIMER_DelayUs
                0x00016f38       0x44 C:\Users\sridh\OneDrive\Desktop\New folder (2)\IoT_Project_Server\platform\radio\rail_lib\autogen\librail_release\librail_efr32xg1_gcc_release.a(protimer.o)
                0x00016f38                PROTIMER_DelayUs
 .text.PROTIMER_CheckCcaReallyFailed
                0x00016f7c       0xbc C:\Users\sridh\OneDrive\Desktop\New folder (2)\IoT_Project_Server\platform\radio\rail_lib\autogen\librail_release\librail_efr32xg1_gcc_release.a(protimer.o)
                0x00016f7c                PROTIMER_CheckCcaReallyFailed
 .text.PTI_Config
                0x00017038       0xc8 C:\Users\sridh\OneDrive\Desktop\New folder (2)\IoT_Project_Server\platform\radio\rail_lib\autogen\librail_release\librail_efr32xg1_gcc_release.a(pti.o)
                0x00017038                PTI_Config
 .text.PTI_EnableAppendedInfo
                0x00017100       0x18 C:\Users\sridh\OneDrive\Desktop\New folder (2)\IoT_Project_Server\platform\radio\rail_lib\autogen\librail_release\librail_efr32xg1_gcc_release.a(pti.o)
                0x00017100                PTI_EnableAppendedInfo
 .text.PTI_Enable
                0x00017118       0x58 C:\Users\sridh\OneDrive\Desktop\New folder (2)\IoT_Project_Server\platform\radio\rail_lib\autogen\librail_release\librail_efr32xg1_gcc_release.a(pti.o)
                0x00017118                PTI_Enable
 .text.PTI_AuxdataOutput
                0x00017170       0x1c C:\Users\sridh\OneDrive\Desktop\New folder (2)\IoT_Project_Server\platform\radio\rail_lib\autogen\librail_release\librail_efr32xg1_gcc_release.a(pti.o)
                0x00017170                PTI_AuxdataOutput
 .text.PTI_EnableSyncword
                0x0001718c       0x18 C:\Users\sridh\OneDrive\Desktop\New folder (2)\IoT_Project_Server\platform\radio\rail_lib\autogen\librail_release\librail_efr32xg1_gcc_release.a(pti.o)
                0x0001718c                PTI_EnableSyncword
 .text.RADIO_SetAndForgetWrite
                0x000171a4       0x8c C:\Users\sridh\OneDrive\Desktop\New folder (2)\IoT_Project_Server\platform\radio\rail_lib\autogen\librail_release\librail_efr32xg1_gcc_release.a(radio.o)
                0x000171a4                RADIO_SetAndForgetWrite
 .text.RADIO_SeqInit
                0x00017230       0x68 C:\Users\sridh\OneDrive\Desktop\New folder (2)\IoT_Project_Server\platform\radio\rail_lib\autogen\librail_release\librail_efr32xg1_gcc_release.a(radio.o)
                0x00017230                RADIO_SeqInit
 .text.RADIO_CLKEnable
                0x00017298       0x68 C:\Users\sridh\OneDrive\Desktop\New folder (2)\IoT_Project_Server\platform\radio\rail_lib\autogen\librail_release\librail_efr32xg1_gcc_release.a(radio.o)
                0x00017298                RADIO_CLKEnable
 .text.RADIO_Init
                0x00017300       0x40 C:\Users\sridh\OneDrive\Desktop\New folder (2)\IoT_Project_Server\platform\radio\rail_lib\autogen\librail_release\librail_efr32xg1_gcc_release.a(radio.o)
                0x00017300                RADIO_Init
 .text.RADIO_Config
                0x00017340       0xa8 C:\Users\sridh\OneDrive\Desktop\New folder (2)\IoT_Project_Server\platform\radio\rail_lib\autogen\librail_release\librail_efr32xg1_gcc_release.a(radio.o)
                0x00017340                RADIO_Config
 .text.RADIO_IsRxOnForRssi
                0x000173e8       0x18 C:\Users\sridh\OneDrive\Desktop\New folder (2)\IoT_Project_Server\platform\radio\rail_lib\autogen\librail_release\librail_efr32xg1_gcc_release.a(radio.o)
                0x000173e8                RADIO_IsRxOnForRssi
 .text.RADIO_RxTrailDataLength
                0x00017400       0x3c C:\Users\sridh\OneDrive\Desktop\New folder (2)\IoT_Project_Server\platform\radio\rail_lib\autogen\librail_release\librail_efr32xg1_gcc_release.a(radio.o)
                0x00017400                RADIO_RxTrailDataLength
 .text.RADIO_FrameControlDescrBufferIdSet
                0x0001743c       0x20 C:\Users\sridh\OneDrive\Desktop\New folder (2)\IoT_Project_Server\platform\radio\rail_lib\autogen\librail_release\librail_efr32xg1_gcc_release.a(radio.o)
                0x0001743c                RADIO_FrameControlDescrBufferIdSet
 .text.RADIO_ComputeTxBaudrate
                0x0001745c       0x28 C:\Users\sridh\OneDrive\Desktop\New folder (2)\IoT_Project_Server\platform\radio\rail_lib\autogen\librail_release\librail_efr32xg1_gcc_release.a(radio.o)
                0x0001745c                RADIO_ComputeTxBaudrate
 .text.RADIO_ComputeTxSymbolRate
                0x00017484       0x2c C:\Users\sridh\OneDrive\Desktop\New folder (2)\IoT_Project_Server\platform\radio\rail_lib\autogen\librail_release\librail_efr32xg1_gcc_release.a(radio.o)
                0x00017484                RADIO_ComputeTxSymbolRate
 .text.RADIO_ComputeTxBitRate
                0x000174b0       0x50 C:\Users\sridh\OneDrive\Desktop\New folder (2)\IoT_Project_Server\platform\radio\rail_lib\autogen\librail_release\librail_efr32xg1_gcc_release.a(radio.o)
                0x000174b0                RADIO_ComputeTxBitRate
 .text.RADIO_GetRssi
                0x00017500       0x54 C:\Users\sridh\OneDrive\Desktop\New folder (2)\IoT_Project_Server\platform\radio\rail_lib\autogen\librail_release\librail_efr32xg1_gcc_release.a(radio.o)
                0x00017500                RADIO_GetRssi
 .text.RADIO_SetCRCInitVal
                0x00017554       0x10 C:\Users\sridh\OneDrive\Desktop\New folder (2)\IoT_Project_Server\platform\radio\rail_lib\autogen\librail_release\librail_efr32xg1_gcc_release.a(radio.o)
                0x00017554                RADIO_SetCRCInitVal
 .text.RADIO_RACClearRxOverflow
                0x00017564       0x20 C:\Users\sridh\OneDrive\Desktop\New folder (2)\IoT_Project_Server\platform\radio\rail_lib\autogen\librail_release\librail_efr32xg1_gcc_release.a(radio.o)
                0x00017564                RADIO_RACClearRxOverflow
 .text.RFSENSE_Disable
                0x00017584       0x44 C:\Users\sridh\OneDrive\Desktop\New folder (2)\IoT_Project_Server\platform\radio\rail_lib\autogen\librail_release\librail_efr32xg1_gcc_release.a(rfsense.o)
 .text.RFSENSE_Sensed
                0x000175c8       0x50 C:\Users\sridh\OneDrive\Desktop\New folder (2)\IoT_Project_Server\platform\radio\rail_lib\autogen\librail_release\librail_efr32xg1_gcc_release.a(rfsense.o)
                0x000175c8                RFSENSE_Sensed
 .text.RFSENSE_IRQHandler
                0x00017618        0x4 C:\Users\sridh\OneDrive\Desktop\New folder (2)\IoT_Project_Server\platform\radio\rail_lib\autogen\librail_release\librail_efr32xg1_gcc_release.a(rfsense.o)
                0x00017618                RFSENSE_IRQHandler
 .text.RTCCSYNC_RTCCClockFreqGet
                0x0001761c       0x30 C:\Users\sridh\OneDrive\Desktop\New folder (2)\IoT_Project_Server\platform\radio\rail_lib\autogen\librail_release\librail_efr32xg1_gcc_release.a(rtccsync.o)
 .text.RTCCSYNC_Init
                0x0001764c       0x10 C:\Users\sridh\OneDrive\Desktop\New folder (2)\IoT_Project_Server\platform\radio\rail_lib\autogen\librail_release\librail_efr32xg1_gcc_release.a(rtccsync.o)
                0x0001764c                RTCCSYNC_Init
 .text.RTCCSYNC_PreSleep
                0x0001765c      0x260 C:\Users\sridh\OneDrive\Desktop\New folder (2)\IoT_Project_Server\platform\radio\rail_lib\autogen\librail_release\librail_efr32xg1_gcc_release.a(rtccsync.o)
                0x0001765c                RTCCSYNC_PreSleep
 .text.RTCCSYNC_PostWakeUp
                0x000178bc      0x1c4 C:\Users\sridh\OneDrive\Desktop\New folder (2)\IoT_Project_Server\platform\radio\rail_lib\autogen\librail_release\librail_efr32xg1_gcc_release.a(rtccsync.o)
                0x000178bc                RTCCSYNC_PostWakeUp
 .text.SYNTH_RfFreqGet
                0x00017a80        0xc C:\Users\sridh\OneDrive\Desktop\New folder (2)\IoT_Project_Server\platform\radio\rail_lib\autogen\librail_release\librail_efr32xg1_gcc_release.a(synth.o)
                0x00017a80                SYNTH_RfFreqGet
 .text.SYNTH_ChSpacingGet