Archive member included because of file (symbol)

C:\Users\Rishi\SimplicityStudio\v4_workspace_rm_client\hub_project\platform\radio\rail_lib\autogen\librail_release\librail_efr32xg1_gcc_release.a(rail_pti.o)
                              ./pti.o (RAIL_ConfigPti)
C:\Users\Rishi\SimplicityStudio\v4_workspace_rm_client\hub_project\platform\radio\rail_lib\autogen\librail_release\librail_efr32xg1_gcc_release.a(rail_rf_hal.o)
                              C:\Users\Rishi\SimplicityStudio\v4_workspace_rm_client\hub_project\platform\radio\rail_lib\autogen\librail_release\librail_efr32xg1_gcc_release.a(rail_pti.o) (RFHAL_ConfigPti)
C:\Users\Rishi\SimplicityStudio\v4_workspace_rm_client\hub_project\platform\radio\rail_lib\autogen\librail_release\librail_efr32xg1_gcc_release.a(rail_ieee802154_rf_hal.o)
                              C:\Users\Rishi\SimplicityStudio\v4_workspace_rm_client\hub_project\platform\radio\rail_lib\autogen\librail_release\librail_efr32xg1_gcc_release.a(rail_rf_hal.o) (RFHAL_IEEE802154IsEnabled)
C:\Users\Rishi\SimplicityStudio\v4_workspace_rm_client\hub_project\platform\radio\rail_lib\autogen\librail_release\librail_efr32xg1_gcc_release.a(ieee802154_efr32xg1_configurator_out.o)
                              C:\Users\Rishi\SimplicityStudio\v4_workspace_rm_client\hub_project\platform\radio\rail_lib\autogen\librail_release\librail_efr32xg1_gcc_release.a(rail_ieee802154_rf_hal.o) (ieee802154_noncoherent_2420MHz_min)
C:\Users\Rishi\SimplicityStudio\v4_workspace_rm_client\hub_project\platform\radio\rail_lib\autogen\librail_release\librail_efr32xg1_gcc_release.a(rail_singleprotocol.o)
                              C:\Users\Rishi\SimplicityStudio\v4_workspace_rm_client\hub_project\platform\radio\rail_lib\autogen\librail_release\librail_efr32xg1_gcc_release.a(rail_rf_hal.o) (RAIL_ActiveHandle)
C:\Users\Rishi\SimplicityStudio\v4_workspace_rm_client\hub_project\platform\radio\rail_lib\autogen\librail_release\librail_efr32xg1_gcc_release.a(rail_rf.o)
                              C:\Users\Rishi\SimplicityStudio\v4_workspace_rm_client\hub_project\platform\radio\rail_lib\autogen\librail_release\librail_efr32xg1_gcc_release.a(rail_singleprotocol.o) (RAILCore_Init)
C:\Users\Rishi\SimplicityStudio\v4_workspace_rm_client\hub_project\platform\radio\rail_lib\autogen\librail_release\librail_efr32xg1_gcc_release.a(rail_rx.o)
                              C:\Users\Rishi\SimplicityStudio\v4_workspace_rm_client\hub_project\platform\radio\rail_lib\autogen\librail_release\librail_efr32xg1_gcc_release.a(rail_rf_hal.o) (RAILCore_StartRx)
C:\Users\Rishi\SimplicityStudio\v4_workspace_rm_client\hub_project\platform\radio\rail_lib\autogen\librail_release\librail_efr32xg1_gcc_release.a(rail_tx.o)
                              C:\Users\Rishi\SimplicityStudio\v4_workspace_rm_client\hub_project\platform\radio\rail_lib\autogen\librail_release\librail_efr32xg1_gcc_release.a(rail_singleprotocol.o) (RAILCore_StartTx)
C:\Users\Rishi\SimplicityStudio\v4_workspace_rm_client\hub_project\platform\radio\rail_lib\autogen\librail_release\librail_efr32xg1_gcc_release.a(rail_calibration.o)
                              C:\Users\Rishi\SimplicityStudio\v4_workspace_rm_client\hub_project\platform\radio\rail_lib\autogen\librail_release\librail_efr32xg1_gcc_release.a(rail_rf_hal.o) (RAILInt_PendCal)
C:\Users\Rishi\SimplicityStudio\v4_workspace_rm_client\hub_project\platform\radio\rail_lib\autogen\librail_release\librail_efr32xg1_gcc_release.a(rail_assert.o)
                              C:\Users\Rishi\SimplicityStudio\v4_workspace_rm_client\hub_project\platform\radio\rail_lib\autogen\librail_release\librail_efr32xg1_gcc_release.a(rail_rf.o) (RAILInt_Assert)
C:\Users\Rishi\SimplicityStudio\v4_workspace_rm_client\hub_project\platform\radio\rail_lib\autogen\librail_release\librail_efr32xg1_gcc_release.a(rail_rssi.o)
                              C:\Users\Rishi\SimplicityStudio\v4_workspace_rm_client\hub_project\platform\radio\rail_lib\autogen\librail_release\librail_efr32xg1_gcc_release.a(rail_singleprotocol.o) (RAILCore_GetRssi)
C:\Users\Rishi\SimplicityStudio\v4_workspace_rm_client\hub_project\platform\radio\rail_lib\autogen\librail_release\librail_efr32xg1_gcc_release.a(rail_timer.o)
                              C:\Users\Rishi\SimplicityStudio\v4_workspace_rm_client\hub_project\platform\radio\rail_lib\autogen\librail_release\librail_efr32xg1_gcc_release.a(rail_singleprotocol.o) (RAILCore_SetMultiTimer)
C:\Users\Rishi\SimplicityStudio\v4_workspace_rm_client\hub_project\platform\radio\rail_lib\autogen\librail_release\librail_efr32xg1_gcc_release.a(tmrdrv.o)
                              C:\Users\Rishi\SimplicityStudio\v4_workspace_rm_client\hub_project\platform\radio\rail_lib\autogen\librail_release\librail_efr32xg1_gcc_release.a(rail_timer.o) (TMRDRV_SetupTimer)
C:\Users\Rishi\SimplicityStudio\v4_workspace_rm_client\hub_project\platform\radio\rail_lib\autogen\librail_release\librail_efr32xg1_gcc_release.a(tmrdrv_config.o)
[...]
Memory Configuration

Name             Origin             Length             Attributes
FLASH_BOOTLOADER 0x00000000         0x00004000         xr
FLASH            0x00004000         0x0003b000         xr
RAM              0x20000000         0x00007bfc         xrw
*default*        0x00000000         0xffffffff

Linker script and memory map

LOAD c:/siliconlabs/simplicitystudio/v4/developer/toolchains/gnu_arm/4.9_2015q3/bin/../lib/gcc/arm-none-eabi/4.9.3/armv7e-m/softfp/crti.o
LOAD c:/siliconlabs/simplicitystudio/v4/developer/toolchains/gnu_arm/4.9_2015q3/bin/../lib/gcc/arm-none-eabi/4.9.3/armv7e-m/softfp/crtbegin.o
LOAD c:/siliconlabs/simplicitystudio/v4/developer/toolchains/gnu_arm/4.9_2015q3/bin/../lib/gcc/arm-none-eabi/4.9.3/../../../../arm-none-eabi/lib/armv7e-m/softfp/crt0.o
START GROUP
LOAD ./application_properties.o
LOAD ./gatt_db.o
LOAD ./init_app.o
LOAD ./init_board.o
LOAD ./init_mcu.o
LOAD ./main.o
LOAD ./pti.o
LOAD ./hardware/kit/common/bsp/bsp_stk.o
LOAD ./hardware/kit/common/drivers/mx25flash_spi.o
LOAD ./lcd-graphics/bmp.o
LOAD ./lcd-graphics/display.o
LOAD ./lcd-graphics/displayls013b7dh03.o
LOAD ./lcd-graphics/displaypalemlib.o
LOAD ./lcd-graphics/dmd_display.o
LOAD ./lcd-graphics/glib.o
LOAD ./lcd-graphics/glib_bitmap.o
LOAD ./lcd-graphics/glib_circle.o
LOAD ./lcd-graphics/glib_font_narrow_6x8.o
LOAD ./lcd-graphics/glib_font_normal_8x8.o
LOAD ./lcd-graphics/glib_font_number_16x20.o
LOAD ./lcd-graphics/glib_line.o
LOAD ./lcd-graphics/glib_polygon.o
LOAD ./lcd-graphics/glib_rectangle.o
LOAD ./lcd-graphics/glib_string.o
LOAD ./lcd-graphics/graphics.o
LOAD ./lcd-graphics/udelay.o
LOAD ./platform/Device/SiliconLabs/EFR32BG1B/Source/GCC/startup_efr32bg1b.o
LOAD ./platform/Device/SiliconLabs/EFR32BG1B/Source/system_efr32bg1b.o
LOAD ./platform/emdrv/sleep/src/sleep.o
LOAD ./platform/emdrv/tempdrv/src/tempdrv.o
LOAD ./platform/emlib/src/em_acmp.o
LOAD ./platform/emlib/src/em_adc.o
LOAD ./platform/emlib/src/em_aes.o
LOAD ./platform/emlib/src/em_assert.o
LOAD ./platform/emlib/src/em_burtc.o
LOAD ./platform/emlib/src/em_can.o
LOAD ./platform/emlib/src/em_cmu.o
LOAD ./platform/emlib/src/em_core.o
LOAD ./platform/emlib/src/em_cryotimer.o
LOAD ./platform/emlib/src/em_crypto.o
LOAD ./platform/emlib/src/em_csen.o
LOAD ./platform/emlib/src/em_dac.o
LOAD ./platform/emlib/src/em_dbg.o
LOAD ./platform/emlib/src/em_dma.o
LOAD ./platform/emlib/src/em_ebi.o
LOAD ./platform/emlib/src/em_emu.o
LOAD ./platform/emlib/src/em_gpcrc.o
LOAD ./platform/emlib/src/em_gpio.o
LOAD ./platform/emlib/src/em_i2c.o
LOAD ./platform/emlib/src/em_idac.o
LOAD ./platform/emlib/src/em_int.o
LOAD ./platform/emlib/src/em_lcd.o
LOAD ./platform/emlib/src/em_ldma.o
LOAD ./platform/emlib/src/em_lesense.o
LOAD ./platform/emlib/src/em_letimer.o
LOAD ./platform/emlib/src/em_leuart.o
LOAD ./platform/emlib/src/em_mpu.o
LOAD ./platform/emlib/src/em_msc.o
LOAD ./platform/emlib/src/em_opamp.o
LOAD ./platform/emlib/src/em_pcnt.o
LOAD ./platform/emlib/src/em_prs.o
LOAD ./platform/emlib/src/em_qspi.o
LOAD ./platform/emlib/src/em_rmu.o
LOAD ./platform/emlib/src/em_rtc.o
LOAD ./platform/emlib/src/em_rtcc.o
LOAD ./platform/emlib/src/em_system.o
LOAD ./platform/emlib/src/em_timer.o
LOAD ./platform/emlib/src/em_usart.o
LOAD ./platform/emlib/src/em_vcmp.o
LOAD ./platform/emlib/src/em_vdac.o
LOAD ./platform/emlib/src/em_wdog.o
LOAD ./src/gpio.o
LOAD ./src/lcd.o
LOAD ./src/persistent_mem.o
LOAD C:\Users\Rishi\SimplicityStudio\v4_workspace_rm_client\hub_project\protocol\bluetooth\lib\EFR32BG1B\GCC\libpsstore.a
LOAD C:\Users\Rishi\SimplicityStudio\v4_workspace_rm_client\hub_project\platform\radio\rail_lib\autogen\librail_release\librail_efr32xg1_gcc_release.a
LOAD C:\Users\Rishi\SimplicityStudio\v4_workspace_rm_client\hub_project\protocol\bluetooth\lib\EFR32BG1B\GCC\libmbedtls.a
LOAD C:\Users\Rishi\SimplicityStudio\v4_workspace_rm_client\hub_project\protocol\bluetooth\lib\EFR32BG1B\GCC\binapploader.o
LOAD C:\Users\Rishi\SimplicityStudio\v4_workspace_rm_client\hub_project\protocol\bluetooth\lib\EFR32BG1B\GCC\libbluetooth.a
LOAD c:/siliconlabs/simplicitystudio/v4/developer/toolchains/gnu_arm/4.9_2015q3/bin/../lib/gcc/arm-none-eabi/4.9.3/../../../../arm-none-eabi/lib/armv7e-m/softfp\libm.a
END GROUP
START GROUP
LOAD c:/siliconlabs/simplicitystudio/v4/developer/toolchains/gnu_arm/4.9_2015q3/bin/../lib/gcc/arm-none-eabi/4.9.3/armv7e-m/softfp\libgcc.a
LOAD c:/siliconlabs/simplicitystudio/v4/developer/toolchains/gnu_arm/4.9_2015q3/bin/../lib/gcc/arm-none-eabi/4.9.3/../../../../arm-none-eabi/lib/armv7e-m/softfp\libc_nano.a
LOAD c:/siliconlabs/simplicitystudio/v4/developer/toolchains/gnu_arm/4.9_2015q3/bin/../lib/gcc/arm-none-eabi/4.9.3/../../../../arm-none-eabi/lib/armv7e-m/softfp\libnosys.a
END GROUP
START GROUP
LOAD c:/siliconlabs/simplicitystudio/v4/developer/toolchains/gnu_arm/4.9_2015q3/bin/../lib/gcc/arm-none-eabi/4.9.3/armv7e-m/softfp\libgcc.a
LOAD c:/siliconlabs/simplicitystudio/v4/developer/toolchains/gnu_arm/4.9_2015q3/bin/../lib/gcc/arm-none-eabi/4.9.3/../../../../arm-none-eabi/lib/armv7e-m/softfp\libg_nano.a
LOAD c:/siliconlabs/simplicitystudio/v4/developer/toolchains/gnu_arm/4.9_2015q3/bin/../lib/gcc/arm-none-eabi/4.9.3/../../../../arm-none-eabi/lib/armv7e-m/softfp\libc_nano.a
END GROUP
START GROUP
LOAD c:/siliconlabs/simplicitystudio/v4/developer/toolchains/gnu_arm/4.9_2015q3/bin/../lib/gcc/arm-none-eabi/4.9.3/armv7e-m/softfp\libgcc.a
LOAD c:/siliconlabs/simplicitystudio/v4/developer/toolchains/gnu_arm/4.9_2015q3/bin/../lib/gcc/arm-none-eabi/4.9.3/../../../../arm-none-eabi/lib/armv7e-m/softfp\libc_nano.a
END GROUP
LOAD c:/siliconlabs/simplicitystudio/v4/developer/toolchains/gnu_arm/4.9_2015q3/bin/../lib/gcc/arm-none-eabi/4.9.3/armv7e-m/softfp/crtend.o
LOAD c:/siliconlabs/simplicitystudio/v4/developer/toolchains/gnu_arm/4.9_2015q3/bin/../lib/gcc/arm-none-eabi/4.9.3/armv7e-m/softfp/crtn.o

.text_bootloader
                0x00000000        0x0
 *(.binbootloader*)
                0x00000000                . = ALIGN (0x4000)

.text_apploader
                0x00004000     0x97c0
 *(.binapploader*)
 .binapploader  0x00004000     0x97c0 C:\Users\Rishi\SimplicityStudio\v4_workspace_rm_client\hub_project\protocol\bluetooth\lib\EFR32BG1B\GCC\binapploader.o

.text_signature
                0x0000d7c0       0x40
                0x0000d800                . = ALIGN (0x800)
 *fill*         0x0000d7c0       0x40 
                0x0000d800                __text_start__ = .

.text_application
                0x0000d800    0x24d50
 *(.vectors)
 .vectors       0x0000d800       0xc8 ./platform/Device/SiliconLabs/EFR32BG1B/Source/GCC/startup_efr32bg1b.o
                0x0000d800                __Vectors
                0x0000d8c8                __Vectors_End = .
                0x000000c8                __Vectors_Size = (__Vectors_End - __Vectors)
                0x0000d8c8                __end__ = .
 *(.application_properties)
 .application_properties
                0x0000d8c8       0x38 ./application_properties.o
                0x0000d8c8                applicationProperties
 *(.gecko_configuration)
 *(.xo_configuration)
 *(.gatt_header)
 .gatt_header   0x0000d900       0x34 ./gatt_db.o
                0x0000d900                bg_gattdb_data
 *(.gatt_data)
 .gatt_data     0x0000d934      0x268 ./gatt_db.o
                0x0000d934                bg_gattdb_data_uuidtable_16_map
                0x0000d950                bg_gattdb_data_uuidtable_128_map
                0x0000d990                bg_gattdb_data_attribute_field_21
                0x0000d998                bg_gattdb_data_attribute_field_20
                0x0000d9b0                bg_gattdb_data_attribute_field_19
                0x0000d9c4                bg_gattdb_data_attribute_field_18
                0x0000d9cc                bg_gattdb_data_attribute_field_17
                0x0000d9e4                bg_gattdb_data_attribute_field_16
                0x0000d9f8                bg_gattdb_data_attribute_field_15
                0x0000da00                bg_gattdb_data_attribute_field_14
                0x0000da08                bg_gattdb_data_attribute_field_13
                0x0000da14                bg_gattdb_data_attribute_field_12
                0x0000da1c                bg_gattdb_data_attribute_field_11
                0x0000da2c                bg_gattdb_data_attribute_field_10
                0x0000da34                bg_gattdb_data_attribute_field_9
                0x0000da38                bg_gattdb_data_attribute_field_8
                0x0000da3c                bg_gattdb_data_attribute_field_7
                0x0000da44                bg_gattdb_data_attribute_field_6
                0x0000da4c                bg_gattdb_data_attribute_field_5
                0x0000da54                bg_gattdb_data_attribute_field_4
                0x0000da58                bg_gattdb_data_attribute_field_2
                0x0000da60                bg_gattdb_data_attribute_field_1
                0x0000da68                bg_gattdb_data_attribute_field_0
                0x0000da6c                bg_gattdb_data_attributes_map
                0x0000db80                bg_gattdb_data_attributes_dynamic_mapping_map
                0x0000db88                bg_gattdb_data_adv_uuid16_map
                0x0000db8c                bg_gattdb_data_adv_uuid128_map
 *(.text*)
 .text          0x0000db9c       0x5c c:/siliconlabs/simplicitystudio/v4/developer/toolchains/gnu_arm/4.9_2015q3/bin/../lib/gcc/arm-none-eabi/4.9.3/armv7e-m/softfp/crtbegin.o
 .text          0x0000dbf8       0x74 c:/siliconlabs/simplicitystudio/v4/developer/toolchains/gnu_arm/4.9_2015q3/bin/../lib/gcc/arm-none-eabi/4.9.3/../../../../arm-none-eabi/lib/armv7e-m/softfp/crt0.o
                0x0000dbf8                _start
                0x0000dbf8                _mainCRTStartup
 .text.initApp  0x0000dc6c       0x30 ./init_app.o
                0x0000dc6c                initApp
 .text.initBoard
                0x0000dc9c       0x48 ./init_board.o
                0x0000dc9c                initBoard
 .text.BUS_RegBitWrite
                0x0000dce4       0x2c ./init_mcu.o
 .text.SYSTEM_GetProdRev
                0x0000dd10       0x1c ./init_mcu.o
 .text.CHIP_Init
                0x0000dd2c       0xb4 ./init_mcu.o
 .text.initMcu  0x0000dde0       0x70 ./init_mcu.o
                0x0000dde0                initMcu
 .text.initMcu_clocks
                0x0000de50       0xa4 ./init_mcu.o
 .text.gecko_initCoexHAL
                0x0000def4        0xc ./main.o
 .text.gecko_init
                0x0000df00       0x44 ./main.o
 .text.gecko_cmd_system_reset
                0x0000df44       0x44 ./main.o
 .text.gecko_cmd_le_gap_open
                0x0000df88       0x6c ./main.o
 .text.gecko_cmd_le_gap_set_mode
                0x0000dff4       0x5c ./main.o
 .text.gecko_cmd_le_gap_discover
                0x0000e050       0x50 ./main.o
 .text.gecko_cmd_le_gap_end_procedure
                0x0000e0a0       0x48 ./main.o
 .text.gecko_cmd_le_gap_set_adv_parameters
                0x0000e0e8       0x64 ./main.o
 .text.gecko_cmd_le_gap_set_scan_parameters
                0x0000e14c       0x64 ./main.o
 .text.gecko_cmd_le_gap_start_advertising
                0x0000e1b0       0x64 ./main.o
 .text.gecko_cmd_le_gap_start_discovery
                0x0000e214       0x5c ./main.o
 .text.gecko_cmd_le_connection_close
                0x0000e270       0x50 ./main.o
 .text.gecko_cmd_gatt_discover_primary_services_by_uuid
                0x0000e2c0       0x8c ./main.o
 .text.gecko_cmd_gatt_discover_characteristics_by_uuid
                0x0000e34c       0x98 ./main.o
 .text.gecko_cmd_gatt_set_characteristic_notification
                0x0000e3e4       0x68 ./main.o
 .text.gecko_cmd_gatt_send_characteristic_confirmation
                0x0000e44c       0x50 ./main.o
 .text.gecko_cmd_gatt_server_send_user_write_response
                0x0000e49c       0x68 ./main.o
 .text.gecko_cmd_gatt_server_send_characteristic_notification
                0x0000e504       0x98 ./main.o
 .text.gecko_cmd_sm_set_bondable_mode
                0x0000e59c       0x50 ./main.o
 .text.gecko_cmd_sm_configure
                0x0000e5ec       0x5c ./main.o
 .text.gecko_cmd_sm_delete_bondings
                0x0000e648       0x48 ./main.o
 .text.process_scan_response
                0x0000e690       0x7c ./main.o
                0x0000e690                process_scan_response
 .text.main     0x0000e70c      0x5c0 ./main.o
                0x0000e70c                main
 .text.configEnablePti
                0x0000eccc       0x48 ./pti.o
                0x0000eccc                configEnablePti
 .text.BUS_RegMaskedSet
                0x0000ed14       0x24 ./hardware/kit/common/drivers/mx25flash_spi.o
 .text.BUS_RegMaskedClear
                0x0000ed38       0x24 ./hardware/kit/common/drivers/mx25flash_spi.o
 .text.GPIO_PinOutClear
                0x0000ed5c       0x58 ./hardware/kit/common/drivers/mx25flash_spi.o
 .text.GPIO_PinOutSet
                0x0000edb4       0x58 ./hardware/kit/common/drivers/mx25flash_spi.o
 .text.MX25_init
                0x0000ee0c       0x98 ./hardware/kit/common/drivers/mx25flash_spi.o
                0x0000ee0c                MX25_init
 .text.Wait_Flash_WarmUp
                0x0000eea4       0x24 ./hardware/kit/common/drivers/mx25flash_spi.o
                0x0000eea4                Wait_Flash_WarmUp
 .text.Initial_Spi
                0x0000eec8        0xc ./hardware/kit/common/drivers/mx25flash_spi.o
                0x0000eec8                Initial_Spi
 .text.CS_Low   0x0000eed4       0x10 ./hardware/kit/common/drivers/mx25flash_spi.o
                0x0000eed4                CS_Low
 .text.CS_High  0x0000eee4       0x10 ./hardware/kit/common/drivers/mx25flash_spi.o
                0x0000eee4                CS_High
 .text.InsertDummyCycle
                0x0000eef4       0x38 ./hardware/kit/common/drivers/mx25flash_spi.o
                0x0000eef4                InsertDummyCycle
 .text.SendByte
                0x0000ef2c       0x3c ./hardware/kit/common/drivers/mx25flash_spi.o
                0x0000ef2c                SendByte
 .text.MX25_DP  0x0000ef68       0x34 ./hardware/kit/common/drivers/mx25flash_spi.o
                0x0000ef68                MX25_DP
 .text.DISPLAY_Init
                0x0000ef9c       0x54 ./lcd-graphics/display.o
                0x0000ef9c                DISPLAY_Init
 .text.DISPLAY_DeviceGet
                0x0000eff0       0x60 ./lcd-graphics/display.o
                0x0000eff0                DISPLAY_DeviceGet
 .text.DISPLAY_DeviceRegister
                0x0000f050       0x6c ./lcd-graphics/display.o
                0x0000f050                DISPLAY_DeviceRegister
 .text.DISPLAY_Ls013b7dh03Init
                0x0000f0bc       0xd0 ./lcd-graphics/displayls013b7dh03.o
                0x0000f0bc                DISPLAY_Ls013b7dh03Init
 .text.DriverRefresh
                0x0000f18c       0x20 ./lcd-graphics/displayls013b7dh03.o
 .text.DisplayEnable
                0x0000f1ac       0x30 ./lcd-graphics/displayls013b7dh03.o
 .text.DisplayClear
                0x0000f1dc       0x48 ./lcd-graphics/displayls013b7dh03.o
 .text.DisplayPolarityInverse
                0x0000f224       0x10 ./lcd-graphics/displayls013b7dh03.o
 .text.PixelMatrixAllocate
                0x0000f234       0x70 ./lcd-graphics/displayls013b7dh03.o
 .text.PixelMatrixFree
                0x0000f2a4       0x1c ./lcd-graphics/displayls013b7dh03.o
 .text.PixelMatrixClear
                0x0000f2c0       0x40 ./lcd-graphics/displayls013b7dh03.o
 .text.PixelMatrixDraw
                0x0000f300       0xb8 ./lcd-graphics/displayls013b7dh03.o
 .text.BUS_RegMaskedSet
                0x0000f3b8       0x24 ./lcd-graphics/displaypalemlib.o
 .text.BUS_RegMaskedClear
                0x0000f3dc       0x24 ./lcd-graphics/displaypalemlib.o
 .text.GPIO_PinOutClear
                0x0000f400       0x58 ./lcd-graphics/displaypalemlib.o
 .text.GPIO_PinOutSet
                0x0000f458       0x58 ./lcd-graphics/displaypalemlib.o
 .text.PAL_SpiInit
                0x0000f4b0       0x64 ./lcd-graphics/displaypalemlib.o
                0x0000f4b0                PAL_SpiInit
 .text.PAL_SpiTransmit
                0x0000f514       0x74 ./lcd-graphics/displaypalemlib.o
                0x0000f514                PAL_SpiTransmit
 .text.PAL_TimerInit
                0x0000f588       0x18 ./lcd-graphics/displaypalemlib.o
                0x0000f588                PAL_TimerInit
 .text.PAL_TimerMicroSecondsDelay
                0x0000f5a0       0x1c ./lcd-graphics/displaypalemlib.o
                0x0000f5a0                PAL_TimerMicroSecondsDelay
 .text.PAL_TimerRepeat
                0x0000f5bc       0x30 ./lcd-graphics/displaypalemlib.o
                0x0000f5bc                PAL_TimerRepeat
 .text.PAL_GpioInit
                0x0000f5ec       0x20 ./lcd-graphics/displaypalemlib.o
                0x0000f5ec                PAL_GpioInit
 .text.PAL_GpioPinModeSet
                0x0000f60c       0x44 ./lcd-graphics/displaypalemlib.o
                0x0000f60c                PAL_GpioPinModeSet
 .text.PAL_GpioPinOutSet
                0x0000f650       0x24 ./lcd-graphics/displaypalemlib.o
                0x0000f650                PAL_GpioPinOutSet
 .text.PAL_GpioPinOutClear
                0x0000f674       0x24 ./lcd-graphics/displaypalemlib.o
                0x0000f674                PAL_GpioPinOutClear
 .text.DMD_init
                0x0000f698       0xc8 ./lcd-graphics/dmd_display.o
                0x0000f698                DMD_init
 .text.DMD_getDisplayGeometry
                0x0000f760       0x38 ./lcd-graphics/dmd_display.o
                0x0000f760                DMD_getDisplayGeometry
 .text.DMD_setClippingArea
                0x0000f798       0x8c ./lcd-graphics/dmd_display.o
                0x0000f798                DMD_setClippingArea
 .text.DMD_writeColor
                0x0000f824      0x2b4 ./lcd-graphics/dmd_display.o
                0x0000f824                DMD_writeColor
 .text.DMD_allocateFramebuffer
                0x0000fad8       0x54 ./lcd-graphics/dmd_display.o
                0x0000fad8                DMD_allocateFramebuffer
 .text.DMD_updateDisplay
                0x0000fb2c      0x114 ./lcd-graphics/dmd_display.o
                0x0000fb2c                DMD_updateDisplay
 .text.GLIB_colorTranslate24bppInl
                0x0000fc40       0x34 ./lcd-graphics/glib.o
 .text.GLIB_contextInit
                0x0000fc74       0x84 ./lcd-graphics/glib.o
                0x0000fc74                GLIB_contextInit
 .text.GLIB_setClippingRegion
                0x0000fcf8       0xa4 ./lcd-graphics/glib.o
                0x0000fcf8                GLIB_setClippingRegion
 .text.GLIB_clear
                0x0000fd9c       0x70 ./lcd-graphics/glib.o
                0x0000fd9c                GLIB_clear
 .text.GLIB_resetDisplayClippingArea
                0x0000fe0c       0x30 ./lcd-graphics/glib.o
                0x0000fe0c                GLIB_resetDisplayClippingArea
 .text.GLIB_applyClippingRegion
                0x0000fe3c       0x58 ./lcd-graphics/glib.o
                0x0000fe3c                GLIB_applyClippingRegion
 .text.GLIB_colorTranslate24bpp
                0x0000fe94       0x20 ./lcd-graphics/glib.o
                0x0000fe94                GLIB_colorTranslate24bpp
 .text.GLIB_drawPixel
                0x0000feb4       0x6c ./lcd-graphics/glib.o
                0x0000feb4                GLIB_drawPixel
 .text.GLIB_drawPixelColor
                0x0000ff20       0x6c ./lcd-graphics/glib.o
                0x0000ff20                GLIB_drawPixelColor
 .text.GLIB_rectContainsPoint
                0x0000ff8c       0x4c ./lcd-graphics/glib_rectangle.o
                0x0000ff8c                GLIB_rectContainsPoint
 .text.GLIB_drawChar
                0x0000ffd8      0x1d8 ./lcd-graphics/glib_string.o
                0x0000ffd8                GLIB_drawChar
 .text.GLIB_drawString
                0x000101b0       0xd0 ./lcd-graphics/glib_string.o
                0x000101b0                GLIB_drawString
 .text.GLIB_setFont
                0x00010280       0x44 ./lcd-graphics/glib_string.o
                0x00010280                GLIB_setFont
 .text.GRAPHICS_Init
                0x000102c4       0x58 ./lcd-graphics/graphics.o
                0x000102c4                GRAPHICS_Init
 .text.GRAPHICS_Update
                0x0001031c        0xc ./lcd-graphics/graphics.o
                0x0001031c                GRAPHICS_Update
 .text.GRAPHICS_Clear
                0x00010328       0x24 ./lcd-graphics/graphics.o
                0x00010328                GRAPHICS_Clear
 .text.GRAPHICS_AppendString
                0x0001034c       0x58 ./lcd-graphics/graphics.o
                0x0001034c                GRAPHICS_AppendString
 .text.rtcIntCallbackRegister
                0x000103a4       0x1c ./lcd-graphics/graphics.o
                0x000103a4                rtcIntCallbackRegister
 .text.NVIC_ClearPendingIRQ
                0x000103c0       0x34 ./lcd-graphics/udelay.o
 .text.RTCC_CounterGet
                0x000103f4       0x18 ./lcd-graphics/udelay.o
 .text.UDELAY_Calibrate
                0x0001040c      0x190 ./lcd-graphics/udelay.o
                0x0001040c                UDELAY_Calibrate
 .text.UDELAY_Delay
                0x0001059c       0x38 ./lcd-graphics/udelay.o
                0x0001059c                UDELAY_Delay
 .text.calibrate_delay
                0x000105d4       0xd8 ./lcd-graphics/udelay.o
 .text.clock    0x000106ac       0x10 ./lcd-graphics/udelay.o
 .text._delay   0x000106bc       0x18 ./lcd-graphics/udelay.o
 .text.Reset_Handler
                0x000106d4       0x4c ./platform/Device/SiliconLabs/EFR32BG1B/Source/GCC/startup_efr32bg1b.o
                0x000106d4                Reset_Handler
 .text.Default_Handler
                0x00010720        0x8 ./platform/Device/SiliconLabs/EFR32BG1B/Source/GCC/startup_efr32bg1b.o
                0x00010720                DebugMon_Handler
                0x00010720                USART0_TX_IRQHandler
                0x00010720                I2C0_IRQHandler
                0x00010720                HardFault_Handler
                0x00010720                SysTick_Handler
                0x00010720                USART1_RX_IRQHandler
                0x00010720                PendSV_Handler
                0x00010720                NMI_Handler
                0x00010720                WDOG0_IRQHandler
                0x00010720                USART1_TX_IRQHandler
                0x00010720                MSC_IRQHandler
                0x00010720                ADC0_IRQHandler
                0x00010720                UsageFault_Handler
                0x00010720                LEUART0_IRQHandler
                0x00010720                FPUEH_IRQHandler
                0x00010720                LDMA_IRQHandler
                0x00010720                TIMER0_IRQHandler
                0x00010720                LETIMER0_IRQHandler
                0x00010720                TIMER1_IRQHandler
                0x00010720                Default_Handler
                0x00010720                CRYOTIMER_IRQHandler
                0x00010720                PCNT0_IRQHandler
                0x00010720                ACMP0_IRQHandler
                0x00010720                USART0_RX_IRQHandler
                0x00010720                MemManage_Handler
                0x00010720                SVC_Handler
                0x00010720                RTCC_IRQHandler
                0x00010720                CRYPTO_IRQHandler
                0x00010720                CMU_IRQHandler
                0x00010720                GPIO_ODD_IRQHandler
                0x00010720                BusFault_Handler
                0x00010720                IDAC0_IRQHandler
 .text.SystemCoreClockGet
                0x00010728       0x44 ./platform/Device/SiliconLabs/EFR32BG1B/Source/system_efr32bg1b.o
                0x00010728                SystemCoreClockGet
 .text.SystemMaxCoreClockGet
                0x0001076c       0x14 ./platform/Device/SiliconLabs/EFR32BG1B/Source/system_efr32bg1b.o
                0x0001076c                SystemMaxCoreClockGet
 .text.SystemHFClockGet
                0x00010780       0x70 ./platform/Device/SiliconLabs/EFR32BG1B/Source/system_efr32bg1b.o
                0x00010780                SystemHFClockGet
 .text.SystemHFXOClockGet
                0x000107f0       0x18 ./platform/Device/SiliconLabs/EFR32BG1B/Source/system_efr32bg1b.o
                0x000107f0                SystemHFXOClockGet
 .text.SystemHFXOClockSet
                0x00010808       0x30 ./platform/Device/SiliconLabs/EFR32BG1B/Source/system_efr32bg1b.o
                0x00010808                SystemHFXOClockSet
 .text.SystemInit
                0x00010838       0x5c ./platform/Device/SiliconLabs/EFR32BG1B/Source/system_efr32bg1b.o
                0x00010838                SystemInit
 .text.SystemLFRCOClockGet
                0x00010894       0x14 ./platform/Device/SiliconLabs/EFR32BG1B/Source/system_efr32bg1b.o
                0x00010894                SystemLFRCOClockGet
 .text.SystemULFRCOClockGet
                0x000108a8       0x14 ./platform/Device/SiliconLabs/EFR32BG1B/Source/system_efr32bg1b.o
                0x000108a8                SystemULFRCOClockGet
 .text.SystemLFXOClockGet
                0x000108bc       0x18 ./platform/Device/SiliconLabs/EFR32BG1B/Source/system_efr32bg1b.o
                0x000108bc                SystemLFXOClockGet
 .text.SystemLFXOClockSet
                0x000108d4       0x30 ./platform/Device/SiliconLabs/EFR32BG1B/Source/system_efr32bg1b.o
                0x000108d4                SystemLFXOClockSet
 .text.BUS_RegBitWrite
                0x00010904       0x2c ./platform/emdrv/sleep/src/sleep.o
 .text.EMU_EnterEM1
                0x00010930       0x20 ./platform/emdrv/sleep/src/sleep.o
 .text.EMU_EM2Block
                0x00010950       0x14 ./platform/emdrv/sleep/src/sleep.o
 .text.EMU_EM2UnBlock
                0x00010964       0x14 ./platform/emdrv/sleep/src/sleep.o
 .text.sleepCallbackWrapper
                0x00010978       0x2c ./platform/emdrv/sleep/src/sleep.o
 .text.SLEEP_Init
                0x000109a4       0x60 ./platform/emdrv/sleep/src/sleep.o
                0x000109a4                SLEEP_Init
 .text.SLEEP_Sleep
                0x00010a04       0x90 ./platform/emdrv/sleep/src/sleep.o
                0x00010a04                SLEEP_Sleep
 .text.SLEEP_SleepBlockBegin
                0x00010a94       0x48 ./platform/emdrv/sleep/src/sleep.o
                0x00010a94                SLEEP_SleepBlockBegin
 .text.SLEEP_SleepBlockEnd
                0x00010adc       0x58 ./platform/emdrv/sleep/src/sleep.o
                0x00010adc                SLEEP_SleepBlockEnd
 .text.SLEEP_LowestEnergyModeGet
                0x00010b34       0x40 ./platform/emdrv/sleep/src/sleep.o
                0x00010b34                SLEEP_LowestEnergyModeGet
 .text.enterEMx
                0x00010b74       0xa0 ./platform/emdrv/sleep/src/sleep.o
 .text.NVIC_EnableIRQ
                0x00010c14       0x30 ./platform/emdrv/tempdrv/src/tempdrv.o
 .text.NVIC_ClearPendingIRQ
                0x00010c44       0x34 ./platform/emdrv/tempdrv/src/tempdrv.o
 .text.EMU_IntClear
                0x00010c78       0x1c ./platform/emdrv/tempdrv/src/tempdrv.o
 .text.EMU_IntDisable
                0x00010c94       0x24 ./platform/emdrv/tempdrv/src/tempdrv.o
 .text.EMU_IntEnable
                0x00010cb8       0x24 ./platform/emdrv/tempdrv/src/tempdrv.o
 .text.EMU_IntGetEnabled
                0x00010cdc       0x24 ./platform/emdrv/tempdrv/src/tempdrv.o
 .text.EMU_IRQHandler
                0x00010d00        0xc ./platform/emdrv/tempdrv/src/tempdrv.o
                0x00010d00                EMU_IRQHandler
 .text.TEMPDRV_IRQHandler
                0x00010d0c       0xa0 ./platform/emdrv/tempdrv/src/tempdrv.o
                0x00010d0c                TEMPDRV_IRQHandler
 .text.errataCallback
                0x00010dac       0x20 ./platform/emdrv/tempdrv/src/tempdrv.o
 .text.errataStateUpdate
                0x00010dcc       0xbc ./platform/emdrv/tempdrv/src/tempdrv.o
 .text.errataInit
                0x00010e88       0x8c ./platform/emdrv/tempdrv/src/tempdrv.o
 .text.convertToTemp
                0x00010f14       0x58 ./platform/emdrv/tempdrv/src/tempdrv.o
 .text.convertToEmu
                0x00010f6c       0x48 ./platform/emdrv/tempdrv/src/tempdrv.o
 .text.disableInterrupts
                0x00010fb4       0x18 ./platform/emdrv/tempdrv/src/tempdrv.o
 .text.updateInterrupts
                0x00010fcc      0x140 ./platform/emdrv/tempdrv/src/tempdrv.o
 .text.TEMPDRV_Init
                0x0001110c       0xd4 ./platform/emdrv/tempdrv/src/tempdrv.o
                0x0001110c                TEMPDRV_Init
 .text.TEMPDRV_GetTemp
                0x000111e0       0x1c ./platform/emdrv/tempdrv/src/tempdrv.o
                0x000111e0                TEMPDRV_GetTemp
 .text.BUS_RegBitWrite
                0x000111fc       0x2c ./platform/emlib/src/em_cmu.o
 .text.BUS_RegBitRead
                0x00011228       0x2c ./platform/emlib/src/em_cmu.o
 .text.BUS_RegMaskedSet
                0x00011254       0x24 ./platform/emlib/src/em_cmu.o
 .text.BUS_RegMaskedClear
                0x00011278       0x24 ./platform/emlib/src/em_cmu.o
 .text.BUS_RegMaskedWrite
                0x0001129c       0x24 ./platform/emlib/src/em_cmu.o
 .text.CMU_Log2ToDiv
                0x000112c0       0x1c ./platform/emlib/src/em_cmu.o
 .text.CMU_PrescToLog2
                0x000112dc       0x28 ./platform/emlib/src/em_cmu.o
 .text.setHfLeConfig
                0x00011304       0x64 ./platform/emlib/src/em_cmu.o
 .text.auxClkGet
                0x00011368       0x20 ./platform/emlib/src/em_cmu.o
 .text.hfSrcClkGet
                0x00011388       0x2c ./platform/emlib/src/em_cmu.o
 .text.dbgClkGet
                0x000113b4       0x40 ./platform/emlib/src/em_cmu.o
 .text.adcAsyncClkGet
                0x000113f4       0x80 ./platform/emlib/src/em_cmu.o
 .text.flashWaitStateControl
                0x00011474       0x5c ./platform/emlib/src/em_cmu.o
 .text.flashWaitStateMax
                0x000114d0       0x40 ./platform/emlib/src/em_cmu.o
 .text.CMU_UpdateWaitStates
                0x00011510       0x40 ./platform/emlib/src/em_cmu.o
                0x00011510                CMU_UpdateWaitStates
 .text.getRegIshUpperVal
                0x00011550       0x38 ./platform/emlib/src/em_cmu.o
 .text.getHfxoTuningMode
                0x00011588       0x1c ./platform/emlib/src/em_cmu.o
 .text.setHfxoTuningMode
                0x000115a4       0x28 ./platform/emlib/src/em_cmu.o
 .text.lfClkGet
                0x000115cc       0xf4 ./platform/emlib/src/em_cmu.o
 .text.syncReg  0x000116c0       0x38 ./platform/emlib/src/em_cmu.o
 .text.CMU_ClockDivGet
                0x000116f8       0x1c ./platform/emlib/src/em_cmu.o
                0x000116f8                CMU_ClockDivGet
 .text.CMU_ClockDivSet
                0x00011714       0x1c ./platform/emlib/src/em_cmu.o
                0x00011714                CMU_ClockDivSet
 .text.CMU_ClockEnable
                0x00011730       0xcc ./platform/emlib/src/em_cmu.o
                0x00011730                CMU_ClockEnable
 .text.CMU_ClockFreqGet
                0x000117fc      0x198 ./platform/emlib/src/em_cmu.o
                0x000117fc                CMU_ClockFreqGet
 .text.CMU_ClockPrescGet
                0x00011994      0x120 ./platform/emlib/src/em_cmu.o
                0x00011994                CMU_ClockPrescGet
 .text.CMU_ClockPrescSet
                0x00011ab4      0x1e0 ./platform/emlib/src/em_cmu.o
                0x00011ab4                CMU_ClockPrescSet
 .text.CMU_ClockSelectGet
                0x00011c94      0x19c ./platform/emlib/src/em_cmu.o
                0x00011c94                CMU_ClockSelectGet
 .text.CMU_ClockSelectSet
                0x00011e30      0x260 ./platform/emlib/src/em_cmu.o
                0x00011e30                CMU_ClockSelectSet
 .text.CMU_HFXOAutostartEnable
                0x00012090       0x7c ./platform/emlib/src/em_cmu.o
                0x00012090                CMU_HFXOAutostartEnable
 .text.CMU_HFXOInit
                0x0001210c       0xf4 ./platform/emlib/src/em_cmu.o
                0x0001210c                CMU_HFXOInit
 .text.CMU_LFXOInit
                0x00012200       0x50 ./platform/emlib/src/em_cmu.o
                0x00012200                CMU_LFXOInit
 .text.CMU_OscillatorEnable
                0x00012250      0x174 ./platform/emlib/src/em_cmu.o
                0x00012250                CMU_OscillatorEnable
 .text.CMU_OscillatorTuningGet
                0x000123c4       0x74 ./platform/emlib/src/em_cmu.o
                0x000123c4                CMU_OscillatorTuningGet
 .text.CMU_OscillatorTuningSet
                0x00012438      0x100 ./platform/emlib/src/em_cmu.o
                0x00012438                CMU_OscillatorTuningSet
 .text.CMU_OscillatorTuningWait
                0x00012538       0x94 ./platform/emlib/src/em_cmu.o
                0x00012538                CMU_OscillatorTuningWait
 .text.CMU_OscillatorTuningOptimize
                0x000125cc       0x58 ./platform/emlib/src/em_cmu.o
                0x000125cc                CMU_OscillatorTuningOptimize
 .text.CORE_EnterCritical
                0x00012624       0x20 ./platform/emlib/src/em_core.o
                0x00012624                CORE_EnterCritical
 .text.CORE_ExitCritical
                0x00012644       0x1c ./platform/emlib/src/em_core.o
                0x00012644                CORE_ExitCritical
 .text.CORE_EnterAtomic
                0x00012660       0x20 ./platform/emlib/src/em_core.o
                0x00012660                CORE_EnterAtomic
 .text.CORE_ExitAtomic
                0x00012680       0x1c ./platform/emlib/src/em_core.o
                0x00012680                CORE_ExitAtomic
 .text.CORE_SetNvicRamTableHandler
                0x0001269c       0x44 ./platform/emlib/src/em_core.o
                0x0001269c                CORE_SetNvicRamTableHandler
 .text.CORE_InitNvicVectorTable
                0x000126e0       0xc8 ./platform/emlib/src/em_core.o
                0x000126e0                CORE_InitNvicVectorTable
 .text.CRYPTO_BurstFromCrypto
                0x000127a8       0x40 ./platform/emlib/src/em_crypto.o
 .text.CRYPTO_ModulusSet
                0x000127e8       0x88 ./platform/emlib/src/em_crypto.o
                0x000127e8                CRYPTO_ModulusSet
 .text.CRYPTO_KeyRead
                0x00012870       0x38 ./platform/emlib/src/em_crypto.o
                0x00012870                CRYPTO_KeyRead
 .text.SystemCoreClockUpdate
                0x000128a8        0xc ./platform/emlib/src/em_emu.o
 .text.BUS_RegBitWrite
                0x000128b4       0x2c ./platform/emlib/src/em_emu.o
 .text.BUS_RegBitRead
                0x000128e0       0x2c ./platform/emlib/src/em_emu.o
 .text.EMU_Unlock
                0x0001290c       0x18 ./platform/emlib/src/em_emu.o
 .text.CMU_Lock
                0x00012924       0x18 ./platform/emlib/src/em_emu.o
 .text.CMU_Unlock
                0x0001293c       0x1c ./platform/emlib/src/em_emu.o
 .text.SYSTEM_GetDevinfoRev
                0x00012958       0x18 ./platform/emlib/src/em_emu.o
 .text.emState  0x00012970       0xcc ./platform/emlib/src/em_emu.o
 .text.dcdcFetCntSet
                0x00012a3c       0x50 ./platform/emlib/src/em_emu.o
 .text.dcdcHsFixLnBlock
                0x00012a8c       0x48 ./platform/emlib/src/em_emu.o
 .text.EMU_EnterEM2
                0x00012ad4       0x50 ./platform/emlib/src/em_emu.o
                0x00012ad4                EMU_EnterEM2
 .text.EMU_EnterEM3
                0x00012b24       0x78 ./platform/emlib/src/em_emu.o
                0x00012b24                EMU_EnterEM3
 .text.EMU_Save
                0x00012b9c        0xc ./platform/emlib/src/em_emu.o
                0x00012b9c                EMU_Save
 .text.EMU_Restore
                0x00012ba8        0xc ./platform/emlib/src/em_emu.o
                0x00012ba8                EMU_Restore
 .text.EMU_EnterEM4
                0x00012bb4       0xbc ./platform/emlib/src/em_emu.o
                0x00012bb4                EMU_EnterEM4
 .text.dcdcConstCalibrationLoad
                0x00012c70       0xc4 ./platform/emlib/src/em_emu.o
 .text.dcdcValidatedConfigSet
                0x00012d34       0xb0 ./platform/emlib/src/em_emu.o
 .text.currentLimitersUpdate
                0x00012de4       0xe4 ./platform/emlib/src/em_emu.o
 .text.userCurrentLimitsSet
                0x00012ec8       0x2c ./platform/emlib/src/em_emu.o
 .text.compCtrlSet
                0x00012ef4       0x3c ./platform/emlib/src/em_emu.o
 .text.lpCmpHystCalibrationLoad
                0x00012f30       0xd0 ./platform/emlib/src/em_emu.o
 .text.lpGetDevinfoVrefLowHigh
                0x00013000      0x164 ./platform/emlib/src/em_emu.o
 .text.EMU_DCDCModeSet
                0x00013164       0xb8 ./platform/emlib/src/em_emu.o
                0x00013164                EMU_DCDCModeSet
 .text.EMU_DCDCInit
                0x0001321c      0x114 ./platform/emlib/src/em_emu.o
                0x0001321c                EMU_DCDCInit
 .text.EMU_DCDCOutputVoltageSet
                0x00013330      0x20c ./platform/emlib/src/em_emu.o
                0x00013330                EMU_DCDCOutputVoltageSet
 .text.EMU_DCDCOptimizeSlice
                0x0001353c       0xd8 ./platform/emlib/src/em_emu.o
                0x0001353c                EMU_DCDCOptimizeSlice
 .text.EMU_DCDCLnRcoBandSet
                0x00013614       0x54 ./platform/emlib/src/em_emu.o
                0x00013614                EMU_DCDCLnRcoBandSet
 .text.EMU_SetBiasMode
                0x00013668       0xa4 ./platform/emlib/src/em_emu.o
                0x00013668                EMU_SetBiasMode
 .text.BUS_RegBitWrite
                0x0001370c       0x2c ./platform/emlib/src/em_gpio.o
 .text.BUS_RegMaskedSet
                0x00013738       0x24 ./platform/emlib/src/em_gpio.o
 .text.BUS_RegMaskedClear
                0x0001375c       0x24 ./platform/emlib/src/em_gpio.o
 .text.BUS_RegMaskedWrite
                0x00013780       0x24 ./platform/emlib/src/em_gpio.o
 .text.GPIO_PinOutClear
                0x000137a4       0x58 ./platform/emlib/src/em_gpio.o
 .text.GPIO_PinOutSet
                0x000137fc       0x58 ./platform/emlib/src/em_gpio.o
 .text.GPIO_ExtIntConfig
                0x00013854      0x124 ./platform/emlib/src/em_gpio.o
                0x00013854                GPIO_ExtIntConfig
 .text.GPIO_PinModeSet
                0x00013978      0x10c ./platform/emlib/src/em_gpio.o
                0x00013978                GPIO_PinModeSet
 .text.MSC_Init
                0x00013a84       0x24 ./platform/emlib/src/em_msc.o
                0x00013a84                MSC_Init
 .text.MSC_Deinit
                0x00013aa8       0x24 ./platform/emlib/src/em_msc.o
                0x00013aa8                MSC_Deinit
 .text.RMU_ResetCauseClear
                0x00013acc       0x18 ./platform/emlib/src/em_rmu.o
                0x00013acc                RMU_ResetCauseClear
 .text.RMU_ResetCauseGet
                0x00013ae4       0xdc ./platform/emlib/src/em_rmu.o
                0x00013ae4                RMU_ResetCauseGet
 .text.BUS_RegBitWrite
                0x00013bc0       0x2c ./platform/emlib/src/em_rtcc.o
 .text.RTCC_ChannelInit
                0x00013bec       0x5c ./platform/emlib/src/em_rtcc.o
                0x00013bec                RTCC_ChannelInit
 .text.RTCC_Enable
                0x00013c48       0x20 ./platform/emlib/src/em_rtcc.o
                0x00013c48                RTCC_Enable
 .text.RTCC_Init
                0x00013c68       0x94 ./platform/emlib/src/em_rtcc.o
                0x00013c68                RTCC_Init
 .text.SYSTEM_ChipRevisionGet
                0x00013cfc       0x78 ./platform/emlib/src/em_system.o
                0x00013cfc                SYSTEM_ChipRevisionGet
 .text.USART_BaudrateSyncSet
                0x00013d74       0x40 ./platform/emlib/src/em_usart.o
                0x00013d74                USART_BaudrateSyncSet
 .text.USART_InitSync
                0x00013db4       0xf0 ./platform/emlib/src/em_usart.o
                0x00013db4                USART_InitSync
 .text.USART_Reset
                0x00013ea4       0x9c ./platform/emlib/src/em_usart.o
                0x00013ea4                USART_Reset
 .text.USART_SpiTransfer
                0x00013f40       0x40 ./platform/emlib/src/em_usart.o
                0x00013f40                USART_SpiTransfer
 .text.USART_Tx
                0x00013f80       0x2c ./platform/emlib/src/em_usart.o
                0x00013f80                USART_Tx
 .text.USART_TxDouble
                0x00013fac       0x2c ./platform/emlib/src/em_usart.o
                0x00013fac                USART_TxDouble
 .text.NVIC_EnableIRQ
                0x00013fd8       0x30 ./src/gpio.o
 .text.NVIC_ClearPendingIRQ
                0x00014008       0x34 ./src/gpio.o
 .text.GPIO_IntClear
                0x0001403c       0x20 ./src/gpio.o
 .text.GPIO_IntGetEnabled
                0x0001405c       0x28 ./src/gpio.o
 .text.gecko_cmd_sm_passkey_confirm
                0x00014084       0x5c ./src/gpio.o
 .text.GPIO_EVEN_IRQHandler
                0x000140e0       0x44 ./src/gpio.o
                0x000140e0                GPIO_EVEN_IRQHandler
 .text.gpio_init
                0x00014124       0x38 ./src/gpio.o
                0x00014124                gpio_init
 .text.lcd_initialize
                0x0001415c        0xc ./src/lcd.o
                0x0001415c                lcd_initialize
 .text.lcd_clear_print
                0x00014168       0x1c ./src/lcd.o
                0x00014168                lcd_clear_print
 .text.lcd_print
                0x00014184       0x18 ./src/lcd.o
                0x00014184                lcd_print
 .text.lcd_passkey_display
                0x0001419c       0x38 ./src/lcd.o
                0x0001419c                lcd_passkey_display
 .text.RAIL_ConfigPti
                0x000141d4        0x6 C:\Users\Rishi\SimplicityStudio\v4_workspace_rm_client\hub_project\platform\radio\rail_lib\autogen\librail_release\librail_efr32xg1_gcc_release.a(rail_pti.o)
                0x000141d4                RAIL_ConfigPti
 .text.RAIL_EnablePti
                0x000141da        0x6 C:\Users\Rishi\SimplicityStudio\v4_workspace_rm_client\hub_project\platform\radio\rail_lib\autogen\librail_release\librail_efr32xg1_gcc_release.a(rail_pti.o)
                0x000141da                RAIL_EnablePti
 .text.eventDefault
                0x000141e0        0x2 C:\Users\Rishi\SimplicityStudio\v4_workspace_rm_client\hub_project\platform\radio\rail_lib\autogen\librail_release\librail_efr32xg1_gcc_release.a(rail_rf_hal.o)
 *fill*         0x000141e2        0x2 
 .text.setRssiPeriod
                0x000141e4       0x18 C:\Users\Rishi\SimplicityStudio\v4_workspace_rm_client\hub_project\platform\radio\rail_lib\autogen\librail_release\librail_efr32xg1_gcc_release.a(rail_rf_hal.o)
 .text.RFHAL_NotifyUserOfIrCal
                0x000141fc       0x68 C:\Users\Rishi\SimplicityStudio\v4_workspace_rm_client\hub_project\platform\radio\rail_lib\autogen\librail_release\librail_efr32xg1_gcc_release.a(rail_rf_hal.o)
 *fill*         0x00014264        0x4 
 .text.GENERIC_PHY_EventCallback
                0x00014268      0x1a0 C:\Users\Rishi\SimplicityStudio\v4_workspace_rm_client\hub_project\platform\radio\rail_lib\autogen\librail_release\librail_efr32xg1_gcc_release.a(rail_rf_hal.o)
                0x00014268                GENERIC_PHY_EventCallback
 .text.RFHAL_IntEnable
                0x00014408       0x56 C:\Users\Rishi\SimplicityStudio\v4_workspace_rm_client\hub_project\platform\radio\rail_lib\autogen\librail_release\librail_efr32xg1_gcc_release.a(rail_rf_hal.o)
                0x00014408                RFHAL_IntEnable
 *fill*         0x0001445e        0x2 
 .text.RFHAL_SetEventCallback
                0x00014460       0x18 C:\Users\Rishi\SimplicityStudio\v4_workspace_rm_client\hub_project\platform\radio\rail_lib\autogen\librail_release\librail_efr32xg1_gcc_release.a(rail_rf_hal.o)
                0x00014460                RFHAL_SetEventCallback
 .text.RFHAL_SetPtiProtocol
                0x00014478       0x20 C:\Users\Rishi\SimplicityStudio\v4_workspace_rm_client\hub_project\platform\radio\rail_lib\autogen\librail_release\librail_efr32xg1_gcc_release.a(rail_rf_hal.o)
                0x00014478                RFHAL_SetPtiProtocol
 .text.RFHAL_Idle
                0x00014498       0x40 C:\Users\Rishi\SimplicityStudio\v4_workspace_rm_client\hub_project\platform\radio\rail_lib\autogen\librail_release\librail_efr32xg1_gcc_release.a(rail_rf_hal.o)
                0x00014498                RFHAL_Idle
 .text.RFHAL_GetRadioState
                0x000144d8       0x7c C:\Users\Rishi\SimplicityStudio\v4_workspace_rm_client\hub_project\platform\radio\rail_lib\autogen\librail_release\librail_efr32xg1_gcc_release.a(rail_rf_hal.o)
                0x000144d8                RFHAL_GetRadioState
 .text.RFHAL_OkToTransmit
                0x00014554       0x18 C:\Users\Rishi\SimplicityStudio\v4_workspace_rm_client\hub_project\platform\radio\rail_lib\autogen\librail_release\librail_efr32xg1_gcc_release.a(rail_rf_hal.o)
                0x00014554                RFHAL_OkToTransmit
 .text.RFHAL_ScheduleRx
                0x0001456c       0x74 C:\Users\Rishi\SimplicityStudio\v4_workspace_rm_client\hub_project\platform\radio\rail_lib\autogen\librail_release\librail_efr32xg1_gcc_release.a(rail_rf_hal.o)
                0x0001456c                RFHAL_ScheduleRx
 .text.RFHAL_EnableRxRawCapture
                0x000145e0       0x5c C:\Users\Rishi\SimplicityStudio\v4_workspace_rm_client\hub_project\platform\radio\rail_lib\autogen\librail_release\librail_efr32xg1_gcc_release.a(rail_rf_hal.o)
                0x000145e0                RFHAL_EnableRxRawCapture
 .text.RFHAL_DisableRxRawCapture
                0x0001463c       0x38 C:\Users\Rishi\SimplicityStudio\v4_workspace_rm_client\hub_project\platform\radio\rail_lib\autogen\librail_release\librail_efr32xg1_gcc_release.a(rail_rf_hal.o)
                0x0001463c                RFHAL_DisableRxRawCapture
 .text.RFHAL_AcceptCrcErrors
                0x00014674       0x18 C:\Users\Rishi\SimplicityStudio\v4_workspace_rm_client\hub_project\platform\radio\rail_lib\autogen\librail_release\librail_efr32xg1_gcc_release.a(rail_rf_hal.o)
                0x00014674                RFHAL_AcceptCrcErrors
 .text.RFHAL_ConfigRxOptions
                0x0001468c       0x74 C:\Users\Rishi\SimplicityStudio\v4_workspace_rm_client\hub_project\platform\radio\rail_lib\autogen\librail_release\librail_efr32xg1_gcc_release.a(rail_rf_hal.o)
                0x0001468c                RFHAL_ConfigRxOptions
 .text.RFHAL_GetTimer
                0x00014700       0x10 C:\Users\Rishi\SimplicityStudio\v4_workspace_rm_client\hub_project\platform\radio\rail_lib\autogen\librail_release\librail_efr32xg1_gcc_release.a(rail_rf_hal.o)
                0x00014700                RFHAL_GetTimer
 .text.RFHAL_CancelTimer
                0x00014710       0x28 C:\Users\Rishi\SimplicityStudio\v4_workspace_rm_client\hub_project\platform\radio\rail_lib\autogen\librail_release\librail_efr32xg1_gcc_release.a(rail_rf_hal.o)
                0x00014710                RFHAL_CancelTimer
 .text.RFHAL_SetTimer
                0x00014738       0x84 C:\Users\Rishi\SimplicityStudio\v4_workspace_rm_client\hub_project\platform\radio\rail_lib\autogen\librail_release\librail_efr32xg1_gcc_release.a(rail_rf_hal.o)
                0x00014738                RFHAL_SetTimer
 .text.RFHAL_IsTimerExpired
                0x000147bc       0x1c C:\Users\Rishi\SimplicityStudio\v4_workspace_rm_client\hub_project\platform\radio\rail_lib\autogen\librail_release\librail_efr32xg1_gcc_release.a(rail_rf_hal.o)
                0x000147bc                RFHAL_IsTimerExpired
 .text.RFHAL_IsTimerRunning
                0x000147d8        0x6 C:\Users\Rishi\SimplicityStudio\v4_workspace_rm_client\hub_project\platform\radio\rail_lib\autogen\librail_release\librail_efr32xg1_gcc_release.a(rail_rf_hal.o)
                0x000147d8                RFHAL_IsTimerRunning
 *fill*         0x000147de        0x2 
 .text.RFHAL_SetTxTransitions
                0x000147e0       0x1c C:\Users\Rishi\SimplicityStudio\v4_workspace_rm_client\hub_project\platform\radio\rail_lib\autogen\librail_release\librail_efr32xg1_gcc_release.a(rail_rf_hal.o)
                0x000147e0                RFHAL_SetTxTransitions
 .text.RFHAL_SetRxTransitions
                0x000147fc       0x1c C:\Users\Rishi\SimplicityStudio\v4_workspace_rm_client\hub_project\platform\radio\rail_lib\autogen\librail_release\librail_efr32xg1_gcc_release.a(rail_rf_hal.o)
                0x000147fc                RFHAL_SetRxTransitions
 .text.RFHAL_SetCRCInitVal
                0x00014818        0x4 C:\Users\Rishi\SimplicityStudio\v4_workspace_rm_client\hub_project\platform\radio\rail_lib\autogen\librail_release\librail_efr32xg1_gcc_release.a(rail_rf_hal.o)
                0x00014818                RFHAL_SetCRCInitVal
 .text.RFHAL_ConfigTxPower
                0x0001481c        0xc C:\Users\Rishi\SimplicityStudio\v4_workspace_rm_client\hub_project\platform\radio\rail_lib\autogen\librail_release\librail_efr32xg1_gcc_release.a(rail_rf_hal.o)
                0x0001481c                RFHAL_ConfigTxPower
 .text.RFHAL_SetTxPowerUnchecked
                0x00014828       0x18 C:\Users\Rishi\SimplicityStudio\v4_workspace_rm_client\hub_project\platform\radio\rail_lib\autogen\librail_release\librail_efr32xg1_gcc_release.a(rail_rf_hal.o)
                0x00014828                RFHAL_SetTxPowerUnchecked
 .text.RFHAL_SetTxPower
                0x00014840       0x3c C:\Users\Rishi\SimplicityStudio\v4_workspace_rm_client\hub_project\platform\radio\rail_lib\autogen\librail_release\librail_efr32xg1_gcc_release.a(rail_rf_hal.o)
                0x00014840                RFHAL_SetTxPower
 .text.RFHAL_GetTxPowerConfig
                0x0001487c        0xc C:\Users\Rishi\SimplicityStudio\v4_workspace_rm_client\hub_project\platform\radio\rail_lib\autogen\librail_release\librail_efr32xg1_gcc_release.a(rail_rf_hal.o)
                0x0001487c                RFHAL_GetTxPowerConfig
 .text.RFHAL_GetTxPower
                0x00014888        0x4 C:\Users\Rishi\SimplicityStudio\v4_workspace_rm_client\hub_project\platform\radio\rail_lib\autogen\librail_release\librail_efr32xg1_gcc_release.a(rail_rf_hal.o)
                0x00014888                RFHAL_GetTxPower
 .text.RFHAL_SetChannel
                0x0001488c       0x98 C:\Users\Rishi\SimplicityStudio\v4_workspace_rm_client\hub_project\platform\radio\rail_lib\autogen\librail_release\librail_efr32xg1_gcc_release.a(rail_rf_hal.o)
                0x0001488c                RFHAL_SetChannel
 .text.RFHAL_IsAutoAckEnabled
                0x00014924        0x6 C:\Users\Rishi\SimplicityStudio\v4_workspace_rm_client\hub_project\platform\radio\rail_lib\autogen\librail_release\librail_efr32xg1_gcc_release.a(rail_rf_hal.o)
                0x00014924                RFHAL_IsAutoAckEnabled
 *fill*         0x0001492a        0x2 
 .text.RFHAL_AutoAckWaitForAck
                0x0001492c       0x18 C:\Users\Rishi\SimplicityStudio\v4_workspace_rm_client\hub_project\platform\radio\rail_lib\autogen\librail_release\librail_efr32xg1_gcc_release.a(rail_rf_hal.o)
                0x0001492c                RFHAL_AutoAckWaitForAck
 .text.preTxOps
                0x00014944       0xc4 C:\Users\Rishi\SimplicityStudio\v4_workspace_rm_client\hub_project\platform\radio\rail_lib\autogen\librail_release\librail_efr32xg1_gcc_release.a(rail_rf_hal.o)
 .text.RFHAL_StartTx
                0x00014a08       0x12 C:\Users\Rishi\SimplicityStudio\v4_workspace_rm_client\hub_project\platform\radio\rail_lib\autogen\librail_release\librail_efr32xg1_gcc_release.a(rail_rf_hal.o)
                0x00014a08                RFHAL_StartTx
 .text.RFHAL_StartScheduledTx
                0x00014a1a       0x3a C:\Users\Rishi\SimplicityStudio\v4_workspace_rm_client\hub_project\platform\radio\rail_lib\autogen\librail_release\librail_efr32xg1_gcc_release.a(rail_rf_hal.o)
                0x00014a1a                RFHAL_StartScheduledTx
 .text.RFHAL_GetRxPacketInfo
                0x00014a54       0x48 C:\Users\Rishi\SimplicityStudio\v4_workspace_rm_client\hub_project\platform\radio\rail_lib\autogen\librail_release\librail_efr32xg1_gcc_release.a(rail_rf_hal.o)
                0x00014a54                RFHAL_GetRxPacketInfo
 .text.RFHAL_GetRxPacketDetails
                0x00014a9c       0xcc C:\Users\Rishi\SimplicityStudio\v4_workspace_rm_client\hub_project\platform\radio\rail_lib\autogen\librail_release\librail_efr32xg1_gcc_release.a(rail_rf_hal.o)
                0x00014a9c                RFHAL_GetRxPacketDetails
 .text.RFHAL_SetTxBuffer
                0x00014b68       0x3a C:\Users\Rishi\SimplicityStudio\v4_workspace_rm_client\hub_project\platform\radio\rail_lib\autogen\librail_release\librail_efr32xg1_gcc_release.a(rail_rf_hal.o)
                0x00014b68                RFHAL_SetTxBuffer
 *fill*         0x00014ba2        0x2 
 .text.RFHAL_ResetTxFifo
                0x00014ba4       0x2c C:\Users\Rishi\SimplicityStudio\v4_workspace_rm_client\hub_project\platform\radio\rail_lib\autogen\librail_release\librail_efr32xg1_gcc_release.a(rail_rf_hal.o)
                0x00014ba4                RFHAL_ResetTxFifo
 .text.RFHAL_WriteTxFifo
                0x00014bd0       0x28 C:\Users\Rishi\SimplicityStudio\v4_workspace_rm_client\hub_project\platform\radio\rail_lib\autogen\librail_release\librail_efr32xg1_gcc_release.a(rail_rf_hal.o)
                0x00014bd0                RFHAL_WriteTxFifo
 .text.RFHAL_ResetRxFifo
                0x00014bf8       0x40 C:\Users\Rishi\SimplicityStudio\v4_workspace_rm_client\hub_project\platform\radio\rail_lib\autogen\librail_release\librail_efr32xg1_gcc_release.a(rail_rf_hal.o)
                0x00014bf8                RFHAL_ResetRxFifo
 .text.RFHAL_ConfigData
                0x00014c38       0x7c C:\Users\Rishi\SimplicityStudio\v4_workspace_rm_client\hub_project\platform\radio\rail_lib\autogen\librail_release\librail_efr32xg1_gcc_release.a(rail_rf_hal.o)
                0x00014c38                RFHAL_ConfigData
 .text.RFHAL_SetAbortScheduledTxDuringRx
                0x00014cb4       0x18 C:\Users\Rishi\SimplicityStudio\v4_workspace_rm_client\hub_project\platform\radio\rail_lib\autogen\librail_release\librail_efr32xg1_gcc_release.a(rail_rf_hal.o)
                0x00014cb4                RFHAL_SetAbortScheduledTxDuringRx
 .text.RFHAL_ConfigFrameTypeLength
                0x00014ccc       0x70 C:\Users\Rishi\SimplicityStudio\v4_workspace_rm_client\hub_project\platform\radio\rail_lib\autogen\librail_release\librail_efr32xg1_gcc_release.a(rail_rf_hal.o)
                0x00014ccc                RFHAL_ConfigFrameTypeLength
 .text.RFHAL_ConfigRadio
                0x00014d3c       0xe8 C:\Users\Rishi\SimplicityStudio\v4_workspace_rm_client\hub_project\platform\radio\rail_lib\autogen\librail_release\librail_efr32xg1_gcc_release.a(rail_rf_hal.o)
                0x00014d3c                RFHAL_ConfigRadio
 .text.RFHAL_GetTime
                0x00014e24        0xe C:\Users\Rishi\SimplicityStudio\v4_workspace_rm_client\hub_project\platform\radio\rail_lib\autogen\librail_release\librail_efr32xg1_gcc_release.a(rail_rf_hal.o)
                0x00014e24                RFHAL_GetTime
 *fill*         0x00014e32        0x2 
 .text.RFHAL_ResetAddressFilter
                0x00014e34       0x10 C:\Users\Rishi\SimplicityStudio\v4_workspace_rm_client\hub_project\platform\radio\rail_lib\autogen\librail_release\librail_efr32xg1_gcc_release.a(rail_rf_hal.o)
                0x00014e34                RFHAL_ResetAddressFilter
 .text.RFHAL_Init
                0x00014e44       0xa4 C:\Users\Rishi\SimplicityStudio\v4_workspace_rm_client\hub_project\platform\radio\rail_lib\autogen\librail_release\librail_efr32xg1_gcc_release.a(rail_rf_hal.o)
                0x00014e44                RFHAL_Init
 .text.RFHAL_GetRadioEntropy
                0x00014ee8        0x4 C:\Users\Rishi\SimplicityStudio\v4_workspace_rm_client\hub_project\platform\radio\rail_lib\autogen\librail_release\librail_efr32xg1_gcc_release.a(rail_rf_hal.o)
                0x00014ee8                RFHAL_GetRadioEntropy
 .text.RFHAL_SetStateTiming
                0x00014eec       0x56 C:\Users\Rishi\SimplicityStudio\v4_workspace_rm_client\hub_project\platform\radio\rail_lib\autogen\librail_release\librail_efr32xg1_gcc_release.a(rail_rf_hal.o)
                0x00014eec                RFHAL_SetStateTiming
 .text.RFHAL_ConfigPti
                0x00014f42        0x4 C:\Users\Rishi\SimplicityStudio\v4_workspace_rm_client\hub_project\platform\radio\rail_lib\autogen\librail_release\librail_efr32xg1_gcc_release.a(rail_rf_hal.o)
                0x00014f42                RFHAL_ConfigPti
 .text.RFHAL_EnablePti
                0x00014f46        0x4 C:\Users\Rishi\SimplicityStudio\v4_workspace_rm_client\hub_project\platform\radio\rail_lib\autogen\librail_release\librail_efr32xg1_gcc_release.a(rail_rf_hal.o)
                0x00014f46                RFHAL_EnablePti
 .text.RFHAL_IEEE802154IsEnabled
                0x00014f4a        0x6 C:\Users\Rishi\SimplicityStudio\v4_workspace_rm_client\hub_project\platform\radio\rail_lib\autogen\librail_release\librail_efr32xg1_gcc_release.a(rail_ieee802154_rf_hal.o)
                0x00014f4a                RFHAL_IEEE802154IsEnabled
 .text.setMultiTimer
                0x00014f50        0x4 C:\Users\Rishi\SimplicityStudio\v4_workspace_rm_client\hub_project\platform\radio\rail_lib\autogen\librail_release\librail_efr32xg1_gcc_release.a(rail_singleprotocol.o)
 .text.cancelMultiTimer
                0x00014f54        0x4 C:\Users\Rishi\SimplicityStudio\v4_workspace_rm_client\hub_project\platform\radio\rail_lib\autogen\librail_release\librail_efr32xg1_gcc_release.a(rail_singleprotocol.o)
 .text.isMultiTimerRunning
                0x00014f58        0x4 C:\Users\Rishi\SimplicityStudio\v4_workspace_rm_client\hub_project\platform\radio\rail_lib\autogen\librail_release\librail_efr32xg1_gcc_release.a(rail_singleprotocol.o)
 .text.isMultiTimerExpired
                0x00014f5c        0x4 C:\Users\Rishi\SimplicityStudio\v4_workspace_rm_client\hub_project\platform\radio\rail_lib\autogen\librail_release\librail_efr32xg1_gcc_release.a(rail_singleprotocol.o)
 .text.getMultiTimer
                0x00014f60        0x4 C:\Users\Rishi\SimplicityStudio\v4_workspace_rm_client\hub_project\platform\radio\rail_lib\autogen\librail_release\librail_efr32xg1_gcc_release.a(rail_singleprotocol.o)
 .text.RAIL_Init
                0x00014f64       0x20 C:\Users\Rishi\SimplicityStudio\v4_workspace_rm_client\hub_project\platform\radio\rail_lib\autogen\librail_release\librail_efr32xg1_gcc_release.a(rail_singleprotocol.o)
                0x00014f64                RAIL_Init
 .text.RAIL_GetSchedulerStatus
                0x00014f84        0x4 C:\Users\Rishi\SimplicityStudio\v4_workspace_rm_client\hub_project\platform\radio\rail_lib\autogen\librail_release\librail_efr32xg1_gcc_release.a(rail_singleprotocol.o)
                0x00014f84                RAIL_GetSchedulerStatus
 .text.RAIL_Idle
                0x00014f88        0x8 C:\Users\Rishi\SimplicityStudio\v4_workspace_rm_client\hub_project\platform\radio\rail_lib\autogen\librail_release\librail_efr32xg1_gcc_release.a(rail_singleprotocol.o)
                0x00014f88                RAIL_Idle
 .text.RAIL_YieldRadio
                0x00014f90        0x2 C:\Users\Rishi\SimplicityStudio\v4_workspace_rm_client\hub_project\platform\radio\rail_lib\autogen\librail_release\librail_efr32xg1_gcc_release.a(rail_singleprotocol.o)
                0x00014f90                RAIL_YieldRadio
 .text.RAIL_GetRadioEntropy
                0x00014f92        0x8 C:\Users\Rishi\SimplicityStudio\v4_workspace_rm_client\hub_project\platform\radio\rail_lib\autogen\librail_release\librail_efr32xg1_gcc_release.a(rail_singleprotocol.o)
                0x00014f92                RAIL_GetRadioEntropy
 *fill*         0x00014f9a        0x2 
 .text.RAIL_SetTimer
                0x00014f9c       0x20 C:\Users\Rishi\SimplicityStudio\v4_workspace_rm_client\hub_project\platform\radio\rail_lib\autogen\librail_release\librail_efr32xg1_gcc_release.a(rail_singleprotocol.o)
                0x00014f9c                RAIL_SetTimer
 .text.RAIL_CancelTimer
                0x00014fbc        0xc C:\Users\Rishi\SimplicityStudio\v4_workspace_rm_client\hub_project\platform\radio\rail_lib\autogen\librail_release\librail_efr32xg1_gcc_release.a(rail_singleprotocol.o)
                0x00014fbc                RAIL_CancelTimer
 .text.RAIL_StartTx
                0x00014fc8        0xa C:\Users\Rishi\SimplicityStudio\v4_workspace_rm_client\hub_project\platform\radio\rail_lib\autogen\librail_release\librail_efr32xg1_gcc_release.a(rail_singleprotocol.o)
                0x00014fc8                RAIL_StartTx
 .text.RAIL_StartScheduledTx
                0x00014fd2        0xa C:\Users\Rishi\SimplicityStudio\v4_workspace_rm_client\hub_project\platform\radio\rail_lib\autogen\librail_release\librail_efr32xg1_gcc_release.a(rail_singleprotocol.o)
                0x00014fd2                RAIL_StartScheduledTx
 .text.RAIL_ScheduleRx
                0x00014fdc        0xa C:\Users\Rishi\SimplicityStudio\v4_workspace_rm_client\hub_project\platform\radio\rail_lib\autogen\librail_release\librail_efr32xg1_gcc_release.a(rail_singleprotocol.o)
                0x00014fdc                RAIL_ScheduleRx
 .text.radioConfigChangedDefault
                0x00014fe6        0x2 C:\Users\Rishi\SimplicityStudio\v4_workspace_rm_client\hub_project\platform\radio\rail_lib\autogen\librail_release\librail_efr32xg1_gcc_release.a(rail_rf.o)
 .text.isTransitionState
                0x00014fe8       0x12 C:\Users\Rishi\SimplicityStudio\v4_workspace_rm_client\hub_project\platform\radio\rail_lib\autogen\librail_release\librail_efr32xg1_gcc_release.a(rail_rf.o)
 .text.RAILCore_Init
                0x00014ffa       0x12 C:\Users\Rishi\SimplicityStudio\v4_workspace_rm_client\hub_project\platform\radio\rail_lib\autogen\librail_release\librail_efr32xg1_gcc_release.a(rail_rf.o)
                0x00014ffa                RAILCore_Init
 .text.RAILInt_SetCallbackConfig
                0x0001500c       0x20 C:\Users\Rishi\SimplicityStudio\v4_workspace_rm_client\hub_project\platform\radio\rail_lib\autogen\librail_release\librail_efr32xg1_gcc_release.a(rail_rf.o)
                0x0001500c                RAILInt_SetCallbackConfig
 .text.RAILCore_Idle
                0x0001502c       0x14 C:\Users\Rishi\SimplicityStudio\v4_workspace_rm_client\hub_project\platform\radio\rail_lib\autogen\librail_release\librail_efr32xg1_gcc_release.a(rail_rf.o)
                0x0001502c                RAILCore_Idle
 .text.RAIL_SetStateTiming
                0x00015040        0xa C:\Users\Rishi\SimplicityStudio\v4_workspace_rm_client\hub_project\platform\radio\rail_lib\autogen\librail_release\librail_efr32xg1_gcc_release.a(rail_rf.o)
                0x00015040                RAIL_SetStateTiming
 *fill*         0x0001504a        0x2 
 .text.RAILInt_IsPowerInRange
                0x0001504c       0x3c C:\Users\Rishi\SimplicityStudio\v4_workspace_rm_client\hub_project\platform\radio\rail_lib\autogen\librail_release\librail_efr32xg1_gcc_release.a(rail_rf.o)
                0x0001504c                RAILInt_IsPowerInRange
 .text.RAILInt_SetChannel
                0x00015088      0x1d8 C:\Users\Rishi\SimplicityStudio\v4_workspace_rm_client\hub_project\platform\radio\rail_lib\autogen\librail_release\librail_efr32xg1_gcc_release.a(rail_rf.o)
                0x00015088                RAILInt_SetChannel
 .text.RAILCore_ConfigChannels
                0x00015260       0x58 C:\Users\Rishi\SimplicityStudio\v4_workspace_rm_client\hub_project\platform\radio\rail_lib\autogen\librail_release\librail_efr32xg1_gcc_release.a(rail_rf.o)
                0x00015260                RAILCore_ConfigChannels
 .text.RAILInt_GetChannel
                0x000152b8        0x4 C:\Users\Rishi\SimplicityStudio\v4_workspace_rm_client\hub_project\platform\radio\rail_lib\autogen\librail_release\librail_efr32xg1_gcc_release.a(rail_rf.o)
                0x000152b8                RAILInt_GetChannel
 .text.RAILCore_SetTxTransitions
                0x000152bc       0x3c C:\Users\Rishi\SimplicityStudio\v4_workspace_rm_client\hub_project\platform\radio\rail_lib\autogen\librail_release\librail_efr32xg1_gcc_release.a(rail_rf.o)
                0x000152bc                RAILCore_SetTxTransitions
 .text.RAIL_SetTxTransitions
                0x000152f8        0xa C:\Users\Rishi\SimplicityStudio\v4_workspace_rm_client\hub_project\platform\radio\rail_lib\autogen\librail_release\librail_efr32xg1_gcc_release.a(rail_rf.o)
                0x000152f8                RAIL_SetTxTransitions
 .text.RAILCore_SetRxTransitions
                0x00015302       0x38 C:\Users\Rishi\SimplicityStudio\v4_workspace_rm_client\hub_project\platform\radio\rail_lib\autogen\librail_release\librail_efr32xg1_gcc_release.a(rail_rf.o)
                0x00015302                RAILCore_SetRxTransitions
 .text.RAIL_SetRxTransitions
                0x0001533a        0xa C:\Users\Rishi\SimplicityStudio\v4_workspace_rm_client\hub_project\platform\radio\rail_lib\autogen\librail_release\librail_efr32xg1_gcc_release.a(rail_rf.o)
                0x0001533a                RAIL_SetRxTransitions
 .text.RAIL_ConfigEvents
                0x00015344       0x14 C:\Users\Rishi\SimplicityStudio\v4_workspace_rm_client\hub_project\platform\radio\rail_lib\autogen\librail_release\librail_efr32xg1_gcc_release.a(rail_rf.o)
                0x00015344                RAIL_ConfigEvents
 .text.RAIL_ConfigRxOptions
                0x00015358        0xa C:\Users\Rishi\SimplicityStudio\v4_workspace_rm_client\hub_project\platform\radio\rail_lib\autogen\librail_release\librail_efr32xg1_gcc_release.a(rail_rx.o)
                0x00015358                RAIL_ConfigRxOptions
 .text.RAILCore_ScheduleRx
                0x00015362       0x2c C:\Users\Rishi\SimplicityStudio\v4_workspace_rm_client\hub_project\platform\radio\rail_lib\autogen\librail_release\librail_efr32xg1_gcc_release.a(rail_rx.o)
                0x00015362                RAILCore_ScheduleRx
 .text.RAILInt_PreTxOps
                0x0001538e       0x1c C:\Users\Rishi\SimplicityStudio\v4_workspace_rm_client\hub_project\platform\radio\rail_lib\autogen\librail_release\librail_efr32xg1_gcc_release.a(rail_tx.o)
                0x0001538e                RAILInt_PreTxOps
 .text.RAILCore_StartTx
                0x000153aa       0x1a C:\Users\Rishi\SimplicityStudio\v4_workspace_rm_client\hub_project\platform\radio\rail_lib\autogen\librail_release\librail_efr32xg1_gcc_release.a(rail_tx.o)
                0x000153aa                RAILCore_StartTx
 .text.RAILCore_StartScheduledTx
                0x000153c4       0x1e C:\Users\Rishi\SimplicityStudio\v4_workspace_rm_client\hub_project\platform\radio\rail_lib\autogen\librail_release\librail_efr32xg1_gcc_release.a(rail_tx.o)
                0x000153c4                RAILCore_StartScheduledTx
 .text.RAIL_SetTxPower
                0x000153e2        0xa C:\Users\Rishi\SimplicityStudio\v4_workspace_rm_client\hub_project\platform\radio\rail_lib\autogen\librail_release\librail_efr32xg1_gcc_release.a(rail_tx.o)
                0x000153e2                RAIL_SetTxPower
 .text.RAIL_GetTxPower
                0x000153ec        0xa C:\Users\Rishi\SimplicityStudio\v4_workspace_rm_client\hub_project\platform\radio\rail_lib\autogen\librail_release\librail_efr32xg1_gcc_release.a(rail_tx.o)
                0x000153ec                RAIL_GetTxPower
 .text.RAIL_ConfigTxPower
                0x000153f6       0x1a C:\Users\Rishi\SimplicityStudio\v4_workspace_rm_client\hub_project\platform\radio\rail_lib\autogen\librail_release\librail_efr32xg1_gcc_release.a(rail_tx.o)
                0x000153f6                RAIL_ConfigTxPower
 .text.RAILInt_PendCal
                0x00015410       0x24 C:\Users\Rishi\SimplicityStudio\v4_workspace_rm_client\hub_project\platform\radio\rail_lib\autogen\librail_release\librail_efr32xg1_gcc_release.a(rail_calibration.o)
                0x00015410                RAILInt_PendCal
 .text.RAILCb_AssertFailed
                0x00015434       0x14 C:\Users\Rishi\SimplicityStudio\v4_workspace_rm_client\hub_project\platform\radio\rail_lib\autogen\librail_release\librail_efr32xg1_gcc_release.a(rail_assert.o)
                0x00015434                RAILCb_AssertFailed
 .text.RAILInt_Assert
                0x00015448       0x1c C:\Users\Rishi\SimplicityStudio\v4_workspace_rm_client\hub_project\platform\radio\rail_lib\autogen\librail_release\librail_efr32xg1_gcc_release.a(rail_assert.o)
                0x00015448                RAILInt_Assert
 .text.RAIL_GetTime
                0x00015464        0x4 C:\Users\Rishi\SimplicityStudio\v4_workspace_rm_client\hub_project\platform\radio\rail_lib\autogen\librail_release\librail_efr32xg1_gcc_release.a(rail_timer.o)
                0x00015464                RAIL_GetTime
 .text.BUFC_ReadHelper
                0x00015468       0x7c C:\Users\Rishi\SimplicityStudio\v4_workspace_rm_client\hub_project\platform\radio\rail_lib\autogen\librail_release\librail_efr32xg1_gcc_release.a(bufc.o)
 .text.checkAndAddRxLenOverflowEntry
                0x000154e4       0x3c C:\Users\Rishi\SimplicityStudio\v4_workspace_rm_client\hub_project\platform\radio\rail_lib\autogen\librail_release\librail_efr32xg1_gcc_release.a(bufc.o)
 .text.BUFC_SetTxBuffer
                0x00015520       0x38 C:\Users\Rishi\SimplicityStudio\v4_workspace_rm_client\hub_project\platform\radio\rail_lib\autogen\librail_release\librail_efr32xg1_gcc_release.a(bufc.o)
                0x00015520                BUFC_SetTxBuffer
 .text.BUFC_WriteBuffer
                0x00015558       0xa8 C:\Users\Rishi\SimplicityStudio\v4_workspace_rm_client\hub_project\platform\radio\rail_lib\autogen\librail_release\librail_efr32xg1_gcc_release.a(bufc.o)
                0x00015558                BUFC_WriteBuffer
 .text.BUFC_Peek
                0x00015600       0x12 C:\Users\Rishi\SimplicityStudio\v4_workspace_rm_client\hub_project\platform\radio\rail_lib\autogen\librail_release\librail_efr32xg1_gcc_release.a(bufc.o)
                0x00015600                BUFC_Peek
 .text.BUFC_PeekByte
                0x00015612       0x34 C:\Users\Rishi\SimplicityStudio\v4_workspace_rm_client\hub_project\platform\radio\rail_lib\autogen\librail_release\librail_efr32xg1_gcc_release.a(bufc.o)
                0x00015612                BUFC_PeekByte
 *fill*         0x00015646        0x2 
 .text.BUFC_GetSpaceAvailable
                0x00015648       0x28 C:\Users\Rishi\SimplicityStudio\v4_workspace_rm_client\hub_project\platform\radio\rail_lib\autogen\librail_release\librail_efr32xg1_gcc_release.a(bufc.o)
                0x00015648                BUFC_GetSpaceAvailable
 .text.BUFC_GetBytesAvailable
                0x00015670       0x14 C:\Users\Rishi\SimplicityStudio\v4_workspace_rm_client\hub_project\platform\radio\rail_lib\autogen\librail_release\librail_efr32xg1_gcc_release.a(bufc.o)
                0x00015670                BUFC_GetBytesAvailable
 .text.BUFC_TxAckBufferSet
                0x00015684       0x38 C:\Users\Rishi\SimplicityStudio\v4_workspace_rm_client\hub_project\platform\radio\rail_lib\autogen\librail_release\librail_efr32xg1_gcc_release.a(bufc.o)
                0x00015684                BUFC_TxAckBufferSet
 .text.BUFC_RxBufferReset
                0x000156bc       0x5c C:\Users\Rishi\SimplicityStudio\v4_workspace_rm_client\hub_project\platform\radio\rail_lib\autogen\librail_release\librail_efr32xg1_gcc_release.a(bufc.o)
                0x000156bc                BUFC_RxBufferReset
 .text.BUFC_Init
                0x00015718       0x64 C:\Users\Rishi\SimplicityStudio\v4_workspace_rm_client\hub_project\platform\radio\rail_lib\autogen\librail_release\librail_efr32xg1_gcc_release.a(bufc.o)
                0x00015718                BUFC_Init
 .text.BUFC_ReleaseRxPacket
                0x0001577c      0x10c C:\Users\Rishi\SimplicityStudio\v4_workspace_rm_client\hub_project\platform\radio\rail_lib\autogen\librail_release\librail_efr32xg1_gcc_release.a(bufc.o)
                0x0001577c                BUFC_ReleaseRxPacket
 .text.BUFC_StartRxLenThrEvent
                0x00015888       0x98 C:\Users\Rishi\SimplicityStudio\v4_workspace_rm_client\hub_project\platform\radio\rail_lib\autogen\librail_release\librail_efr32xg1_gcc_release.a(bufc.o)
                0x00015888                BUFC_StartRxLenThrEvent
 .text.BUFC_EndRxLenThrEvent
                0x00015920       0x1c C:\Users\Rishi\SimplicityStudio\v4_workspace_rm_client\hub_project\platform\radio\rail_lib\autogen\librail_release\librail_efr32xg1_gcc_release.a(bufc.o)
                0x00015920                BUFC_EndRxLenThrEvent
 .text.BUFC_HandleRxLenOvfEvent
                0x0001593c       0x28 C:\Users\Rishi\SimplicityStudio\v4_workspace_rm_client\hub_project\platform\radio\rail_lib\autogen\librail_release\librail_efr32xg1_gcc_release.a(bufc.o)
                0x0001593c                BUFC_HandleRxLenOvfEvent
 .text.BUFC_GetRxPacketInfo
                0x00015964      0x13c C:\Users\Rishi\SimplicityStudio\v4_workspace_rm_client\hub_project\platform\radio\rail_lib\autogen\librail_release\librail_efr32xg1_gcc_release.a(bufc.o)
                0x00015964                BUFC_GetRxPacketInfo
 .text.IRCAL_Set
                0x00015aa0       0x1c C:\Users\Rishi\SimplicityStudio\v4_workspace_rm_client\hub_project\platform\radio\rail_lib\autogen\librail_release\librail_efr32xg1_gcc_release.a(ir_cal.o)
                0x00015aa0                IRCAL_Set
 .text.PA_ProtectPa
                0x00015abc       0xbc C:\Users\Rishi\SimplicityStudio\v4_workspace_rm_client\hub_project\platform\radio\rail_lib\autogen\librail_release\librail_efr32xg1_gcc_release.a(pa.o)
 .text.getRampTimeFromLevelAndRate
                0x00015b78       0x20 C:\Users\Rishi\SimplicityStudio\v4_workspace_rm_client\hub_project\platform\radio\rail_lib\autogen\librail_release\librail_efr32xg1_gcc_release.a(pa.o)
 .text.PA_GetTxPowerConfig
                0x00015b98       0x14 C:\Users\Rishi\SimplicityStudio\v4_workspace_rm_client\hub_project\platform\radio\rail_lib\autogen\librail_release\librail_efr32xg1_gcc_release.a(pa.o)
                0x00015b98                PA_GetTxPowerConfig
 .text.PA_GetPowerLevel
                0x00015bac        0xc C:\Users\Rishi\SimplicityStudio\v4_workspace_rm_client\hub_project\platform\radio\rail_lib\autogen\librail_release\librail_efr32xg1_gcc_release.a(pa.o)
                0x00015bac                PA_GetPowerLevel
 .text.PA_SetPowerLevel
                0x00015bb8      0x194 C:\Users\Rishi\SimplicityStudio\v4_workspace_rm_client\hub_project\platform\radio\rail_lib\autogen\librail_release\librail_efr32xg1_gcc_release.a(pa.o)
                0x00015bb8                PA_SetPowerLevel
 .text.PA_RunPeakDetectorHigh
                0x00015d4c       0x4c C:\Users\Rishi\SimplicityStudio\v4_workspace_rm_client\hub_project\platform\radio\rail_lib\autogen\librail_release\librail_efr32xg1_gcc_release.a(pa.o)
                0x00015d4c                PA_RunPeakDetectorHigh
 .text.PA_RunPeakDetectorLow
                0x00015d98        0x2 C:\Users\Rishi\SimplicityStudio\v4_workspace_rm_client\hub_project\platform\radio\rail_lib\autogen\librail_release\librail_efr32xg1_gcc_release.a(pa.o)
                0x00015d98                PA_RunPeakDetectorLow
 *fill*         0x00015d9a        0x2 
 .text.PA_RunBatHigh
                0x00015d9c       0x2c C:\Users\Rishi\SimplicityStudio\v4_workspace_rm_client\hub_project\platform\radio\rail_lib\autogen\librail_release\librail_efr32xg1_gcc_release.a(pa.o)
                0x00015d9c                PA_RunBatHigh
 .text.PA_GetRampTime
                0x00015dc8        0xc C:\Users\Rishi\SimplicityStudio\v4_workspace_rm_client\hub_project\platform\radio\rail_lib\autogen\librail_release\librail_efr32xg1_gcc_release.a(pa.o)
                0x00015dc8                PA_GetRampTime
 .text.PA_ConfigRamp
                0x00015dd4       0x20 C:\Users\Rishi\SimplicityStudio\v4_workspace_rm_client\hub_project\platform\radio\rail_lib\autogen\librail_release\librail_efr32xg1_gcc_release.a(pa.o)
                0x00015dd4                PA_ConfigRamp
 .text.PA_CalcRampTime
                0x00015df4       0x44 C:\Users\Rishi\SimplicityStudio\v4_workspace_rm_client\hub_project\platform\radio\rail_lib\autogen\librail_release\librail_efr32xg1_gcc_release.a(pa.o)
                0x00015df4                PA_CalcRampTime
 .text.PA_SetRampTime
                0x00015e38       0xac C:\Users\Rishi\SimplicityStudio\v4_workspace_rm_client\hub_project\platform\radio\rail_lib\autogen\librail_release\librail_efr32xg1_gcc_release.a(pa.o)
                0x00015e38                PA_SetRampTime
 .text.PA_SelectBand
                0x00015ee4       0x50 C:\Users\Rishi\SimplicityStudio\v4_workspace_rm_client\hub_project\platform\radio\rail_lib\autogen\librail_release\librail_efr32xg1_gcc_release.a(pa.o)
                0x00015ee4                PA_SelectBand
 .text.PA_Config
                0x00015f34      0x15c C:\Users\Rishi\SimplicityStudio\v4_workspace_rm_client\hub_project\platform\radio\rail_lib\autogen\librail_release\librail_efr32xg1_gcc_release.a(pa.o)
                0x00015f34                PA_Config
 .text.PA_UpdateConfig
                0x00016090       0x38 C:\Users\Rishi\SimplicityStudio\v4_workspace_rm_client\hub_project\platform\radio\rail_lib\autogen\librail_release\librail_efr32xg1_gcc_release.a(pa.o)
                0x00016090                PA_UpdateConfig
 .text.PROTIMER_Init
                0x000160c8       0xe8 C:\Users\Rishi\SimplicityStudio\v4_workspace_rm_client\hub_project\platform\radio\rail_lib\autogen\librail_release\librail_efr32xg1_gcc_release.a(protimer.o)
                0x000160c8                PROTIMER_Init
 .text.PROTIMER_Start
                0x000161b0       0x1c C:\Users\Rishi\SimplicityStudio\v4_workspace_rm_client\hub_project\platform\radio\rail_lib\autogen\librail_release\librail_efr32xg1_gcc_release.a(protimer.o)
                0x000161b0                PROTIMER_Start
 .text.PROTIMER_ElapsedTime
                0x000161cc       0x1c C:\Users\Rishi\SimplicityStudio\v4_workspace_rm_client\hub_project\platform\radio\rail_lib\autogen\librail_release\librail_efr32xg1_gcc_release.a(protimer.o)
                0x000161cc                PROTIMER_ElapsedTime
 .text.PROTIMER_CCTimerStop
                0x000161e8       0x20 C:\Users\Rishi\SimplicityStudio\v4_workspace_rm_client\hub_project\platform\radio\rail_lib\autogen\librail_release\librail_efr32xg1_gcc_release.a(protimer.o)
                0x000161e8                PROTIMER_CCTimerStop
 .text.PROTIMER_CCTimerStart
                0x00016208      0x164 C:\Users\Rishi\SimplicityStudio\v4_workspace_rm_client\hub_project\platform\radio\rail_lib\autogen\librail_release\librail_efr32xg1_gcc_release.a(protimer.o)
                0x00016208                PROTIMER_CCTimerStart
 .text.PROTIMER_WrapMultiple
                0x0001636c       0x12 C:\Users\Rishi\SimplicityStudio\v4_workspace_rm_client\hub_project\platform\radio\rail_lib\autogen\librail_release\librail_efr32xg1_gcc_release.a(protimer.o)
                0x0001636c                PROTIMER_WrapMultiple
 *fill*         0x0001637e        0x2 
 .text.PROTIMER_CCTimerIsEnabled
                0x00016380       0x10 C:\Users\Rishi\SimplicityStudio\v4_workspace_rm_client\hub_project\platform\radio\rail_lib\autogen\librail_release\librail_efr32xg1_gcc_release.a(protimer.o)
                0x00016380                PROTIMER_CCTimerIsEnabled
 .text.PROTIMER_CCTimerCapture
                0x00016390       0x14 C:\Users\Rishi\SimplicityStudio\v4_workspace_rm_client\hub_project\platform\radio\rail_lib\autogen\librail_release\librail_efr32xg1_gcc_release.a(protimer.o)
                0x00016390                PROTIMER_CCTimerCapture
 .text.PROTIMER_ScheduleTxEnable
                0x000163a4       0x2c C:\Users\Rishi\SimplicityStudio\v4_workspace_rm_client\hub_project\platform\radio\rail_lib\autogen\librail_release\librail_efr32xg1_gcc_release.a(protimer.o)
                0x000163a4                PROTIMER_ScheduleTxEnable
 .text.PROTIMER_ScheduleRxEnable
                0x000163d0       0x2c C:\Users\Rishi\SimplicityStudio\v4_workspace_rm_client\hub_project\platform\radio\rail_lib\autogen\librail_release\librail_efr32xg1_gcc_release.a(protimer.o)
                0x000163d0                PROTIMER_ScheduleRxEnable
 .text.PROTIMER_ScheduleRxDisable
                0x000163fc       0x38 C:\Users\Rishi\SimplicityStudio\v4_workspace_rm_client\hub_project\platform\radio\rail_lib\autogen\librail_release\librail_efr32xg1_gcc_release.a(protimer.o)
                0x000163fc                PROTIMER_ScheduleRxDisable
 .text.PROTIMER_ClearRxEnable
                0x00016434       0x10 C:\Users\Rishi\SimplicityStudio\v4_workspace_rm_client\hub_project\platform\radio\rail_lib\autogen\librail_release\librail_efr32xg1_gcc_release.a(protimer.o)
                0x00016434                PROTIMER_ClearRxEnable
 .text.PROTIMER_GetTime
                0x00016444        0xc C:\Users\Rishi\SimplicityStudio\v4_workspace_rm_client\hub_project\platform\radio\rail_lib\autogen\librail_release\librail_efr32xg1_gcc_release.a(protimer.o)
                0x00016444                PROTIMER_GetTime
 .text.PROTIMER_GetCCTime
                0x00016450        0xc C:\Users\Rishi\SimplicityStudio\v4_workspace_rm_client\hub_project\platform\radio\rail_lib\autogen\librail_release\librail_efr32xg1_gcc_release.a(protimer.o)
                0x00016450                PROTIMER_GetCCTime
 .text.PROTIMER_LBTStop
                0x0001645c       0x18 C:\Users\Rishi\SimplicityStudio\v4_workspace_rm_client\hub_project\platform\radio\rail_lib\autogen\librail_release\librail_efr32xg1_gcc_release.a(protimer.o)
                0x0001645c                PROTIMER_LBTStop
 .text.PROTIMER_PrecntOverflowToUs
                0x00016474       0x38 C:\Users\Rishi\SimplicityStudio\v4_workspace_rm_client\hub_project\platform\radio\rail_lib\autogen\librail_release\librail_efr32xg1_gcc_release.a(protimer.o)
                0x00016474                PROTIMER_PrecntOverflowToUs
 .text.PROTIMER_UsToPrecntOverflow
                0x000164ac       0x2c C:\Users\Rishi\SimplicityStudio\v4_workspace_rm_client\hub_project\platform\radio\rail_lib\autogen\librail_release\librail_efr32xg1_gcc_release.a(protimer.o)
                0x000164ac                PROTIMER_UsToPrecntOverflow
 .text.PROTIMER_DelayUs
                0x000164d8       0x44 C:\Users\Rishi\SimplicityStudio\v4_workspace_rm_client\hub_project\platform\radio\rail_lib\autogen\librail_release\librail_efr32xg1_gcc_release.a(protimer.o)
                0x000164d8                PROTIMER_DelayUs
 .text.PROTIMER_CheckCcaReallyFailed
                0x0001651c       0xbc C:\Users\Rishi\SimplicityStudio\v4_workspace_rm_client\hub_project\platform\radio\rail_lib\autogen\librail_release\librail_efr32xg1_gcc_release.a(protimer.o)
                0x0001651c                PROTIMER_CheckCcaReallyFailed
 .text.PTI_Config
                0x000165d8       0xc8 C:\Users\Rishi\SimplicityStudio\v4_workspace_rm_client\hub_project\platform\radio\rail_lib\autogen\librail_release\librail_efr32xg1_gcc_release.a(pti.o)
                0x000165d8                PTI_Config
 .text.PTI_EnableAppendedInfo
                0x000166a0       0x18 C:\Users\Rishi\SimplicityStudio\v4_workspace_rm_client\hub_project\platform\radio\rail_lib\autogen\librail_release\librail_efr32xg1_gcc_release.a(pti.o)
                0x000166a0                PTI_EnableAppendedInfo
 .text.PTI_Enable
                0x000166b8       0x58 C:\Users\Rishi\SimplicityStudio\v4_workspace_rm_client\hub_project\platform\radio\rail_lib\autogen\librail_release\librail_efr32xg1_gcc_release.a(pti.o)
                0x000166b8                PTI_Enable
 .text.PTI_AuxdataOutput
                0x00016710       0x1c C:\Users\Rishi\SimplicityStudio\v4_workspace_rm_client\hub_project\platform\radio\rail_lib\autogen\librail_release\librail_efr32xg1_gcc_release.a(pti.o)
                0x00016710                PTI_AuxdataOutput
 .text.PTI_EnableSyncword
                0x0001672c       0x18 C:\Users\Rishi\SimplicityStudio\v4_workspace_rm_client\hub_project\platform\radio\rail_lib\autogen\librail_release\librail_efr32xg1_gcc_release.a(pti.o)
                0x0001672c                PTI_EnableSyncword
 .text.RADIO_SetAndForgetWrite
                0x00016744       0x8c C:\Users\Rishi\SimplicityStudio\v4_workspace_rm_client\hub_project\platform\radio\rail_lib\autogen\librail_release\librail_efr32xg1_gcc_release.a(radio.o)
                0x00016744                RADIO_SetAndForgetWrite
 .text.RADIO_SeqInit
                0x000167d0       0x68 C:\Users\Rishi\SimplicityStudio\v4_workspace_rm_client\hub_project\platform\radio\rail_lib\autogen\librail_release\librail_efr32xg1_gcc_release.a(radio.o)
                0x000167d0                RADIO_SeqInit
 .text.RADIO_CLKEnable
                0x00016838       0x68 C:\Users\Rishi\SimplicityStudio\v4_workspace_rm_client\hub_project\platform\radio\rail_lib\autogen\librail_release\librail_efr32xg1_gcc_release.a(radio.o)
                0x00016838                RADIO_CLKEnable
 .text.RADIO_Init
                0x000168a0       0x40 C:\Users\Rishi\SimplicityStudio\v4_workspace_rm_client\hub_project\platform\radio\rail_lib\autogen\librail_release\librail_efr32xg1_gcc_release.a(radio.o)
                0x000168a0                RADIO_Init
 .text.RADIO_Config
                0x000168e0       0xa8 C:\Users\Rishi\SimplicityStudio\v4_workspace_rm_client\hub_project\platform\radio\rail_lib\autogen\librail_release\librail_efr32xg1_gcc_release.a(radio.o)
                0x000168e0                RADIO_Config
 .text.RADIO_IsRxOnForRssi
                0x00016988       0x18 C:\Users\Rishi\SimplicityStudio\v4_workspace_rm_client\hub_project\platform\radio\rail_lib\autogen\librail_release\librail_efr32xg1_gcc_release.a(radio.o)
                0x00016988                RADIO_IsRxOnForRssi
 .text.RADIO_RxTrailDataLength
                0x000169a0       0x3c C:\Users\Rishi\SimplicityStudio\v4_workspace_rm_client\hub_project\platform\radio\rail_lib\autogen\librail_release\librail_efr32xg1_gcc_release.a(radio.o)
                0x000169a0                RADIO_RxTrailDataLength
 .text.RADIO_ComputeTxBaudrate
                0x000169dc       0x28 C:\Users\Rishi\SimplicityStudio\v4_workspace_rm_client\hub_project\platform\radio\rail_lib\autogen\librail_release\librail_efr32xg1_gcc_release.a(radio.o)
                0x000169dc                RADIO_ComputeTxBaudrate
 .text.RADIO_ComputeTxSymbolRate
                0x00016a04       0x2c C:\Users\Rishi\SimplicityStudio\v4_workspace_rm_client\hub_project\platform\radio\rail_lib\autogen\librail_release\librail_efr32xg1_gcc_release.a(radio.o)
                0x00016a04                RADIO_ComputeTxSymbolRate
 .text.RADIO_ComputeTxBitRate
                0x00016a30       0x50 C:\Users\Rishi\SimplicityStudio\v4_workspace_rm_client\hub_project\platform\radio\rail_lib\autogen\librail_release\librail_efr32xg1_gcc_release.a(radio.o)
                0x00016a30                RADIO_ComputeTxBitRate
 .text.RADIO_GetRssi
                0x00016a80       0x54 C:\Users\Rishi\SimplicityStudio\v4_workspace_rm_client\hub_project\platform\radio\rail_lib\autogen\librail_release\librail_efr32xg1_gcc_release.a(radio.o)
                0x00016a80                RADIO_GetRssi
 .text.RADIO_SetCRCInitVal
                0x00016ad4       0x10 C:\Users\Rishi\SimplicityStudio\v4_workspace_rm_client\hub_project\platform\radio\rail_lib\autogen\librail_release\librail_efr32xg1_gcc_release.a(radio.o)
                0x00016ad4                RADIO_SetCRCInitVal
 .text.RADIO_RACClearRxOverflow
                0x00016ae4       0x20 C:\Users\Rishi\SimplicityStudio\v4_workspace_rm_client\hub_project\platform\radio\rail_lib\autogen\librail_release\librail_efr32xg1_gcc_release.a(radio.o)
                0x00016ae4                RADIO_RACClearRxOverflow
 .text.RFSENSE_IRQHandler
                0x00016b04       0x10 C:\Users\Rishi\SimplicityStudio\v4_workspace_rm_client\hub_project\platform\radio\rail_lib\autogen\librail_release\librail_efr32xg1_gcc_release.a(rfsense.o)
                0x00016b04                RFSENSE_IRQHandler
 .text.RTCCSYNC_RTCCClockFreqGet
                0x00016b14       0x30 C:\Users\Rishi\SimplicityStudio\v4_workspace_rm_client\hub_project\platform\radio\rail_lib\autogen\librail_release\librail_efr32xg1_gcc_release.a(rtccsync.o)
 .text.RTCCSYNC_Init
                0x00016b44       0x10 C:\Users\Rishi\SimplicityStudio\v4_workspace_rm_client\hub_project\platform\radio\rail_lib\autogen\librail_release\librail_efr32xg1_gcc_release.a(rtccsync.o)
                0x00016b44                RTCCSYNC_Init
 .text.RTCCSYNC_PreSleep
                0x00016b54      0x260 C:\Users\Rishi\SimplicityStudio\v4_workspace_rm_client\hub_project\platform\radio\rail_lib\autogen\librail_release\librail_efr32xg1_gcc_release.a(rtccsync.o)
                0x00016b54                RTCCSYNC_PreSleep
 .text.RTCCSYNC_PostWakeUp
                0x00016db4      0x1c4 C:\Users\Rishi\SimplicityStudio\v4_workspace_rm_client\hub_project\platform\radio\rail_lib\autogen\librail_release\librail_efr32xg1_gcc_release.a(rtccsync.o)
                0x00016db4                RTCCSYNC_PostWakeUp
 .text.SYNTH_RfFreqGet
                0x00016f78        0xc C:\Users\Rishi\SimplicityStudio\v4_workspace_rm_client\hub_project\platform\radio\rail_lib\autogen\librail_release\librail_efr32xg1_gcc_release.a(synth.o)
                0x00016f78                SYNTH_RfFreqGet
 .text.SYNTH_ChSpacingGet
                0x00016f84        0xc C:\Users\Rishi\SimplicityStudio\v4_workspace_rm_client\hub_project\platform\radio\rail_lib\autogen\librail_release\librail_efr32xg1_gcc_release.a(synth.o)
                0x00016f84                SYNTH_ChSpacingGet
 .text.SYNTH_LoDivGet
                0x00016f90       0x20 C:\Users\Rishi\SimplicityStudio\v4_workspace_rm_client\hub_project\platform\radio\rail_lib\autogen\librail_release\librail_efr32xg1_gcc_release.a(synth.o)
                0x00016f90                SYNTH_LoDivGet
 .text.SYNTH_Is2p4GHz
                0x00016fb0       0x14 C:\Users\Rishi\SimplicityStudio\v4_workspace_rm_client\hub_project\platform\radio\rail_lib\autogen\librail_release\librail_efr32xg1_gcc_release.a(synth.o)
                0x00016fb0                SYNTH_Is2p4GHz
 .text.SYNTH_VcoRangeIsValid
                0x00016fc4       0x30 C:\Users\Rishi\SimplicityStudio\v4_workspace_rm_client\hub_project\platform\radio\rail_lib\autogen\librail_release\librail_efr32xg1_gcc_release.a(synth.o)
                0x00016fc4                SYNTH_VcoRangeIsValid
 .text.SYNTH_RetimeLimitsConfig
                0x00016ff4       0x64 C:\Users\Rishi\SimplicityStudio\v4_workspace_rm_client\hub_project\platform\radio\rail_lib\autogen\librail_release\librail_efr32xg1_gcc_release.a(synth.o)
                0x00016ff4                SYNTH_RetimeLimitsConfig
 .text.SYNTH_RetimeClkConfig
                0x00017058       0xb4 C:\Users\Rishi\SimplicityStudio\v4_workspace_rm_client\hub_project\platform\radio\rail_lib\autogen\librail_release\librail_efr32xg1_gcc_release.a(synth.o)
                0x00017058                SYNTH_RetimeClkConfig
 .text.SYNTH_Config
                0x0001710c      0x108 C:\Users\Rishi\SimplicityStudio\v4_workspace_rm_client\hub_project\platform\radio\rail_lib\autogen\librail_release\librail_efr32xg1_gcc_release.a(synth.o)
                0x0001710c                SYNTH_Config
 .text.SYNTH_ChannelSet
                0x00017214       0x40 C:\Users\Rishi\SimplicityStudio\v4_workspace_rm_client\hub_project\platform\radio\rail_lib\autogen\librail_release\librail_efr32xg1_gcc_release.a(synth.o)
                0x00017214                SYNTH_ChannelSet
 .text.SYNTH_DCDCRetimeClkSet
                0x00017254       0x6c C:\Users\Rishi\SimplicityStudio\v4_workspace_rm_client\hub_project\platform\radio\rail_lib\autogen\librail_release\librail_efr32xg1_gcc_release.a(synth.o)
                0x00017254                SYNTH_DCDCRetimeClkSet
 .text.SYNTH_DCDCRetimeEnable
                0x000172c0       0x18 C:\Users\Rishi\SimplicityStudio\v4_workspace_rm_client\hub_project\platform\radio\rail_lib\autogen\librail_release\librail_efr32xg1_gcc_release.a(synth.o)
                0x000172c0                SYNTH_DCDCRetimeEnable
 .text.SYNTH_DCDCRetimeDisable
                0x000172d8       0x18 C:\Users\Rishi\SimplicityStudio\v4_workspace_rm_client\hub_project\platform\radio\rail_lib\autogen\librail_release\librail_efr32xg1_gcc_release.a(synth.o)
                0x000172d8                SYNTH_DCDCRetimeDisable
 .text.SYNTH_KvnFreqCompensationEnable
                0x000172f0        0xc C:\Users\Rishi\SimplicityStudio\v4_workspace_rm_client\hub_project\platform\radio\rail_lib\autogen\librail_release\librail_efr32xg1_gcc_release.a(synth.o)
                0x000172f0                SYNTH_KvnFreqCompensationEnable
 .text.RADIOCMU_ClockEnable
                0x000172fc       0x40 C:\Users\Rishi\SimplicityStudio\v4_workspace_rm_client\hub_project\platform\radio\rail_lib\autogen\librail_release\librail_efr32xg1_gcc_release.a(radio_cmu.o)
                0x000172fc                RADIOCMU_ClockEnable
 .text.RADIOCMU_ClockFreqGet
                0x0001733c       0x88 C:\Users\Rishi\SimplicityStudio\v4_workspace_rm_client\hub_project\platform\radio\rail_lib\autogen\librail_release\librail_efr32xg1_gcc_release.a(radio_cmu.o)
                0x0001733c                RADIOCMU_ClockFreqGet
 .text.RADIOCMU_ClockPrescGet
                0x000173c4       0x1c C:\Users\Rishi\SimplicityStudio\v4_workspace_rm_client\hub_project\platform\radio\rail_lib\autogen\librail_release\librail_efr32xg1_gcc_release.a(radio_cmu.o)
                0x000173c4                RADIOCMU_ClockPrescGet
 .text.TEMPCAL_Init
                0x000173e0       0x40 C:\Users\Rishi\SimplicityStudio\v4_workspace_rm_client\hub_project\platform\radio\rail_lib\autogen\librail_release\librail_efr32xg1_gcc_release.a(tempcal.o)
                0x000173e0                TEMPCAL_Init
 .text.TIMING_PreambleSyncBits