Archive member included because of file (symbol)

C:\Users\sridh\OneDrive\Desktop\New folder (2)\remote_client\platform\radio\rail_lib\autogen\librail_release\librail_efr32xg1_gcc_release.a(rail_pti.o)
                              ./pti.o (RAIL_ConfigPti)
C:\Users\sridh\OneDrive\Desktop\New folder (2)\remote_client\platform\radio\rail_lib\autogen\librail_release\librail_efr32xg1_gcc_release.a(rail_rf_hal.o)
                              C:\Users\sridh\OneDrive\Desktop\New folder (2)\remote_client\platform\radio\rail_lib\autogen\librail_release\librail_efr32xg1_gcc_release.a(rail_pti.o) (RFHAL_ConfigPti)
C:\Users\sridh\OneDrive\Desktop\New folder (2)\remote_client\platform\radio\rail_lib\autogen\librail_release\librail_efr32xg1_gcc_release.a(rail_ieee802154_rf_hal.o)
                              C:\Users\sridh\OneDrive\Desktop\New folder (2)\remote_client\platform\radio\rail_lib\autogen\librail_release\librail_efr32xg1_gcc_release.a(rail_rf_hal.o) (RFHAL_IEEE802154IsEnabled)
C:\Users\sridh\OneDrive\Desktop\New folder (2)\remote_client\platform\radio\rail_lib\autogen\librail_release\librail_efr32xg1_gcc_release.a(ieee802154_efr32xg1_configurator_out.o)
                              C:\Users\sridh\OneDrive\Desktop\New folder (2)\remote_client\platform\radio\rail_lib\autogen\librail_release\librail_efr32xg1_gcc_release.a(rail_ieee802154_rf_hal.o) (ieee802154_noncoherent_2420MHz_min)
C:\Users\sridh\OneDrive\Desktop\New folder (2)\remote_client\platform\radio\rail_lib\autogen\librail_release\librail_efr32xg1_gcc_release.a(rail_singleprotocol.o)
                              C:\Users\sridh\OneDrive\Desktop\New folder (2)\remote_client\platform\radio\rail_lib\autogen\librail_release\librail_efr32xg1_gcc_release.a(rail_rf_hal.o) (RAIL_ActiveHandle)
C:\Users\sridh\OneDrive\Desktop\New folder (2)\remote_client\platform\radio\rail_lib\autogen\librail_release\librail_efr32xg1_gcc_release.a(rail_rf.o)
                              C:\Users\sridh\OneDrive\Desktop\New folder (2)\remote_client\platform\radio\rail_lib\autogen\librail_release\librail_efr32xg1_gcc_release.a(rail_singleprotocol.o) (RAILCore_Init)
C:\Users\sridh\OneDrive\Desktop\New folder (2)\remote_client\platform\radio\rail_lib\autogen\librail_release\librail_efr32xg1_gcc_release.a(rail_rx.o)
                              C:\Users\sridh\OneDrive\Desktop\New folder (2)\remote_client\platform\radio\rail_lib\autogen\librail_release\librail_efr32xg1_gcc_release.a(rail_rf_hal.o) (RAILCore_StartRx)
C:\Users\sridh\OneDrive\Desktop\New folder (2)\remote_client\platform\radio\rail_lib\autogen\librail_release\librail_efr32xg1_gcc_release.a(rail_tx.o)
                              C:\Users\sridh\OneDrive\Desktop\New folder (2)\remote_client\platform\radio\rail_lib\autogen\librail_release\librail_efr32xg1_gcc_release.a(rail_singleprotocol.o) (RAILCore_StartTx)
C:\Users\sridh\OneDrive\Desktop\New folder (2)\remote_client\platform\radio\rail_lib\autogen\librail_release\librail_efr32xg1_gcc_release.a(rail_calibration.o)
                              C:\Users\sridh\OneDrive\Desktop\New folder (2)\remote_client\platform\radio\rail_lib\autogen\librail_release\librail_efr32xg1_gcc_release.a(rail_rf_hal.o) (RAILInt_PendCal)
C:\Users\sridh\OneDrive\Desktop\New folder (2)\remote_client\platform\radio\rail_lib\autogen\librail_release\librail_efr32xg1_gcc_release.a(rail_assert.o)
                              C:\Users\sridh\OneDrive\Desktop\New folder (2)\remote_client\platform\radio\rail_lib\autogen\librail_release\librail_efr32xg1_gcc_release.a(rail_rf.o) (RAILInt_Assert)
C:\Users\sridh\OneDrive\Desktop\New folder (2)\remote_client\platform\radio\rail_lib\autogen\librail_release\librail_efr32xg1_gcc_release.a(rail_rssi.o)
                              C:\Users\sridh\OneDrive\Desktop\New folder (2)\remote_client\platform\radio\rail_lib\autogen\librail_release\librail_efr32xg1_gcc_release.a(rail_singleprotocol.o) (RAILCore_GetRssi)
C:\Users\sridh\OneDrive\Desktop\New folder (2)\remote_client\platform\radio\rail_lib\autogen\librail_release\librail_efr32xg1_gcc_release.a(rail_timer.o)
                              C:\Users\sridh\OneDrive\Desktop\New folder (2)\remote_client\platform\radio\rail_lib\autogen\librail_release\librail_efr32xg1_gcc_release.a(rail_singleprotocol.o) (RAILCore_SetMultiTimer)
C:\Users\sridh\OneDrive\Desktop\New folder (2)\remote_client\platform\radio\rail_lib\autogen\librail_release\librail_efr32xg1_gcc_release.a(tmrdrv.o)
                              C:\Users\sridh\OneDrive\Desktop\New folder (2)\remote_client\platform\radio\rail_lib\autogen\librail_release\librail_efr32xg1_gcc_release.a(rail_timer.o) (TMRDRV_SetupTimer)
C:\Users\sridh\OneDrive\Desktop\New folder (2)\remote_client\platform\radio\rail_lib\autogen\librail_release\librail_efr32xg1_gcc_release.a(tmrdrv_config.o)
[...]
Memory Configuration

Name             Origin             Length             Attributes
FLASH_BOOTLOADER 0x00000000         0x00004000         xr
FLASH            0x00004000         0x0003b000         xr
RAM              0x20000000         0x00007bfc         xrw
*default*        0x00000000         0xffffffff

Linker script and memory map

LOAD c:/siliconlabs/simplicitystudio/v4/developer/toolchains/gnu_arm/4.9_2015q3/bin/../lib/gcc/arm-none-eabi/4.9.3/armv7e-m/softfp/crti.o
LOAD c:/siliconlabs/simplicitystudio/v4/developer/toolchains/gnu_arm/4.9_2015q3/bin/../lib/gcc/arm-none-eabi/4.9.3/armv7e-m/softfp/crtbegin.o
LOAD c:/siliconlabs/simplicitystudio/v4/developer/toolchains/gnu_arm/4.9_2015q3/bin/../lib/gcc/arm-none-eabi/4.9.3/../../../../arm-none-eabi/lib/armv7e-m/softfp/crt0.o
START GROUP
LOAD ./application_properties.o
LOAD ./gatt_db.o
LOAD ./init_app.o
LOAD ./init_board.o
LOAD ./init_mcu.o
LOAD ./main.o
LOAD ./pti.o
LOAD ./hardware/kit/common/bsp/bsp_stk.o
LOAD ./hardware/kit/common/drivers/mx25flash_spi.o
LOAD ./lcd-graphics/bmp.o
LOAD ./lcd-graphics/display.o
LOAD ./lcd-graphics/displayls013b7dh03.o
LOAD ./lcd-graphics/displaypalemlib.o
LOAD ./lcd-graphics/dmd_display.o
LOAD ./lcd-graphics/glib.o
LOAD ./lcd-graphics/glib_bitmap.o
LOAD ./lcd-graphics/glib_circle.o
LOAD ./lcd-graphics/glib_font_narrow_6x8.o
LOAD ./lcd-graphics/glib_font_normal_8x8.o
LOAD ./lcd-graphics/glib_font_number_16x20.o
LOAD ./lcd-graphics/glib_line.o
LOAD ./lcd-graphics/glib_polygon.o
LOAD ./lcd-graphics/glib_rectangle.o
LOAD ./lcd-graphics/glib_string.o
LOAD ./lcd-graphics/graphics.o
LOAD ./lcd-graphics/udelay.o
LOAD ./platform/Device/SiliconLabs/EFR32BG1B/Source/GCC/startup_efr32bg1b.o
LOAD ./platform/Device/SiliconLabs/EFR32BG1B/Source/system_efr32bg1b.o
LOAD ./platform/emdrv/sleep/src/sleep.o
LOAD ./platform/emdrv/tempdrv/src/tempdrv.o
LOAD ./platform/emlib/src/em_acmp.o
LOAD ./platform/emlib/src/em_adc.o
LOAD ./platform/emlib/src/em_aes.o
LOAD ./platform/emlib/src/em_assert.o
LOAD ./platform/emlib/src/em_burtc.o
LOAD ./platform/emlib/src/em_can.o
LOAD ./platform/emlib/src/em_cmu.o
LOAD ./platform/emlib/src/em_core.o
LOAD ./platform/emlib/src/em_cryotimer.o
LOAD ./platform/emlib/src/em_crypto.o
LOAD ./platform/emlib/src/em_csen.o
LOAD ./platform/emlib/src/em_dac.o
LOAD ./platform/emlib/src/em_dbg.o
LOAD ./platform/emlib/src/em_dma.o
LOAD ./platform/emlib/src/em_ebi.o
LOAD ./platform/emlib/src/em_emu.o
LOAD ./platform/emlib/src/em_gpcrc.o
LOAD ./platform/emlib/src/em_gpio.o
LOAD ./platform/emlib/src/em_i2c.o
LOAD ./platform/emlib/src/em_idac.o
LOAD ./platform/emlib/src/em_int.o
LOAD ./platform/emlib/src/em_lcd.o
LOAD ./platform/emlib/src/em_ldma.o
LOAD ./platform/emlib/src/em_lesense.o
LOAD ./platform/emlib/src/em_letimer.o
LOAD ./platform/emlib/src/em_leuart.o
LOAD ./platform/emlib/src/em_mpu.o
LOAD ./platform/emlib/src/em_msc.o
LOAD ./platform/emlib/src/em_opamp.o
LOAD ./platform/emlib/src/em_pcnt.o
LOAD ./platform/emlib/src/em_prs.o
LOAD ./platform/emlib/src/em_qspi.o
LOAD ./platform/emlib/src/em_rmu.o
LOAD ./platform/emlib/src/em_rtc.o
LOAD ./platform/emlib/src/em_rtcc.o
LOAD ./platform/emlib/src/em_system.o
LOAD ./platform/emlib/src/em_timer.o
LOAD ./platform/emlib/src/em_usart.o
LOAD ./platform/emlib/src/em_vcmp.o
LOAD ./platform/emlib/src/em_vdac.o
LOAD ./platform/emlib/src/em_wdog.o
LOAD ./src/gpio.o
LOAD ./src/lcd.o
LOAD ./src/persistent_mem.o
LOAD C:\Users\sridh\OneDrive\Desktop\New folder (2)\remote_client\protocol\bluetooth\lib\EFR32BG1B\GCC\libpsstore.a
LOAD C:\Users\sridh\OneDrive\Desktop\New folder (2)\remote_client\platform\radio\rail_lib\autogen\librail_release\librail_efr32xg1_gcc_release.a
LOAD C:\Users\sridh\OneDrive\Desktop\New folder (2)\remote_client\protocol\bluetooth\lib\EFR32BG1B\GCC\libmbedtls.a
LOAD C:\Users\sridh\OneDrive\Desktop\New folder (2)\remote_client\protocol\bluetooth\lib\EFR32BG1B\GCC\binapploader.o
LOAD C:\Users\sridh\OneDrive\Desktop\New folder (2)\remote_client\protocol\bluetooth\lib\EFR32BG1B\GCC\libbluetooth.a
LOAD c:/siliconlabs/simplicitystudio/v4/developer/toolchains/gnu_arm/4.9_2015q3/bin/../lib/gcc/arm-none-eabi/4.9.3/../../../../arm-none-eabi/lib/armv7e-m/softfp\libm.a
END GROUP
START GROUP
LOAD c:/siliconlabs/simplicitystudio/v4/developer/toolchains/gnu_arm/4.9_2015q3/bin/../lib/gcc/arm-none-eabi/4.9.3/armv7e-m/softfp\libgcc.a
LOAD c:/siliconlabs/simplicitystudio/v4/developer/toolchains/gnu_arm/4.9_2015q3/bin/../lib/gcc/arm-none-eabi/4.9.3/../../../../arm-none-eabi/lib/armv7e-m/softfp\libc_nano.a
LOAD c:/siliconlabs/simplicitystudio/v4/developer/toolchains/gnu_arm/4.9_2015q3/bin/../lib/gcc/arm-none-eabi/4.9.3/../../../../arm-none-eabi/lib/armv7e-m/softfp\libnosys.a
END GROUP
START GROUP
LOAD c:/siliconlabs/simplicitystudio/v4/developer/toolchains/gnu_arm/4.9_2015q3/bin/../lib/gcc/arm-none-eabi/4.9.3/armv7e-m/softfp\libgcc.a
LOAD c:/siliconlabs/simplicitystudio/v4/developer/toolchains/gnu_arm/4.9_2015q3/bin/../lib/gcc/arm-none-eabi/4.9.3/../../../../arm-none-eabi/lib/armv7e-m/softfp\libg_nano.a
LOAD c:/siliconlabs/simplicitystudio/v4/developer/toolchains/gnu_arm/4.9_2015q3/bin/../lib/gcc/arm-none-eabi/4.9.3/../../../../arm-none-eabi/lib/armv7e-m/softfp\libc_nano.a
END GROUP
START GROUP
LOAD c:/siliconlabs/simplicitystudio/v4/developer/toolchains/gnu_arm/4.9_2015q3/bin/../lib/gcc/arm-none-eabi/4.9.3/armv7e-m/softfp\libgcc.a
LOAD c:/siliconlabs/simplicitystudio/v4/developer/toolchains/gnu_arm/4.9_2015q3/bin/../lib/gcc/arm-none-eabi/4.9.3/../../../../arm-none-eabi/lib/armv7e-m/softfp\libc_nano.a
END GROUP
LOAD c:/siliconlabs/simplicitystudio/v4/developer/toolchains/gnu_arm/4.9_2015q3/bin/../lib/gcc/arm-none-eabi/4.9.3/armv7e-m/softfp/crtend.o
LOAD c:/siliconlabs/simplicitystudio/v4/developer/toolchains/gnu_arm/4.9_2015q3/bin/../lib/gcc/arm-none-eabi/4.9.3/armv7e-m/softfp/crtn.o

.text_bootloader
                0x00000000        0x0
 *(.binbootloader*)
                0x00000000                . = ALIGN (0x4000)

.text_apploader
                0x00004000     0x97c0
 *(.binapploader*)
 .binapploader  0x00004000     0x97c0 C:\Users\sridh\OneDrive\Desktop\New folder (2)\remote_client\protocol\bluetooth\lib\EFR32BG1B\GCC\binapploader.o

.text_signature
                0x0000d7c0       0x40
                0x0000d800                . = ALIGN (0x800)
 *fill*         0x0000d7c0       0x40 
                0x0000d800                __text_start__ = .

.text_application
                0x0000d800    0x24a50
 *(.vectors)
 .vectors       0x0000d800       0xc8 ./platform/Device/SiliconLabs/EFR32BG1B/Source/GCC/startup_efr32bg1b.o
                0x0000d800                __Vectors
                0x0000d8c8                __Vectors_End = .
                0x000000c8                __Vectors_Size = (__Vectors_End - __Vectors)
                0x0000d8c8                __end__ = .
 *(.application_properties)
 .application_properties
                0x0000d8c8       0x38 ./application_properties.o
                0x0000d8c8                applicationProperties
 *(.gecko_configuration)
 *(.xo_configuration)
 *(.gatt_header)
 .gatt_header   0x0000d900       0x34 ./gatt_db.o
                0x0000d900                bg_gattdb_data
 *(.gatt_data)
 .gatt_data     0x0000d934      0x1d5 ./gatt_db.o
                0x0000d934                bg_gattdb_data_uuidtable_16_map
                0x0000d950                bg_gattdb_data_uuidtable_128_map
                0x0000d970                bg_gattdb_data_attribute_field_18
                0x0000d978                bg_gattdb_data_attribute_field_17
                0x0000d990                bg_gattdb_data_attribute_field_16
                0x0000d9a4                bg_gattdb_data_attribute_field_15
                0x0000d9ac                bg_gattdb_data_attribute_field_14
                0x0000d9b4                bg_gattdb_data_attribute_field_13
                0x0000d9c0                bg_gattdb_data_attribute_field_12
                0x0000d9c8                bg_gattdb_data_attribute_field_11
                0x0000d9d8                bg_gattdb_data_attribute_field_10
                0x0000d9e0                bg_gattdb_data_attribute_field_9
                0x0000d9e4                bg_gattdb_data_attribute_field_8
                0x0000d9e8                bg_gattdb_data_attribute_field_7
                0x0000d9f0                bg_gattdb_data_attribute_field_6
                0x0000d9f8                bg_gattdb_data_attribute_field_5
                0x0000da00                bg_gattdb_data_attribute_field_4
                0x0000da04                bg_gattdb_data_attribute_field_2
                0x0000da0c                bg_gattdb_data_attribute_field_1
                0x0000da14                bg_gattdb_data_attribute_field_0
                0x0000da18                bg_gattdb_data_attributes_map
                0x0000dafc                bg_gattdb_data_attributes_dynamic_mapping_map
                0x0000db04                bg_gattdb_data_adv_uuid16_map
                0x0000db08                bg_gattdb_data_adv_uuid128_map
 *(.text*)
 *fill*         0x0000db09        0x3 
 .text          0x0000db0c       0x5c c:/siliconlabs/simplicitystudio/v4/developer/toolchains/gnu_arm/4.9_2015q3/bin/../lib/gcc/arm-none-eabi/4.9.3/armv7e-m/softfp/crtbegin.o
 .text          0x0000db68       0x74 c:/siliconlabs/simplicitystudio/v4/developer/toolchains/gnu_arm/4.9_2015q3/bin/../lib/gcc/arm-none-eabi/4.9.3/../../../../arm-none-eabi/lib/armv7e-m/softfp/crt0.o
                0x0000db68                _start
                0x0000db68                _mainCRTStartup
 .text.initApp  0x0000dbdc       0x30 ./init_app.o
                0x0000dbdc                initApp
 .text.initBoard
                0x0000dc0c       0x48 ./init_board.o
                0x0000dc0c                initBoard
 .text.BUS_RegBitWrite
                0x0000dc54       0x2c ./init_mcu.o
 .text.SYSTEM_GetProdRev
                0x0000dc80       0x1c ./init_mcu.o
 .text.CHIP_Init
                0x0000dc9c       0xb4 ./init_mcu.o
 .text.initMcu  0x0000dd50       0x70 ./init_mcu.o
                0x0000dd50                initMcu
 .text.initMcu_clocks
                0x0000ddc0       0xa4 ./init_mcu.o
 .text.gecko_initCoexHAL
                0x0000de64        0xc ./main.o
 .text.gecko_init
                0x0000de70       0x44 ./main.o
 .text.gecko_cmd_system_reset
                0x0000deb4       0x44 ./main.o
 .text.gecko_cmd_le_gap_open
                0x0000def8       0x6c ./main.o
 .text.gecko_cmd_le_gap_set_mode
                0x0000df64       0x5c ./main.o
 .text.gecko_cmd_le_gap_discover
                0x0000dfc0       0x50 ./main.o
 .text.gecko_cmd_le_gap_end_procedure
                0x0000e010       0x48 ./main.o
 .text.gecko_cmd_le_gap_set_scan_parameters
                0x0000e058       0x64 ./main.o
 .text.gecko_cmd_le_gap_start_discovery
                0x0000e0bc       0x5c ./main.o
 .text.gecko_cmd_le_connection_close
                0x0000e118       0x50 ./main.o
 .text.gecko_cmd_gatt_discover_primary_services_by_uuid
                0x0000e168       0x8c ./main.o
 .text.gecko_cmd_gatt_discover_characteristics_by_uuid
                0x0000e1f4       0x98 ./main.o
 .text.gecko_cmd_gatt_set_characteristic_notification
                0x0000e28c       0x68 ./main.o
 .text.gecko_cmd_gatt_send_characteristic_confirmation
                0x0000e2f4       0x50 ./main.o
 .text.gecko_cmd_gatt_server_send_user_write_response
                0x0000e344       0x68 ./main.o
 .text.gecko_cmd_sm_set_bondable_mode
                0x0000e3ac       0x50 ./main.o
 .text.gecko_cmd_sm_configure
                0x0000e3fc       0x5c ./main.o
 .text.gecko_cmd_sm_increase_security
                0x0000e458       0x50 ./main.o
 .text.gecko_cmd_sm_delete_bondings
                0x0000e4a8       0x48 ./main.o
 .text.process_scan_response
                0x0000e4f0       0x7c ./main.o
                0x0000e4f0                process_scan_response
 .text.main     0x0000e56c      0x594 ./main.o
                0x0000e56c                main
 .text.configEnablePti
                0x0000eb00       0x48 ./pti.o
                0x0000eb00                configEnablePti
 .text.BUS_RegMaskedSet
                0x0000eb48       0x24 ./hardware/kit/common/drivers/mx25flash_spi.o
 .text.BUS_RegMaskedClear
                0x0000eb6c       0x24 ./hardware/kit/common/drivers/mx25flash_spi.o
 .text.GPIO_PinOutClear
                0x0000eb90       0x58 ./hardware/kit/common/drivers/mx25flash_spi.o
 .text.GPIO_PinOutSet
                0x0000ebe8       0x58 ./hardware/kit/common/drivers/mx25flash_spi.o
 .text.MX25_init
                0x0000ec40       0x98 ./hardware/kit/common/drivers/mx25flash_spi.o
                0x0000ec40                MX25_init
 .text.Wait_Flash_WarmUp
                0x0000ecd8       0x24 ./hardware/kit/common/drivers/mx25flash_spi.o
                0x0000ecd8                Wait_Flash_WarmUp
 .text.Initial_Spi
                0x0000ecfc        0xc ./hardware/kit/common/drivers/mx25flash_spi.o
                0x0000ecfc                Initial_Spi
 .text.CS_Low   0x0000ed08       0x10 ./hardware/kit/common/drivers/mx25flash_spi.o
                0x0000ed08                CS_Low
 .text.CS_High  0x0000ed18       0x10 ./hardware/kit/common/drivers/mx25flash_spi.o
                0x0000ed18                CS_High
 .text.InsertDummyCycle
                0x0000ed28       0x38 ./hardware/kit/common/drivers/mx25flash_spi.o
                0x0000ed28                InsertDummyCycle
 .text.SendByte
                0x0000ed60       0x3c ./hardware/kit/common/drivers/mx25flash_spi.o
                0x0000ed60                SendByte
 .text.MX25_DP  0x0000ed9c       0x34 ./hardware/kit/common/drivers/mx25flash_spi.o
                0x0000ed9c                MX25_DP
 .text.DISPLAY_Init
                0x0000edd0       0x54 ./lcd-graphics/display.o
                0x0000edd0                DISPLAY_Init
 .text.DISPLAY_DeviceGet
                0x0000ee24       0x60 ./lcd-graphics/display.o
                0x0000ee24                DISPLAY_DeviceGet
 .text.DISPLAY_DeviceRegister
                0x0000ee84       0x6c ./lcd-graphics/display.o
                0x0000ee84                DISPLAY_DeviceRegister
 .text.DISPLAY_Ls013b7dh03Init
                0x0000eef0       0xd0 ./lcd-graphics/displayls013b7dh03.o
                0x0000eef0                DISPLAY_Ls013b7dh03Init
 .text.DriverRefresh
                0x0000efc0       0x20 ./lcd-graphics/displayls013b7dh03.o
 .text.DisplayEnable
                0x0000efe0       0x30 ./lcd-graphics/displayls013b7dh03.o
 .text.DisplayClear
                0x0000f010       0x48 ./lcd-graphics/displayls013b7dh03.o
 .text.DisplayPolarityInverse
                0x0000f058       0x10 ./lcd-graphics/displayls013b7dh03.o
 .text.PixelMatrixAllocate
                0x0000f068       0x70 ./lcd-graphics/displayls013b7dh03.o
 .text.PixelMatrixFree
                0x0000f0d8       0x1c ./lcd-graphics/displayls013b7dh03.o
 .text.PixelMatrixClear
                0x0000f0f4       0x40 ./lcd-graphics/displayls013b7dh03.o
 .text.PixelMatrixDraw
                0x0000f134       0xb8 ./lcd-graphics/displayls013b7dh03.o
 .text.BUS_RegMaskedSet
                0x0000f1ec       0x24 ./lcd-graphics/displaypalemlib.o
 .text.BUS_RegMaskedClear
                0x0000f210       0x24 ./lcd-graphics/displaypalemlib.o
 .text.GPIO_PinOutClear
                0x0000f234       0x58 ./lcd-graphics/displaypalemlib.o
 .text.GPIO_PinOutSet
                0x0000f28c       0x58 ./lcd-graphics/displaypalemlib.o
 .text.PAL_SpiInit
                0x0000f2e4       0x64 ./lcd-graphics/displaypalemlib.o
                0x0000f2e4                PAL_SpiInit
 .text.PAL_SpiTransmit
                0x0000f348       0x74 ./lcd-graphics/displaypalemlib.o
                0x0000f348                PAL_SpiTransmit
 .text.PAL_TimerInit
                0x0000f3bc       0x18 ./lcd-graphics/displaypalemlib.o
                0x0000f3bc                PAL_TimerInit
 .text.PAL_TimerMicroSecondsDelay
                0x0000f3d4       0x1c ./lcd-graphics/displaypalemlib.o
                0x0000f3d4                PAL_TimerMicroSecondsDelay
 .text.PAL_TimerRepeat
                0x0000f3f0       0x30 ./lcd-graphics/displaypalemlib.o
                0x0000f3f0                PAL_TimerRepeat
 .text.PAL_GpioInit
                0x0000f420       0x20 ./lcd-graphics/displaypalemlib.o
                0x0000f420                PAL_GpioInit
 .text.PAL_GpioPinModeSet
                0x0000f440       0x44 ./lcd-graphics/displaypalemlib.o
                0x0000f440                PAL_GpioPinModeSet
 .text.PAL_GpioPinOutSet
                0x0000f484       0x24 ./lcd-graphics/displaypalemlib.o
                0x0000f484                PAL_GpioPinOutSet
 .text.PAL_GpioPinOutClear
                0x0000f4a8       0x24 ./lcd-graphics/displaypalemlib.o
                0x0000f4a8                PAL_GpioPinOutClear
 .text.DMD_init
                0x0000f4cc       0xc8 ./lcd-graphics/dmd_display.o
                0x0000f4cc                DMD_init
 .text.DMD_getDisplayGeometry
                0x0000f594       0x38 ./lcd-graphics/dmd_display.o
                0x0000f594                DMD_getDisplayGeometry
 .text.DMD_setClippingArea
                0x0000f5cc       0x8c ./lcd-graphics/dmd_display.o
                0x0000f5cc                DMD_setClippingArea
 .text.DMD_writeColor
                0x0000f658      0x2b4 ./lcd-graphics/dmd_display.o
                0x0000f658                DMD_writeColor
 .text.DMD_allocateFramebuffer
                0x0000f90c       0x54 ./lcd-graphics/dmd_display.o
                0x0000f90c                DMD_allocateFramebuffer
 .text.DMD_updateDisplay
                0x0000f960      0x114 ./lcd-graphics/dmd_display.o
                0x0000f960                DMD_updateDisplay
 .text.GLIB_colorTranslate24bppInl
                0x0000fa74       0x34 ./lcd-graphics/glib.o
 .text.GLIB_contextInit
                0x0000faa8       0x84 ./lcd-graphics/glib.o
                0x0000faa8                GLIB_contextInit
 .text.GLIB_setClippingRegion
                0x0000fb2c       0xa4 ./lcd-graphics/glib.o
                0x0000fb2c                GLIB_setClippingRegion
 .text.GLIB_clear
                0x0000fbd0       0x70 ./lcd-graphics/glib.o
                0x0000fbd0                GLIB_clear
 .text.GLIB_resetDisplayClippingArea
                0x0000fc40       0x30 ./lcd-graphics/glib.o
                0x0000fc40                GLIB_resetDisplayClippingArea
 .text.GLIB_applyClippingRegion
                0x0000fc70       0x58 ./lcd-graphics/glib.o
                0x0000fc70                GLIB_applyClippingRegion
 .text.GLIB_colorTranslate24bpp
                0x0000fcc8       0x20 ./lcd-graphics/glib.o
                0x0000fcc8                GLIB_colorTranslate24bpp
 .text.GLIB_drawPixel
                0x0000fce8       0x6c ./lcd-graphics/glib.o
                0x0000fce8                GLIB_drawPixel
 .text.GLIB_drawPixelColor
                0x0000fd54       0x6c ./lcd-graphics/glib.o
                0x0000fd54                GLIB_drawPixelColor
 .text.GLIB_rectContainsPoint
                0x0000fdc0       0x4c ./lcd-graphics/glib_rectangle.o
                0x0000fdc0                GLIB_rectContainsPoint
 .text.GLIB_drawChar
                0x0000fe0c      0x1d8 ./lcd-graphics/glib_string.o
                0x0000fe0c                GLIB_drawChar
 .text.GLIB_drawString
                0x0000ffe4       0xd0 ./lcd-graphics/glib_string.o
                0x0000ffe4                GLIB_drawString
 .text.GLIB_setFont
                0x000100b4       0x44 ./lcd-graphics/glib_string.o
                0x000100b4                GLIB_setFont
 .text.GRAPHICS_Init
                0x000100f8       0x58 ./lcd-graphics/graphics.o
                0x000100f8                GRAPHICS_Init
 .text.GRAPHICS_Update
                0x00010150        0xc ./lcd-graphics/graphics.o
                0x00010150                GRAPHICS_Update
 .text.GRAPHICS_Clear
                0x0001015c       0x24 ./lcd-graphics/graphics.o
                0x0001015c                GRAPHICS_Clear
 .text.GRAPHICS_AppendString
                0x00010180       0x58 ./lcd-graphics/graphics.o
                0x00010180                GRAPHICS_AppendString
 .text.rtcIntCallbackRegister
                0x000101d8       0x1c ./lcd-graphics/graphics.o
                0x000101d8                rtcIntCallbackRegister
 .text.NVIC_ClearPendingIRQ
                0x000101f4       0x34 ./lcd-graphics/udelay.o
 .text.RTCC_CounterGet
                0x00010228       0x18 ./lcd-graphics/udelay.o
 .text.UDELAY_Calibrate
                0x00010240      0x190 ./lcd-graphics/udelay.o
                0x00010240                UDELAY_Calibrate
 .text.UDELAY_Delay
                0x000103d0       0x38 ./lcd-graphics/udelay.o
                0x000103d0                UDELAY_Delay
 .text.calibrate_delay
                0x00010408       0xd8 ./lcd-graphics/udelay.o
 .text.clock    0x000104e0       0x10 ./lcd-graphics/udelay.o
 .text._delay   0x000104f0       0x18 ./lcd-graphics/udelay.o
 .text.Reset_Handler
                0x00010508       0x4c ./platform/Device/SiliconLabs/EFR32BG1B/Source/GCC/startup_efr32bg1b.o
                0x00010508                Reset_Handler
 .text.Default_Handler
                0x00010554        0x8 ./platform/Device/SiliconLabs/EFR32BG1B/Source/GCC/startup_efr32bg1b.o
                0x00010554                DebugMon_Handler
                0x00010554                USART0_TX_IRQHandler
                0x00010554                I2C0_IRQHandler
                0x00010554                HardFault_Handler
                0x00010554                SysTick_Handler
                0x00010554                USART1_RX_IRQHandler
                0x00010554                PendSV_Handler
                0x00010554                NMI_Handler
                0x00010554                WDOG0_IRQHandler
                0x00010554                USART1_TX_IRQHandler
                0x00010554                MSC_IRQHandler
                0x00010554                ADC0_IRQHandler
                0x00010554                UsageFault_Handler
                0x00010554                LEUART0_IRQHandler
                0x00010554                FPUEH_IRQHandler
                0x00010554                LDMA_IRQHandler
                0x00010554                TIMER0_IRQHandler
                0x00010554                LETIMER0_IRQHandler
                0x00010554                TIMER1_IRQHandler
                0x00010554                Default_Handler
                0x00010554                CRYOTIMER_IRQHandler
                0x00010554                PCNT0_IRQHandler
                0x00010554                ACMP0_IRQHandler
                0x00010554                USART0_RX_IRQHandler
                0x00010554                MemManage_Handler
                0x00010554                SVC_Handler
                0x00010554                RTCC_IRQHandler
                0x00010554                CRYPTO_IRQHandler
                0x00010554                CMU_IRQHandler
                0x00010554                GPIO_ODD_IRQHandler
                0x00010554                BusFault_Handler
                0x00010554                IDAC0_IRQHandler
 .text.SystemCoreClockGet
                0x0001055c       0x44 ./platform/Device/SiliconLabs/EFR32BG1B/Source/system_efr32bg1b.o
                0x0001055c                SystemCoreClockGet
 .text.SystemMaxCoreClockGet
                0x000105a0       0x14 ./platform/Device/SiliconLabs/EFR32BG1B/Source/system_efr32bg1b.o
                0x000105a0                SystemMaxCoreClockGet
 .text.SystemHFClockGet
                0x000105b4       0x70 ./platform/Device/SiliconLabs/EFR32BG1B/Source/system_efr32bg1b.o
                0x000105b4                SystemHFClockGet
 .text.SystemHFXOClockGet
                0x00010624       0x18 ./platform/Device/SiliconLabs/EFR32BG1B/Source/system_efr32bg1b.o
                0x00010624                SystemHFXOClockGet
 .text.SystemHFXOClockSet
                0x0001063c       0x30 ./platform/Device/SiliconLabs/EFR32BG1B/Source/system_efr32bg1b.o
                0x0001063c                SystemHFXOClockSet
 .text.SystemInit
                0x0001066c       0x5c ./platform/Device/SiliconLabs/EFR32BG1B/Source/system_efr32bg1b.o
                0x0001066c                SystemInit
 .text.SystemLFRCOClockGet
                0x000106c8       0x14 ./platform/Device/SiliconLabs/EFR32BG1B/Source/system_efr32bg1b.o
                0x000106c8                SystemLFRCOClockGet
 .text.SystemULFRCOClockGet
                0x000106dc       0x14 ./platform/Device/SiliconLabs/EFR32BG1B/Source/system_efr32bg1b.o
                0x000106dc                SystemULFRCOClockGet
 .text.SystemLFXOClockGet
                0x000106f0       0x18 ./platform/Device/SiliconLabs/EFR32BG1B/Source/system_efr32bg1b.o
                0x000106f0                SystemLFXOClockGet
 .text.SystemLFXOClockSet
                0x00010708       0x30 ./platform/Device/SiliconLabs/EFR32BG1B/Source/system_efr32bg1b.o
                0x00010708                SystemLFXOClockSet
 .text.BUS_RegBitWrite
                0x00010738       0x2c ./platform/emdrv/sleep/src/sleep.o
 .text.EMU_EnterEM1
                0x00010764       0x20 ./platform/emdrv/sleep/src/sleep.o
 .text.EMU_EM2Block
                0x00010784       0x14 ./platform/emdrv/sleep/src/sleep.o
 .text.EMU_EM2UnBlock
                0x00010798       0x14 ./platform/emdrv/sleep/src/sleep.o
 .text.sleepCallbackWrapper
                0x000107ac       0x2c ./platform/emdrv/sleep/src/sleep.o
 .text.SLEEP_Init
                0x000107d8       0x60 ./platform/emdrv/sleep/src/sleep.o
                0x000107d8                SLEEP_Init
 .text.SLEEP_Sleep
                0x00010838       0x90 ./platform/emdrv/sleep/src/sleep.o
                0x00010838                SLEEP_Sleep
 .text.SLEEP_SleepBlockBegin
                0x000108c8       0x48 ./platform/emdrv/sleep/src/sleep.o
                0x000108c8                SLEEP_SleepBlockBegin
 .text.SLEEP_SleepBlockEnd
                0x00010910       0x58 ./platform/emdrv/sleep/src/sleep.o
                0x00010910                SLEEP_SleepBlockEnd
 .text.SLEEP_LowestEnergyModeGet
                0x00010968       0x40 ./platform/emdrv/sleep/src/sleep.o
                0x00010968                SLEEP_LowestEnergyModeGet
 .text.enterEMx
                0x000109a8       0xa0 ./platform/emdrv/sleep/src/sleep.o
 .text.NVIC_EnableIRQ
                0x00010a48       0x30 ./platform/emdrv/tempdrv/src/tempdrv.o
 .text.NVIC_ClearPendingIRQ
                0x00010a78       0x34 ./platform/emdrv/tempdrv/src/tempdrv.o
 .text.EMU_IntClear
                0x00010aac       0x1c ./platform/emdrv/tempdrv/src/tempdrv.o
 .text.EMU_IntDisable
                0x00010ac8       0x24 ./platform/emdrv/tempdrv/src/tempdrv.o
 .text.EMU_IntEnable
                0x00010aec       0x24 ./platform/emdrv/tempdrv/src/tempdrv.o
 .text.EMU_IntGetEnabled
                0x00010b10       0x24 ./platform/emdrv/tempdrv/src/tempdrv.o
 .text.EMU_IRQHandler
                0x00010b34        0xc ./platform/emdrv/tempdrv/src/tempdrv.o
                0x00010b34                EMU_IRQHandler
 .text.TEMPDRV_IRQHandler
                0x00010b40       0xa0 ./platform/emdrv/tempdrv/src/tempdrv.o
                0x00010b40                TEMPDRV_IRQHandler
 .text.errataCallback
                0x00010be0       0x20 ./platform/emdrv/tempdrv/src/tempdrv.o
 .text.errataStateUpdate
                0x00010c00       0xbc ./platform/emdrv/tempdrv/src/tempdrv.o
 .text.errataInit
                0x00010cbc       0x8c ./platform/emdrv/tempdrv/src/tempdrv.o
 .text.convertToTemp
                0x00010d48       0x58 ./platform/emdrv/tempdrv/src/tempdrv.o
 .text.convertToEmu
                0x00010da0       0x48 ./platform/emdrv/tempdrv/src/tempdrv.o
 .text.disableInterrupts
                0x00010de8       0x18 ./platform/emdrv/tempdrv/src/tempdrv.o
 .text.updateInterrupts
                0x00010e00      0x140 ./platform/emdrv/tempdrv/src/tempdrv.o
 .text.TEMPDRV_Init
                0x00010f40       0xd4 ./platform/emdrv/tempdrv/src/tempdrv.o
                0x00010f40                TEMPDRV_Init
 .text.TEMPDRV_GetTemp
                0x00011014       0x1c ./platform/emdrv/tempdrv/src/tempdrv.o
                0x00011014                TEMPDRV_GetTemp
 .text.BUS_RegBitWrite
                0x00011030       0x2c ./platform/emlib/src/em_cmu.o
 .text.BUS_RegBitRead
                0x0001105c       0x2c ./platform/emlib/src/em_cmu.o
 .text.BUS_RegMaskedSet
                0x00011088       0x24 ./platform/emlib/src/em_cmu.o
 .text.BUS_RegMaskedClear
                0x000110ac       0x24 ./platform/emlib/src/em_cmu.o
 .text.BUS_RegMaskedWrite
                0x000110d0       0x24 ./platform/emlib/src/em_cmu.o
 .text.CMU_Log2ToDiv
                0x000110f4       0x1c ./platform/emlib/src/em_cmu.o
 .text.CMU_PrescToLog2
                0x00011110       0x28 ./platform/emlib/src/em_cmu.o
 .text.setHfLeConfig
                0x00011138       0x64 ./platform/emlib/src/em_cmu.o
 .text.auxClkGet
                0x0001119c       0x20 ./platform/emlib/src/em_cmu.o
 .text.hfSrcClkGet
                0x000111bc       0x2c ./platform/emlib/src/em_cmu.o
 .text.dbgClkGet
                0x000111e8       0x40 ./platform/emlib/src/em_cmu.o
 .text.adcAsyncClkGet
                0x00011228       0x80 ./platform/emlib/src/em_cmu.o
 .text.flashWaitStateControl
                0x000112a8       0x5c ./platform/emlib/src/em_cmu.o
 .text.flashWaitStateMax
                0x00011304       0x40 ./platform/emlib/src/em_cmu.o
 .text.CMU_UpdateWaitStates
                0x00011344       0x40 ./platform/emlib/src/em_cmu.o
                0x00011344                CMU_UpdateWaitStates
 .text.getRegIshUpperVal
                0x00011384       0x38 ./platform/emlib/src/em_cmu.o
 .text.getHfxoTuningMode
                0x000113bc       0x1c ./platform/emlib/src/em_cmu.o
 .text.setHfxoTuningMode
                0x000113d8       0x28 ./platform/emlib/src/em_cmu.o
 .text.lfClkGet
                0x00011400       0xf4 ./platform/emlib/src/em_cmu.o
 .text.syncReg  0x000114f4       0x38 ./platform/emlib/src/em_cmu.o
 .text.CMU_ClockDivGet
                0x0001152c       0x1c ./platform/emlib/src/em_cmu.o
                0x0001152c                CMU_ClockDivGet
 .text.CMU_ClockDivSet
                0x00011548       0x1c ./platform/emlib/src/em_cmu.o
                0x00011548                CMU_ClockDivSet
 .text.CMU_ClockEnable
                0x00011564       0xcc ./platform/emlib/src/em_cmu.o
                0x00011564                CMU_ClockEnable
 .text.CMU_ClockFreqGet
                0x00011630      0x198 ./platform/emlib/src/em_cmu.o
                0x00011630                CMU_ClockFreqGet
 .text.CMU_ClockPrescGet
                0x000117c8      0x120 ./platform/emlib/src/em_cmu.o
                0x000117c8                CMU_ClockPrescGet
 .text.CMU_ClockPrescSet
                0x000118e8      0x1e0 ./platform/emlib/src/em_cmu.o
                0x000118e8                CMU_ClockPrescSet
 .text.CMU_ClockSelectGet
                0x00011ac8      0x19c ./platform/emlib/src/em_cmu.o
                0x00011ac8                CMU_ClockSelectGet
 .text.CMU_ClockSelectSet
                0x00011c64      0x260 ./platform/emlib/src/em_cmu.o
                0x00011c64                CMU_ClockSelectSet
 .text.CMU_HFXOAutostartEnable
                0x00011ec4       0x7c ./platform/emlib/src/em_cmu.o
                0x00011ec4                CMU_HFXOAutostartEnable
 .text.CMU_HFXOInit
                0x00011f40       0xf4 ./platform/emlib/src/em_cmu.o
                0x00011f40                CMU_HFXOInit
 .text.CMU_LFXOInit
                0x00012034       0x50 ./platform/emlib/src/em_cmu.o
                0x00012034                CMU_LFXOInit
 .text.CMU_OscillatorEnable
                0x00012084      0x174 ./platform/emlib/src/em_cmu.o
                0x00012084                CMU_OscillatorEnable
 .text.CMU_OscillatorTuningGet
                0x000121f8       0x74 ./platform/emlib/src/em_cmu.o
                0x000121f8                CMU_OscillatorTuningGet
 .text.CMU_OscillatorTuningSet
                0x0001226c      0x100 ./platform/emlib/src/em_cmu.o
                0x0001226c                CMU_OscillatorTuningSet
 .text.CMU_OscillatorTuningWait
                0x0001236c       0x94 ./platform/emlib/src/em_cmu.o
                0x0001236c                CMU_OscillatorTuningWait
 .text.CMU_OscillatorTuningOptimize
                0x00012400       0x58 ./platform/emlib/src/em_cmu.o
                0x00012400                CMU_OscillatorTuningOptimize
 .text.CORE_EnterCritical
                0x00012458       0x20 ./platform/emlib/src/em_core.o
                0x00012458                CORE_EnterCritical
 .text.CORE_ExitCritical
                0x00012478       0x1c ./platform/emlib/src/em_core.o
                0x00012478                CORE_ExitCritical
 .text.CORE_AtomicDisableIrq
                0x00012494       0x10 ./platform/emlib/src/em_core.o
                0x00012494                CORE_AtomicDisableIrq
 .text.CORE_AtomicEnableIrq
                0x000124a4       0x10 ./platform/emlib/src/em_core.o
                0x000124a4                CORE_AtomicEnableIrq
 .text.CORE_EnterAtomic
                0x000124b4       0x20 ./platform/emlib/src/em_core.o
                0x000124b4                CORE_EnterAtomic
 .text.CORE_ExitAtomic
                0x000124d4       0x1c ./platform/emlib/src/em_core.o
                0x000124d4                CORE_ExitAtomic
 .text.CORE_SetNvicRamTableHandler
                0x000124f0       0x44 ./platform/emlib/src/em_core.o
                0x000124f0                CORE_SetNvicRamTableHandler
 .text.CORE_InitNvicVectorTable
                0x00012534       0xc8 ./platform/emlib/src/em_core.o
                0x00012534                CORE_InitNvicVectorTable
 .text.CRYPTO_BurstFromCrypto
                0x000125fc       0x40 ./platform/emlib/src/em_crypto.o
 .text.CRYPTO_ModulusSet
                0x0001263c       0x88 ./platform/emlib/src/em_crypto.o
                0x0001263c                CRYPTO_ModulusSet
 .text.CRYPTO_KeyRead
                0x000126c4       0x38 ./platform/emlib/src/em_crypto.o
                0x000126c4                CRYPTO_KeyRead
 .text.SystemCoreClockUpdate
                0x000126fc        0xc ./platform/emlib/src/em_emu.o
 .text.BUS_RegBitWrite
                0x00012708       0x2c ./platform/emlib/src/em_emu.o
 .text.BUS_RegBitRead
                0x00012734       0x2c ./platform/emlib/src/em_emu.o
 .text.EMU_Unlock
                0x00012760       0x18 ./platform/emlib/src/em_emu.o
 .text.CMU_Lock
                0x00012778       0x18 ./platform/emlib/src/em_emu.o
 .text.CMU_Unlock
                0x00012790       0x1c ./platform/emlib/src/em_emu.o
 .text.SYSTEM_GetDevinfoRev
                0x000127ac       0x18 ./platform/emlib/src/em_emu.o
 .text.emState  0x000127c4       0xcc ./platform/emlib/src/em_emu.o
 .text.dcdcFetCntSet
                0x00012890       0x50 ./platform/emlib/src/em_emu.o
 .text.dcdcHsFixLnBlock
                0x000128e0       0x48 ./platform/emlib/src/em_emu.o
 .text.EMU_EnterEM2
                0x00012928       0x50 ./platform/emlib/src/em_emu.o
                0x00012928                EMU_EnterEM2
 .text.EMU_EnterEM3
                0x00012978       0x78 ./platform/emlib/src/em_emu.o
                0x00012978                EMU_EnterEM3
 .text.EMU_Save
                0x000129f0        0xc ./platform/emlib/src/em_emu.o
                0x000129f0                EMU_Save
 .text.EMU_Restore
                0x000129fc        0xc ./platform/emlib/src/em_emu.o
                0x000129fc                EMU_Restore
 .text.EMU_EnterEM4
                0x00012a08       0xbc ./platform/emlib/src/em_emu.o
                0x00012a08                EMU_EnterEM4
 .text.dcdcConstCalibrationLoad
                0x00012ac4       0xc4 ./platform/emlib/src/em_emu.o
 .text.dcdcValidatedConfigSet
                0x00012b88       0xb0 ./platform/emlib/src/em_emu.o
 .text.currentLimitersUpdate
                0x00012c38       0xe4 ./platform/emlib/src/em_emu.o
 .text.userCurrentLimitsSet
                0x00012d1c       0x2c ./platform/emlib/src/em_emu.o
 .text.compCtrlSet
                0x00012d48       0x3c ./platform/emlib/src/em_emu.o
 .text.lpCmpHystCalibrationLoad
                0x00012d84       0xd0 ./platform/emlib/src/em_emu.o
 .text.lpGetDevinfoVrefLowHigh
                0x00012e54      0x164 ./platform/emlib/src/em_emu.o
 .text.EMU_DCDCModeSet
                0x00012fb8       0xb8 ./platform/emlib/src/em_emu.o
                0x00012fb8                EMU_DCDCModeSet
 .text.EMU_DCDCInit
                0x00013070      0x114 ./platform/emlib/src/em_emu.o
                0x00013070                EMU_DCDCInit
 .text.EMU_DCDCOutputVoltageSet
                0x00013184      0x20c ./platform/emlib/src/em_emu.o
                0x00013184                EMU_DCDCOutputVoltageSet
 .text.EMU_DCDCOptimizeSlice
                0x00013390       0xd8 ./platform/emlib/src/em_emu.o
                0x00013390                EMU_DCDCOptimizeSlice
 .text.EMU_DCDCLnRcoBandSet
                0x00013468       0x54 ./platform/emlib/src/em_emu.o
                0x00013468                EMU_DCDCLnRcoBandSet
 .text.EMU_SetBiasMode
                0x000134bc       0xa4 ./platform/emlib/src/em_emu.o
                0x000134bc                EMU_SetBiasMode
 .text.BUS_RegBitWrite
                0x00013560       0x2c ./platform/emlib/src/em_gpio.o
 .text.BUS_RegMaskedSet
                0x0001358c       0x24 ./platform/emlib/src/em_gpio.o
 .text.BUS_RegMaskedClear
                0x000135b0       0x24 ./platform/emlib/src/em_gpio.o
 .text.BUS_RegMaskedWrite
                0x000135d4       0x24 ./platform/emlib/src/em_gpio.o
 .text.GPIO_PinOutClear
                0x000135f8       0x58 ./platform/emlib/src/em_gpio.o
 .text.GPIO_PinOutSet
                0x00013650       0x58 ./platform/emlib/src/em_gpio.o
 .text.GPIO_ExtIntConfig
                0x000136a8      0x124 ./platform/emlib/src/em_gpio.o
                0x000136a8                GPIO_ExtIntConfig
 .text.GPIO_PinModeSet
                0x000137cc      0x10c ./platform/emlib/src/em_gpio.o
                0x000137cc                GPIO_PinModeSet
 .text.MSC_Init
                0x000138d8       0x24 ./platform/emlib/src/em_msc.o
                0x000138d8                MSC_Init
 .text.MSC_Deinit
                0x000138fc       0x24 ./platform/emlib/src/em_msc.o
                0x000138fc                MSC_Deinit
 .text.RMU_ResetCauseClear
                0x00013920       0x18 ./platform/emlib/src/em_rmu.o
                0x00013920                RMU_ResetCauseClear
 .text.RMU_ResetCauseGet
                0x00013938       0xdc ./platform/emlib/src/em_rmu.o
                0x00013938                RMU_ResetCauseGet
 .text.BUS_RegBitWrite
                0x00013a14       0x2c ./platform/emlib/src/em_rtcc.o
 .text.RTCC_ChannelInit
                0x00013a40       0x5c ./platform/emlib/src/em_rtcc.o
                0x00013a40                RTCC_ChannelInit
 .text.RTCC_Enable
                0x00013a9c       0x20 ./platform/emlib/src/em_rtcc.o
                0x00013a9c                RTCC_Enable
 .text.RTCC_Init
                0x00013abc       0x94 ./platform/emlib/src/em_rtcc.o
                0x00013abc                RTCC_Init
 .text.SYSTEM_ChipRevisionGet
                0x00013b50       0x78 ./platform/emlib/src/em_system.o
                0x00013b50                SYSTEM_ChipRevisionGet
 .text.USART_BaudrateSyncSet
                0x00013bc8       0x40 ./platform/emlib/src/em_usart.o
                0x00013bc8                USART_BaudrateSyncSet
 .text.USART_InitSync
                0x00013c08       0xf0 ./platform/emlib/src/em_usart.o
                0x00013c08                USART_InitSync
 .text.USART_Reset
                0x00013cf8       0x9c ./platform/emlib/src/em_usart.o
                0x00013cf8                USART_Reset
 .text.USART_SpiTransfer
                0x00013d94       0x40 ./platform/emlib/src/em_usart.o
                0x00013d94                USART_SpiTransfer
 .text.USART_Tx
                0x00013dd4       0x2c ./platform/emlib/src/em_usart.o
                0x00013dd4                USART_Tx
 .text.USART_TxDouble
                0x00013e00       0x2c ./platform/emlib/src/em_usart.o
                0x00013e00                USART_TxDouble
 .text.NVIC_EnableIRQ
                0x00013e2c       0x30 ./src/gpio.o
 .text.NVIC_ClearPendingIRQ
                0x00013e5c       0x34 ./src/gpio.o
 .text.GPIO_IntClear
                0x00013e90       0x20 ./src/gpio.o
 .text.GPIO_IntGetEnabled
                0x00013eb0       0x28 ./src/gpio.o
 .text.gecko_cmd_sm_passkey_confirm
                0x00013ed8       0x5c ./src/gpio.o
 .text.GPIO_EVEN_IRQHandler
                0x00013f34       0x4c ./src/gpio.o
                0x00013f34                GPIO_EVEN_IRQHandler
 .text.gpio_init
                0x00013f80       0x38 ./src/gpio.o
                0x00013f80                gpio_init
 .text.lcd_initialize
                0x00013fb8        0xc ./src/lcd.o
                0x00013fb8                lcd_initialize
 .text.lcd_clear_print
                0x00013fc4       0x1c ./src/lcd.o
                0x00013fc4                lcd_clear_print
 .text.lcd_print
                0x00013fe0       0x18 ./src/lcd.o
                0x00013fe0                lcd_print
 .text.lcd_passkey_display
                0x00013ff8       0x38 ./src/lcd.o
                0x00013ff8                lcd_passkey_display
 .text.gecko_cmd_flash_ps_save
                0x00014030       0x8c ./src/persistent_mem.o
 .text.ps_save_object
                0x000140bc       0x30 ./src/persistent_mem.o
                0x000140bc                ps_save_object
 .text.RAIL_ConfigPti
                0x000140ec        0x6 C:\Users\sridh\OneDrive\Desktop\New folder (2)\remote_client\platform\radio\rail_lib\autogen\librail_release\librail_efr32xg1_gcc_release.a(rail_pti.o)
                0x000140ec                RAIL_ConfigPti
 .text.RAIL_EnablePti
                0x000140f2        0x6 C:\Users\sridh\OneDrive\Desktop\New folder (2)\remote_client\platform\radio\rail_lib\autogen\librail_release\librail_efr32xg1_gcc_release.a(rail_pti.o)
                0x000140f2                RAIL_EnablePti
 .text.eventDefault
                0x000140f8        0x2 C:\Users\sridh\OneDrive\Desktop\New folder (2)\remote_client\platform\radio\rail_lib\autogen\librail_release\librail_efr32xg1_gcc_release.a(rail_rf_hal.o)
 *fill*         0x000140fa        0x2 
 .text.setRssiPeriod
                0x000140fc       0x18 C:\Users\sridh\OneDrive\Desktop\New folder (2)\remote_client\platform\radio\rail_lib\autogen\librail_release\librail_efr32xg1_gcc_release.a(rail_rf_hal.o)
 .text.RFHAL_NotifyUserOfIrCal
                0x00014114       0x68 C:\Users\sridh\OneDrive\Desktop\New folder (2)\remote_client\platform\radio\rail_lib\autogen\librail_release\librail_efr32xg1_gcc_release.a(rail_rf_hal.o)
 *fill*         0x0001417c        0x4 
 .text.GENERIC_PHY_EventCallback
                0x00014180      0x1a0 C:\Users\sridh\OneDrive\Desktop\New folder (2)\remote_client\platform\radio\rail_lib\autogen\librail_release\librail_efr32xg1_gcc_release.a(rail_rf_hal.o)
                0x00014180                GENERIC_PHY_EventCallback
 .text.RFHAL_IntEnable
                0x00014320       0x56 C:\Users\sridh\OneDrive\Desktop\New folder (2)\remote_client\platform\radio\rail_lib\autogen\librail_release\librail_efr32xg1_gcc_release.a(rail_rf_hal.o)
                0x00014320                RFHAL_IntEnable
 *fill*         0x00014376        0x2 
 .text.RFHAL_SetEventCallback
                0x00014378       0x18 C:\Users\sridh\OneDrive\Desktop\New folder (2)\remote_client\platform\radio\rail_lib\autogen\librail_release\librail_efr32xg1_gcc_release.a(rail_rf_hal.o)
                0x00014378                RFHAL_SetEventCallback
 .text.RFHAL_SetPtiProtocol
                0x00014390       0x20 C:\Users\sridh\OneDrive\Desktop\New folder (2)\remote_client\platform\radio\rail_lib\autogen\librail_release\librail_efr32xg1_gcc_release.a(rail_rf_hal.o)
                0x00014390                RFHAL_SetPtiProtocol
 .text.RFHAL_Idle
                0x000143b0       0x40 C:\Users\sridh\OneDrive\Desktop\New folder (2)\remote_client\platform\radio\rail_lib\autogen\librail_release\librail_efr32xg1_gcc_release.a(rail_rf_hal.o)
                0x000143b0                RFHAL_Idle
 .text.RFHAL_GetRadioState
                0x000143f0       0x7c C:\Users\sridh\OneDrive\Desktop\New folder (2)\remote_client\platform\radio\rail_lib\autogen\librail_release\librail_efr32xg1_gcc_release.a(rail_rf_hal.o)
                0x000143f0                RFHAL_GetRadioState
 .text.RFHAL_OkToTransmit
                0x0001446c       0x18 C:\Users\sridh\OneDrive\Desktop\New folder (2)\remote_client\platform\radio\rail_lib\autogen\librail_release\librail_efr32xg1_gcc_release.a(rail_rf_hal.o)
                0x0001446c                RFHAL_OkToTransmit
 .text.RFHAL_ScheduleRx
                0x00014484       0x74 C:\Users\sridh\OneDrive\Desktop\New folder (2)\remote_client\platform\radio\rail_lib\autogen\librail_release\librail_efr32xg1_gcc_release.a(rail_rf_hal.o)
                0x00014484                RFHAL_ScheduleRx
 .text.RFHAL_EnableRxRawCapture
                0x000144f8       0x5c C:\Users\sridh\OneDrive\Desktop\New folder (2)\remote_client\platform\radio\rail_lib\autogen\librail_release\librail_efr32xg1_gcc_release.a(rail_rf_hal.o)
                0x000144f8                RFHAL_EnableRxRawCapture
 .text.RFHAL_DisableRxRawCapture
                0x00014554       0x38 C:\Users\sridh\OneDrive\Desktop\New folder (2)\remote_client\platform\radio\rail_lib\autogen\librail_release\librail_efr32xg1_gcc_release.a(rail_rf_hal.o)
                0x00014554                RFHAL_DisableRxRawCapture
 .text.RFHAL_AcceptCrcErrors
                0x0001458c       0x18 C:\Users\sridh\OneDrive\Desktop\New folder (2)\remote_client\platform\radio\rail_lib\autogen\librail_release\librail_efr32xg1_gcc_release.a(rail_rf_hal.o)
                0x0001458c                RFHAL_AcceptCrcErrors
 .text.RFHAL_ConfigRxOptions
                0x000145a4       0x74 C:\Users\sridh\OneDrive\Desktop\New folder (2)\remote_client\platform\radio\rail_lib\autogen\librail_release\librail_efr32xg1_gcc_release.a(rail_rf_hal.o)
                0x000145a4                RFHAL_ConfigRxOptions
 .text.RFHAL_GetTimer
                0x00014618       0x10 C:\Users\sridh\OneDrive\Desktop\New folder (2)\remote_client\platform\radio\rail_lib\autogen\librail_release\librail_efr32xg1_gcc_release.a(rail_rf_hal.o)
                0x00014618                RFHAL_GetTimer
 .text.RFHAL_CancelTimer
                0x00014628       0x28 C:\Users\sridh\OneDrive\Desktop\New folder (2)\remote_client\platform\radio\rail_lib\autogen\librail_release\librail_efr32xg1_gcc_release.a(rail_rf_hal.o)
                0x00014628                RFHAL_CancelTimer
 .text.RFHAL_SetTimer
                0x00014650       0x84 C:\Users\sridh\OneDrive\Desktop\New folder (2)\remote_client\platform\radio\rail_lib\autogen\librail_release\librail_efr32xg1_gcc_release.a(rail_rf_hal.o)
                0x00014650                RFHAL_SetTimer
 .text.RFHAL_IsTimerExpired
                0x000146d4       0x1c C:\Users\sridh\OneDrive\Desktop\New folder (2)\remote_client\platform\radio\rail_lib\autogen\librail_release\librail_efr32xg1_gcc_release.a(rail_rf_hal.o)
                0x000146d4                RFHAL_IsTimerExpired
 .text.RFHAL_IsTimerRunning
                0x000146f0        0x6 C:\Users\sridh\OneDrive\Desktop\New folder (2)\remote_client\platform\radio\rail_lib\autogen\librail_release\librail_efr32xg1_gcc_release.a(rail_rf_hal.o)
                0x000146f0                RFHAL_IsTimerRunning
 *fill*         0x000146f6        0x2 
 .text.RFHAL_SetTxTransitions
                0x000146f8       0x1c C:\Users\sridh\OneDrive\Desktop\New folder (2)\remote_client\platform\radio\rail_lib\autogen\librail_release\librail_efr32xg1_gcc_release.a(rail_rf_hal.o)
                0x000146f8                RFHAL_SetTxTransitions
 .text.RFHAL_SetRxTransitions
                0x00014714       0x1c C:\Users\sridh\OneDrive\Desktop\New folder (2)\remote_client\platform\radio\rail_lib\autogen\librail_release\librail_efr32xg1_gcc_release.a(rail_rf_hal.o)
                0x00014714                RFHAL_SetRxTransitions
 .text.RFHAL_SetCRCInitVal
                0x00014730        0x4 C:\Users\sridh\OneDrive\Desktop\New folder (2)\remote_client\platform\radio\rail_lib\autogen\librail_release\librail_efr32xg1_gcc_release.a(rail_rf_hal.o)
                0x00014730                RFHAL_SetCRCInitVal
 .text.RFHAL_ConfigTxPower
                0x00014734        0xc C:\Users\sridh\OneDrive\Desktop\New folder (2)\remote_client\platform\radio\rail_lib\autogen\librail_release\librail_efr32xg1_gcc_release.a(rail_rf_hal.o)
                0x00014734                RFHAL_ConfigTxPower
 .text.RFHAL_SetTxPowerUnchecked
                0x00014740       0x18 C:\Users\sridh\OneDrive\Desktop\New folder (2)\remote_client\platform\radio\rail_lib\autogen\librail_release\librail_efr32xg1_gcc_release.a(rail_rf_hal.o)
                0x00014740                RFHAL_SetTxPowerUnchecked
 .text.RFHAL_SetTxPower
                0x00014758       0x3c C:\Users\sridh\OneDrive\Desktop\New folder (2)\remote_client\platform\radio\rail_lib\autogen\librail_release\librail_efr32xg1_gcc_release.a(rail_rf_hal.o)
                0x00014758                RFHAL_SetTxPower
 .text.RFHAL_GetTxPowerConfig
                0x00014794        0xc C:\Users\sridh\OneDrive\Desktop\New folder (2)\remote_client\platform\radio\rail_lib\autogen\librail_release\librail_efr32xg1_gcc_release.a(rail_rf_hal.o)
                0x00014794                RFHAL_GetTxPowerConfig
 .text.RFHAL_GetTxPower
                0x000147a0        0x4 C:\Users\sridh\OneDrive\Desktop\New folder (2)\remote_client\platform\radio\rail_lib\autogen\librail_release\librail_efr32xg1_gcc_release.a(rail_rf_hal.o)
                0x000147a0                RFHAL_GetTxPower
 .text.RFHAL_SetChannel
                0x000147a4       0x98 C:\Users\sridh\OneDrive\Desktop\New folder (2)\remote_client\platform\radio\rail_lib\autogen\librail_release\librail_efr32xg1_gcc_release.a(rail_rf_hal.o)
                0x000147a4                RFHAL_SetChannel
 .text.RFHAL_IsAutoAckEnabled
                0x0001483c        0x6 C:\Users\sridh\OneDrive\Desktop\New folder (2)\remote_client\platform\radio\rail_lib\autogen\librail_release\librail_efr32xg1_gcc_release.a(rail_rf_hal.o)
                0x0001483c                RFHAL_IsAutoAckEnabled
 *fill*         0x00014842        0x2 
 .text.RFHAL_AutoAckWaitForAck
                0x00014844       0x18 C:\Users\sridh\OneDrive\Desktop\New folder (2)\remote_client\platform\radio\rail_lib\autogen\librail_release\librail_efr32xg1_gcc_release.a(rail_rf_hal.o)
                0x00014844                RFHAL_AutoAckWaitForAck
 .text.preTxOps
                0x0001485c       0xc4 C:\Users\sridh\OneDrive\Desktop\New folder (2)\remote_client\platform\radio\rail_lib\autogen\librail_release\librail_efr32xg1_gcc_release.a(rail_rf_hal.o)
 .text.RFHAL_StartTx
                0x00014920       0x12 C:\Users\sridh\OneDrive\Desktop\New folder (2)\remote_client\platform\radio\rail_lib\autogen\librail_release\librail_efr32xg1_gcc_release.a(rail_rf_hal.o)
                0x00014920                RFHAL_StartTx
 .text.RFHAL_StartScheduledTx
                0x00014932       0x3a C:\Users\sridh\OneDrive\Desktop\New folder (2)\remote_client\platform\radio\rail_lib\autogen\librail_release\librail_efr32xg1_gcc_release.a(rail_rf_hal.o)
                0x00014932                RFHAL_StartScheduledTx
 .text.RFHAL_GetRxPacketInfo
                0x0001496c       0x48 C:\Users\sridh\OneDrive\Desktop\New folder (2)\remote_client\platform\radio\rail_lib\autogen\librail_release\librail_efr32xg1_gcc_release.a(rail_rf_hal.o)
                0x0001496c                RFHAL_GetRxPacketInfo
 .text.RFHAL_GetRxPacketDetails
                0x000149b4       0xcc C:\Users\sridh\OneDrive\Desktop\New folder (2)\remote_client\platform\radio\rail_lib\autogen\librail_release\librail_efr32xg1_gcc_release.a(rail_rf_hal.o)
                0x000149b4                RFHAL_GetRxPacketDetails
 .text.RFHAL_SetTxBuffer
                0x00014a80       0x3a C:\Users\sridh\OneDrive\Desktop\New folder (2)\remote_client\platform\radio\rail_lib\autogen\librail_release\librail_efr32xg1_gcc_release.a(rail_rf_hal.o)
                0x00014a80                RFHAL_SetTxBuffer
 *fill*         0x00014aba        0x2 
 .text.RFHAL_ResetTxFifo
                0x00014abc       0x2c C:\Users\sridh\OneDrive\Desktop\New folder (2)\remote_client\platform\radio\rail_lib\autogen\librail_release\librail_efr32xg1_gcc_release.a(rail_rf_hal.o)
                0x00014abc                RFHAL_ResetTxFifo
 .text.RFHAL_WriteTxFifo
                0x00014ae8       0x28 C:\Users\sridh\OneDrive\Desktop\New folder (2)\remote_client\platform\radio\rail_lib\autogen\librail_release\librail_efr32xg1_gcc_release.a(rail_rf_hal.o)
                0x00014ae8                RFHAL_WriteTxFifo
 .text.RFHAL_ResetRxFifo
                0x00014b10       0x40 C:\Users\sridh\OneDrive\Desktop\New folder (2)\remote_client\platform\radio\rail_lib\autogen\librail_release\librail_efr32xg1_gcc_release.a(rail_rf_hal.o)
                0x00014b10                RFHAL_ResetRxFifo
 .text.RFHAL_ConfigData
                0x00014b50       0x7c C:\Users\sridh\OneDrive\Desktop\New folder (2)\remote_client\platform\radio\rail_lib\autogen\librail_release\librail_efr32xg1_gcc_release.a(rail_rf_hal.o)
                0x00014b50                RFHAL_ConfigData
 .text.RFHAL_SetAbortScheduledTxDuringRx
                0x00014bcc       0x18 C:\Users\sridh\OneDrive\Desktop\New folder (2)\remote_client\platform\radio\rail_lib\autogen\librail_release\librail_efr32xg1_gcc_release.a(rail_rf_hal.o)
                0x00014bcc                RFHAL_SetAbortScheduledTxDuringRx
 .text.RFHAL_ConfigFrameTypeLength
                0x00014be4       0x70 C:\Users\sridh\OneDrive\Desktop\New folder (2)\remote_client\platform\radio\rail_lib\autogen\librail_release\librail_efr32xg1_gcc_release.a(rail_rf_hal.o)
                0x00014be4                RFHAL_ConfigFrameTypeLength
 .text.RFHAL_ConfigRadio
                0x00014c54       0xe8 C:\Users\sridh\OneDrive\Desktop\New folder (2)\remote_client\platform\radio\rail_lib\autogen\librail_release\librail_efr32xg1_gcc_release.a(rail_rf_hal.o)
                0x00014c54                RFHAL_ConfigRadio
 .text.RFHAL_GetTime
                0x00014d3c        0xe C:\Users\sridh\OneDrive\Desktop\New folder (2)\remote_client\platform\radio\rail_lib\autogen\librail_release\librail_efr32xg1_gcc_release.a(rail_rf_hal.o)
                0x00014d3c                RFHAL_GetTime
 *fill*         0x00014d4a        0x2 
 .text.RFHAL_ResetAddressFilter
                0x00014d4c       0x10 C:\Users\sridh\OneDrive\Desktop\New folder (2)\remote_client\platform\radio\rail_lib\autogen\librail_release\librail_efr32xg1_gcc_release.a(rail_rf_hal.o)
                0x00014d4c                RFHAL_ResetAddressFilter
 .text.RFHAL_Init
                0x00014d5c       0xa4 C:\Users\sridh\OneDrive\Desktop\New folder (2)\remote_client\platform\radio\rail_lib\autogen\librail_release\librail_efr32xg1_gcc_release.a(rail_rf_hal.o)
                0x00014d5c                RFHAL_Init
 .text.RFHAL_GetRadioEntropy
                0x00014e00        0x4 C:\Users\sridh\OneDrive\Desktop\New folder (2)\remote_client\platform\radio\rail_lib\autogen\librail_release\librail_efr32xg1_gcc_release.a(rail_rf_hal.o)
                0x00014e00                RFHAL_GetRadioEntropy
 .text.RFHAL_SetStateTiming
                0x00014e04       0x56 C:\Users\sridh\OneDrive\Desktop\New folder (2)\remote_client\platform\radio\rail_lib\autogen\librail_release\librail_efr32xg1_gcc_release.a(rail_rf_hal.o)
                0x00014e04                RFHAL_SetStateTiming
 .text.RFHAL_ConfigPti
                0x00014e5a        0x4 C:\Users\sridh\OneDrive\Desktop\New folder (2)\remote_client\platform\radio\rail_lib\autogen\librail_release\librail_efr32xg1_gcc_release.a(rail_rf_hal.o)
                0x00014e5a                RFHAL_ConfigPti
 .text.RFHAL_EnablePti
                0x00014e5e        0x4 C:\Users\sridh\OneDrive\Desktop\New folder (2)\remote_client\platform\radio\rail_lib\autogen\librail_release\librail_efr32xg1_gcc_release.a(rail_rf_hal.o)
                0x00014e5e                RFHAL_EnablePti
 .text.RFHAL_IEEE802154IsEnabled
                0x00014e62        0x6 C:\Users\sridh\OneDrive\Desktop\New folder (2)\remote_client\platform\radio\rail_lib\autogen\librail_release\librail_efr32xg1_gcc_release.a(rail_ieee802154_rf_hal.o)
                0x00014e62                RFHAL_IEEE802154IsEnabled
 .text.setMultiTimer
                0x00014e68        0x4 C:\Users\sridh\OneDrive\Desktop\New folder (2)\remote_client\platform\radio\rail_lib\autogen\librail_release\librail_efr32xg1_gcc_release.a(rail_singleprotocol.o)
 .text.cancelMultiTimer
                0x00014e6c        0x4 C:\Users\sridh\OneDrive\Desktop\New folder (2)\remote_client\platform\radio\rail_lib\autogen\librail_release\librail_efr32xg1_gcc_release.a(rail_singleprotocol.o)
 .text.isMultiTimerRunning
                0x00014e70        0x4 C:\Users\sridh\OneDrive\Desktop\New folder (2)\remote_client\platform\radio\rail_lib\autogen\librail_release\librail_efr32xg1_gcc_release.a(rail_singleprotocol.o)
 .text.isMultiTimerExpired
                0x00014e74        0x4 C:\Users\sridh\OneDrive\Desktop\New folder (2)\remote_client\platform\radio\rail_lib\autogen\librail_release\librail_efr32xg1_gcc_release.a(rail_singleprotocol.o)
 .text.getMultiTimer
                0x00014e78        0x4 C:\Users\sridh\OneDrive\Desktop\New folder (2)\remote_client\platform\radio\rail_lib\autogen\librail_release\librail_efr32xg1_gcc_release.a(rail_singleprotocol.o)
 .text.RAIL_Init
                0x00014e7c       0x20 C:\Users\sridh\OneDrive\Desktop\New folder (2)\remote_client\platform\radio\rail_lib\autogen\librail_release\librail_efr32xg1_gcc_release.a(rail_singleprotocol.o)
                0x00014e7c                RAIL_Init
 .text.RAIL_GetSchedulerStatus
                0x00014e9c        0x4 C:\Users\sridh\OneDrive\Desktop\New folder (2)\remote_client\platform\radio\rail_lib\autogen\librail_release\librail_efr32xg1_gcc_release.a(rail_singleprotocol.o)
                0x00014e9c                RAIL_GetSchedulerStatus
 .text.RAIL_Idle
                0x00014ea0        0x8 C:\Users\sridh\OneDrive\Desktop\New folder (2)\remote_client\platform\radio\rail_lib\autogen\librail_release\librail_efr32xg1_gcc_release.a(rail_singleprotocol.o)
                0x00014ea0                RAIL_Idle
 .text.RAIL_YieldRadio
                0x00014ea8        0x2 C:\Users\sridh\OneDrive\Desktop\New folder (2)\remote_client\platform\radio\rail_lib\autogen\librail_release\librail_efr32xg1_gcc_release.a(rail_singleprotocol.o)
                0x00014ea8                RAIL_YieldRadio
 .text.RAIL_GetRadioEntropy
                0x00014eaa        0x8 C:\Users\sridh\OneDrive\Desktop\New folder (2)\remote_client\platform\radio\rail_lib\autogen\librail_release\librail_efr32xg1_gcc_release.a(rail_singleprotocol.o)
                0x00014eaa                RAIL_GetRadioEntropy
 *fill*         0x00014eb2        0x2 
 .text.RAIL_SetTimer
                0x00014eb4       0x20 C:\Users\sridh\OneDrive\Desktop\New folder (2)\remote_client\platform\radio\rail_lib\autogen\librail_release\librail_efr32xg1_gcc_release.a(rail_singleprotocol.o)
                0x00014eb4                RAIL_SetTimer
 .text.RAIL_CancelTimer
                0x00014ed4        0xc C:\Users\sridh\OneDrive\Desktop\New folder (2)\remote_client\platform\radio\rail_lib\autogen\librail_release\librail_efr32xg1_gcc_release.a(rail_singleprotocol.o)
                0x00014ed4                RAIL_CancelTimer
 .text.RAIL_StartTx
                0x00014ee0        0xa C:\Users\sridh\OneDrive\Desktop\New folder (2)\remote_client\platform\radio\rail_lib\autogen\librail_release\librail_efr32xg1_gcc_release.a(rail_singleprotocol.o)
                0x00014ee0                RAIL_StartTx
 .text.RAIL_StartScheduledTx
                0x00014eea        0xa C:\Users\sridh\OneDrive\Desktop\New folder (2)\remote_client\platform\radio\rail_lib\autogen\librail_release\librail_efr32xg1_gcc_release.a(rail_singleprotocol.o)
                0x00014eea                RAIL_StartScheduledTx
 .text.RAIL_ScheduleRx
                0x00014ef4        0xa C:\Users\sridh\OneDrive\Desktop\New folder (2)\remote_client\platform\radio\rail_lib\autogen\librail_release\librail_efr32xg1_gcc_release.a(rail_singleprotocol.o)
                0x00014ef4                RAIL_ScheduleRx
 .text.radioConfigChangedDefault
                0x00014efe        0x2 C:\Users\sridh\OneDrive\Desktop\New folder (2)\remote_client\platform\radio\rail_lib\autogen\librail_release\librail_efr32xg1_gcc_release.a(rail_rf.o)
 .text.isTransitionState
                0x00014f00       0x12 C:\Users\sridh\OneDrive\Desktop\New folder (2)\remote_client\platform\radio\rail_lib\autogen\librail_release\librail_efr32xg1_gcc_release.a(rail_rf.o)
 .text.RAILCore_Init
                0x00014f12       0x12 C:\Users\sridh\OneDrive\Desktop\New folder (2)\remote_client\platform\radio\rail_lib\autogen\librail_release\librail_efr32xg1_gcc_release.a(rail_rf.o)
                0x00014f12                RAILCore_Init
 .text.RAILInt_SetCallbackConfig
                0x00014f24       0x20 C:\Users\sridh\OneDrive\Desktop\New folder (2)\remote_client\platform\radio\rail_lib\autogen\librail_release\librail_efr32xg1_gcc_release.a(rail_rf.o)
                0x00014f24                RAILInt_SetCallbackConfig
 .text.RAILCore_Idle
                0x00014f44       0x14 C:\Users\sridh\OneDrive\Desktop\New folder (2)\remote_client\platform\radio\rail_lib\autogen\librail_release\librail_efr32xg1_gcc_release.a(rail_rf.o)
                0x00014f44                RAILCore_Idle
 .text.RAIL_SetStateTiming
                0x00014f58        0xa C:\Users\sridh\OneDrive\Desktop\New folder (2)\remote_client\platform\radio\rail_lib\autogen\librail_release\librail_efr32xg1_gcc_release.a(rail_rf.o)
                0x00014f58                RAIL_SetStateTiming
 *fill*         0x00014f62        0x2 
 .text.RAILInt_IsPowerInRange
                0x00014f64       0x3c C:\Users\sridh\OneDrive\Desktop\New folder (2)\remote_client\platform\radio\rail_lib\autogen\librail_release\librail_efr32xg1_gcc_release.a(rail_rf.o)
                0x00014f64                RAILInt_IsPowerInRange
 .text.RAILInt_SetChannel
                0x00014fa0      0x1d8 C:\Users\sridh\OneDrive\Desktop\New folder (2)\remote_client\platform\radio\rail_lib\autogen\librail_release\librail_efr32xg1_gcc_release.a(rail_rf.o)
                0x00014fa0                RAILInt_SetChannel
 .text.RAILCore_ConfigChannels
                0x00015178       0x58 C:\Users\sridh\OneDrive\Desktop\New folder (2)\remote_client\platform\radio\rail_lib\autogen\librail_release\librail_efr32xg1_gcc_release.a(rail_rf.o)
                0x00015178                RAILCore_ConfigChannels
 .text.RAILInt_GetChannel
                0x000151d0        0x4 C:\Users\sridh\OneDrive\Desktop\New folder (2)\remote_client\platform\radio\rail_lib\autogen\librail_release\librail_efr32xg1_gcc_release.a(rail_rf.o)
                0x000151d0                RAILInt_GetChannel
 .text.RAILCore_SetTxTransitions
                0x000151d4       0x3c C:\Users\sridh\OneDrive\Desktop\New folder (2)\remote_client\platform\radio\rail_lib\autogen\librail_release\librail_efr32xg1_gcc_release.a(rail_rf.o)
                0x000151d4                RAILCore_SetTxTransitions
 .text.RAIL_SetTxTransitions
                0x00015210        0xa C:\Users\sridh\OneDrive\Desktop\New folder (2)\remote_client\platform\radio\rail_lib\autogen\librail_release\librail_efr32xg1_gcc_release.a(rail_rf.o)
                0x00015210                RAIL_SetTxTransitions
 .text.RAILCore_SetRxTransitions
                0x0001521a       0x38 C:\Users\sridh\OneDrive\Desktop\New folder (2)\remote_client\platform\radio\rail_lib\autogen\librail_release\librail_efr32xg1_gcc_release.a(rail_rf.o)
                0x0001521a                RAILCore_SetRxTransitions
 .text.RAIL_SetRxTransitions
                0x00015252        0xa C:\Users\sridh\OneDrive\Desktop\New folder (2)\remote_client\platform\radio\rail_lib\autogen\librail_release\librail_efr32xg1_gcc_release.a(rail_rf.o)
                0x00015252                RAIL_SetRxTransitions
 .text.RAIL_ConfigEvents
                0x0001525c       0x14 C:\Users\sridh\OneDrive\Desktop\New folder (2)\remote_client\platform\radio\rail_lib\autogen\librail_release\librail_efr32xg1_gcc_release.a(rail_rf.o)
                0x0001525c                RAIL_ConfigEvents
 .text.RAIL_ConfigRxOptions
                0x00015270        0xa C:\Users\sridh\OneDrive\Desktop\New folder (2)\remote_client\platform\radio\rail_lib\autogen\librail_release\librail_efr32xg1_gcc_release.a(rail_rx.o)
                0x00015270                RAIL_ConfigRxOptions
 .text.RAILCore_ScheduleRx
                0x0001527a       0x2c C:\Users\sridh\OneDrive\Desktop\New folder (2)\remote_client\platform\radio\rail_lib\autogen\librail_release\librail_efr32xg1_gcc_release.a(rail_rx.o)
                0x0001527a                RAILCore_ScheduleRx
 .text.RAILInt_PreTxOps
                0x000152a6       0x1c C:\Users\sridh\OneDrive\Desktop\New folder (2)\remote_client\platform\radio\rail_lib\autogen\librail_release\librail_efr32xg1_gcc_release.a(rail_tx.o)
                0x000152a6                RAILInt_PreTxOps
 .text.RAILCore_StartTx
                0x000152c2       0x1a C:\Users\sridh\OneDrive\Desktop\New folder (2)\remote_client\platform\radio\rail_lib\autogen\librail_release\librail_efr32xg1_gcc_release.a(rail_tx.o)
                0x000152c2                RAILCore_StartTx
 .text.RAILCore_StartScheduledTx
                0x000152dc       0x1e C:\Users\sridh\OneDrive\Desktop\New folder (2)\remote_client\platform\radio\rail_lib\autogen\librail_release\librail_efr32xg1_gcc_release.a(rail_tx.o)
                0x000152dc                RAILCore_StartScheduledTx
 .text.RAIL_SetTxPower
                0x000152fa        0xa C:\Users\sridh\OneDrive\Desktop\New folder (2)\remote_client\platform\radio\rail_lib\autogen\librail_release\librail_efr32xg1_gcc_release.a(rail_tx.o)
                0x000152fa                RAIL_SetTxPower
 .text.RAIL_GetTxPower
                0x00015304        0xa C:\Users\sridh\OneDrive\Desktop\New folder (2)\remote_client\platform\radio\rail_lib\autogen\librail_release\librail_efr32xg1_gcc_release.a(rail_tx.o)
                0x00015304                RAIL_GetTxPower
 .text.RAIL_ConfigTxPower
                0x0001530e       0x1a C:\Users\sridh\OneDrive\Desktop\New folder (2)\remote_client\platform\radio\rail_lib\autogen\librail_release\librail_efr32xg1_gcc_release.a(rail_tx.o)
                0x0001530e                RAIL_ConfigTxPower
 .text.RAILInt_PendCal
                0x00015328       0x24 C:\Users\sridh\OneDrive\Desktop\New folder (2)\remote_client\platform\radio\rail_lib\autogen\librail_release\librail_efr32xg1_gcc_release.a(rail_calibration.o)
                0x00015328                RAILInt_PendCal
 .text.RAILCb_AssertFailed
                0x0001534c       0x14 C:\Users\sridh\OneDrive\Desktop\New folder (2)\remote_client\platform\radio\rail_lib\autogen\librail_release\librail_efr32xg1_gcc_release.a(rail_assert.o)
                0x0001534c                RAILCb_AssertFailed
 .text.RAILInt_Assert
                0x00015360       0x1c C:\Users\sridh\OneDrive\Desktop\New folder (2)\remote_client\platform\radio\rail_lib\autogen\librail_release\librail_efr32xg1_gcc_release.a(rail_assert.o)
                0x00015360                RAILInt_Assert
 .text.RAIL_GetTime
                0x0001537c        0x4 C:\Users\sridh\OneDrive\Desktop\New folder (2)\remote_client\platform\radio\rail_lib\autogen\librail_release\librail_efr32xg1_gcc_release.a(rail_timer.o)
                0x0001537c                RAIL_GetTime
 .text.BUFC_ReadHelper
                0x00015380       0x7c C:\Users\sridh\OneDrive\Desktop\New folder (2)\remote_client\platform\radio\rail_lib\autogen\librail_release\librail_efr32xg1_gcc_release.a(bufc.o)
 .text.checkAndAddRxLenOverflowEntry
                0x000153fc       0x3c C:\Users\sridh\OneDrive\Desktop\New folder (2)\remote_client\platform\radio\rail_lib\autogen\librail_release\librail_efr32xg1_gcc_release.a(bufc.o)
 .text.BUFC_SetTxBuffer
                0x00015438       0x38 C:\Users\sridh\OneDrive\Desktop\New folder (2)\remote_client\platform\radio\rail_lib\autogen\librail_release\librail_efr32xg1_gcc_release.a(bufc.o)
                0x00015438                BUFC_SetTxBuffer
 .text.BUFC_WriteBuffer
                0x00015470       0xa8 C:\Users\sridh\OneDrive\Desktop\New folder (2)\remote_client\platform\radio\rail_lib\autogen\librail_release\librail_efr32xg1_gcc_release.a(bufc.o)
                0x00015470                BUFC_WriteBuffer
 .text.BUFC_Peek
                0x00015518       0x12 C:\Users\sridh\OneDrive\Desktop\New folder (2)\remote_client\platform\radio\rail_lib\autogen\librail_release\librail_efr32xg1_gcc_release.a(bufc.o)
                0x00015518                BUFC_Peek
 .text.BUFC_PeekByte
                0x0001552a       0x34 C:\Users\sridh\OneDrive\Desktop\New folder (2)\remote_client\platform\radio\rail_lib\autogen\librail_release\librail_efr32xg1_gcc_release.a(bufc.o)
                0x0001552a                BUFC_PeekByte
 *fill*         0x0001555e        0x2 
 .text.BUFC_GetSpaceAvailable
                0x00015560       0x28 C:\Users\sridh\OneDrive\Desktop\New folder (2)\remote_client\platform\radio\rail_lib\autogen\librail_release\librail_efr32xg1_gcc_release.a(bufc.o)
                0x00015560                BUFC_GetSpaceAvailable
 .text.BUFC_GetBytesAvailable
                0x00015588       0x14 C:\Users\sridh\OneDrive\Desktop\New folder (2)\remote_client\platform\radio\rail_lib\autogen\librail_release\librail_efr32xg1_gcc_release.a(bufc.o)
                0x00015588                BUFC_GetBytesAvailable
 .text.BUFC_TxAckBufferSet
                0x0001559c       0x38 C:\Users\sridh\OneDrive\Desktop\New folder (2)\remote_client\platform\radio\rail_lib\autogen\librail_release\librail_efr32xg1_gcc_release.a(bufc.o)
                0x0001559c                BUFC_TxAckBufferSet
 .text.BUFC_RxBufferReset
                0x000155d4       0x5c C:\Users\sridh\OneDrive\Desktop\New folder (2)\remote_client\platform\radio\rail_lib\autogen\librail_release\librail_efr32xg1_gcc_release.a(bufc.o)
                0x000155d4                BUFC_RxBufferReset
 .text.BUFC_Init
                0x00015630       0x64 C:\Users\sridh\OneDrive\Desktop\New folder (2)\remote_client\platform\radio\rail_lib\autogen\librail_release\librail_efr32xg1_gcc_release.a(bufc.o)
                0x00015630                BUFC_Init
 .text.BUFC_ReleaseRxPacket
                0x00015694      0x10c C:\Users\sridh\OneDrive\Desktop\New folder (2)\remote_client\platform\radio\rail_lib\autogen\librail_release\librail_efr32xg1_gcc_release.a(bufc.o)
                0x00015694                BUFC_ReleaseRxPacket
 .text.BUFC_StartRxLenThrEvent
                0x000157a0       0x98 C:\Users\sridh\OneDrive\Desktop\New folder (2)\remote_client\platform\radio\rail_lib\autogen\librail_release\librail_efr32xg1_gcc_release.a(bufc.o)
                0x000157a0                BUFC_StartRxLenThrEvent
 .text.BUFC_EndRxLenThrEvent
                0x00015838       0x1c C:\Users\sridh\OneDrive\Desktop\New folder (2)\remote_client\platform\radio\rail_lib\autogen\librail_release\librail_efr32xg1_gcc_release.a(bufc.o)
                0x00015838                BUFC_EndRxLenThrEvent
 .text.BUFC_HandleRxLenOvfEvent
                0x00015854       0x28 C:\Users\sridh\OneDrive\Desktop\New folder (2)\remote_client\platform\radio\rail_lib\autogen\librail_release\librail_efr32xg1_gcc_release.a(bufc.o)
                0x00015854                BUFC_HandleRxLenOvfEvent
 .text.BUFC_GetRxPacketInfo
                0x0001587c      0x13c C:\Users\sridh\OneDrive\Desktop\New folder (2)\remote_client\platform\radio\rail_lib\autogen\librail_release\librail_efr32xg1_gcc_release.a(bufc.o)
                0x0001587c                BUFC_GetRxPacketInfo
 .text.IRCAL_Set
                0x000159b8       0x1c C:\Users\sridh\OneDrive\Desktop\New folder (2)\remote_client\platform\radio\rail_lib\autogen\librail_release\librail_efr32xg1_gcc_release.a(ir_cal.o)
                0x000159b8                IRCAL_Set
 .text.PA_ProtectPa
                0x000159d4       0xbc C:\Users\sridh\OneDrive\Desktop\New folder (2)\remote_client\platform\radio\rail_lib\autogen\librail_release\librail_efr32xg1_gcc_release.a(pa.o)
 .text.getRampTimeFromLevelAndRate
                0x00015a90       0x20 C:\Users\sridh\OneDrive\Desktop\New folder (2)\remote_client\platform\radio\rail_lib\autogen\librail_release\librail_efr32xg1_gcc_release.a(pa.o)
 .text.PA_GetTxPowerConfig
                0x00015ab0       0x14 C:\Users\sridh\OneDrive\Desktop\New folder (2)\remote_client\platform\radio\rail_lib\autogen\librail_release\librail_efr32xg1_gcc_release.a(pa.o)
                0x00015ab0                PA_GetTxPowerConfig
 .text.PA_GetPowerLevel
                0x00015ac4        0xc C:\Users\sridh\OneDrive\Desktop\New folder (2)\remote_client\platform\radio\rail_lib\autogen\librail_release\librail_efr32xg1_gcc_release.a(pa.o)
                0x00015ac4                PA_GetPowerLevel
 .text.PA_SetPowerLevel
                0x00015ad0      0x194 C:\Users\sridh\OneDrive\Desktop\New folder (2)\remote_client\platform\radio\rail_lib\autogen\librail_release\librail_efr32xg1_gcc_release.a(pa.o)
                0x00015ad0                PA_SetPowerLevel
 .text.PA_RunPeakDetectorHigh
                0x00015c64       0x4c C:\Users\sridh\OneDrive\Desktop\New folder (2)\remote_client\platform\radio\rail_lib\autogen\librail_release\librail_efr32xg1_gcc_release.a(pa.o)
                0x00015c64                PA_RunPeakDetectorHigh
 .text.PA_RunPeakDetectorLow
                0x00015cb0        0x2 C:\Users\sridh\OneDrive\Desktop\New folder (2)\remote_client\platform\radio\rail_lib\autogen\librail_release\librail_efr32xg1_gcc_release.a(pa.o)
                0x00015cb0                PA_RunPeakDetectorLow
 *fill*         0x00015cb2        0x2 
 .text.PA_RunBatHigh
                0x00015cb4       0x2c C:\Users\sridh\OneDrive\Desktop\New folder (2)\remote_client\platform\radio\rail_lib\autogen\librail_release\librail_efr32xg1_gcc_release.a(pa.o)
                0x00015cb4                PA_RunBatHigh
 .text.PA_GetRampTime
                0x00015ce0        0xc C:\Users\sridh\OneDrive\Desktop\New folder (2)\remote_client\platform\radio\rail_lib\autogen\librail_release\librail_efr32xg1_gcc_release.a(pa.o)
                0x00015ce0                PA_GetRampTime
 .text.PA_ConfigRamp
                0x00015cec       0x20 C:\Users\sridh\OneDrive\Desktop\New folder (2)\remote_client\platform\radio\rail_lib\autogen\librail_release\librail_efr32xg1_gcc_release.a(pa.o)
                0x00015cec                PA_ConfigRamp
 .text.PA_CalcRampTime
                0x00015d0c       0x44 C:\Users\sridh\OneDrive\Desktop\New folder (2)\remote_client\platform\radio\rail_lib\autogen\librail_release\librail_efr32xg1_gcc_release.a(pa.o)
                0x00015d0c                PA_CalcRampTime
 .text.PA_SetRampTime
                0x00015d50       0xac C:\Users\sridh\OneDrive\Desktop\New folder (2)\remote_client\platform\radio\rail_lib\autogen\librail_release\librail_efr32xg1_gcc_release.a(pa.o)
                0x00015d50                PA_SetRampTime
 .text.PA_SelectBand
                0x00015dfc       0x50 C:\Users\sridh\OneDrive\Desktop\New folder (2)\remote_client\platform\radio\rail_lib\autogen\librail_release\librail_efr32xg1_gcc_release.a(pa.o)
                0x00015dfc                PA_SelectBand
 .text.PA_Config
                0x00015e4c      0x15c C:\Users\sridh\OneDrive\Desktop\New folder (2)\remote_client\platform\radio\rail_lib\autogen\librail_release\librail_efr32xg1_gcc_release.a(pa.o)
                0x00015e4c                PA_Config
 .text.PA_UpdateConfig
                0x00015fa8       0x38 C:\Users\sridh\OneDrive\Desktop\New folder (2)\remote_client\platform\radio\rail_lib\autogen\librail_release\librail_efr32xg1_gcc_release.a(pa.o)
                0x00015fa8                PA_UpdateConfig
 .text.PROTIMER_Init
                0x00015fe0       0xe8 C:\Users\sridh\OneDrive\Desktop\New folder (2)\remote_client\platform\radio\rail_lib\autogen\librail_release\librail_efr32xg1_gcc_release.a(protimer.o)
                0x00015fe0                PROTIMER_Init
 .text.PROTIMER_Start
                0x000160c8       0x1c C:\Users\sridh\OneDrive\Desktop\New folder (2)\remote_client\platform\radio\rail_lib\autogen\librail_release\librail_efr32xg1_gcc_release.a(protimer.o)
                0x000160c8                PROTIMER_Start
 .text.PROTIMER_ElapsedTime
                0x000160e4       0x1c C:\Users\sridh\OneDrive\Desktop\New folder (2)\remote_client\platform\radio\rail_lib\autogen\librail_release\librail_efr32xg1_gcc_release.a(protimer.o)
                0x000160e4                PROTIMER_ElapsedTime
 .text.PROTIMER_CCTimerStop
                0x00016100       0x20 C:\Users\sridh\OneDrive\Desktop\New folder (2)\remote_client\platform\radio\rail_lib\autogen\librail_release\librail_efr32xg1_gcc_release.a(protimer.o)
                0x00016100                PROTIMER_CCTimerStop
 .text.PROTIMER_CCTimerStart
                0x00016120      0x164 C:\Users\sridh\OneDrive\Desktop\New folder (2)\remote_client\platform\radio\rail_lib\autogen\librail_release\librail_efr32xg1_gcc_release.a(protimer.o)
                0x00016120                PROTIMER_CCTimerStart
 .text.PROTIMER_WrapMultiple
                0x00016284       0x12 C:\Users\sridh\OneDrive\Desktop\New folder (2)\remote_client\platform\radio\rail_lib\autogen\librail_release\librail_efr32xg1_gcc_release.a(protimer.o)
                0x00016284                PROTIMER_WrapMultiple
 *fill*         0x00016296        0x2 
 .text.PROTIMER_CCTimerIsEnabled
                0x00016298       0x10 C:\Users\sridh\OneDrive\Desktop\New folder (2)\remote_client\platform\radio\rail_lib\autogen\librail_release\librail_efr32xg1_gcc_release.a(protimer.o)
                0x00016298                PROTIMER_CCTimerIsEnabled
 .text.PROTIMER_CCTimerCapture
                0x000162a8       0x14 C:\Users\sridh\OneDrive\Desktop\New folder (2)\remote_client\platform\radio\rail_lib\autogen\librail_release\librail_efr32xg1_gcc_release.a(protimer.o)
                0x000162a8                PROTIMER_CCTimerCapture
 .text.PROTIMER_ScheduleTxEnable
                0x000162bc       0x2c C:\Users\sridh\OneDrive\Desktop\New folder (2)\remote_client\platform\radio\rail_lib\autogen\librail_release\librail_efr32xg1_gcc_release.a(protimer.o)
                0x000162bc                PROTIMER_ScheduleTxEnable
 .text.PROTIMER_ScheduleRxEnable
                0x000162e8       0x2c C:\Users\sridh\OneDrive\Desktop\New folder (2)\remote_client\platform\radio\rail_lib\autogen\librail_release\librail_efr32xg1_gcc_release.a(protimer.o)
                0x000162e8                PROTIMER_ScheduleRxEnable
 .text.PROTIMER_ScheduleRxDisable
                0x00016314       0x38 C:\Users\sridh\OneDrive\Desktop\New folder (2)\remote_client\platform\radio\rail_lib\autogen\librail_release\librail_efr32xg1_gcc_release.a(protimer.o)
                0x00016314                PROTIMER_ScheduleRxDisable
 .text.PROTIMER_ClearRxEnable
                0x0001634c       0x10 C:\Users\sridh\OneDrive\Desktop\New folder (2)\remote_client\platform\radio\rail_lib\autogen\librail_release\librail_efr32xg1_gcc_release.a(protimer.o)
                0x0001634c                PROTIMER_ClearRxEnable
 .text.PROTIMER_GetTime
                0x0001635c        0xc C:\Users\sridh\OneDrive\Desktop\New folder (2)\remote_client\platform\radio\rail_lib\autogen\librail_release\librail_efr32xg1_gcc_release.a(protimer.o)
                0x0001635c                PROTIMER_GetTime
 .text.PROTIMER_GetCCTime
                0x00016368        0xc C:\Users\sridh\OneDrive\Desktop\New folder (2)\remote_client\platform\radio\rail_lib\autogen\librail_release\librail_efr32xg1_gcc_release.a(protimer.o)
                0x00016368                PROTIMER_GetCCTime
 .text.PROTIMER_LBTStop
                0x00016374       0x18 C:\Users\sridh\OneDrive\Desktop\New folder (2)\remote_client\platform\radio\rail_lib\autogen\librail_release\librail_efr32xg1_gcc_release.a(protimer.o)
                0x00016374                PROTIMER_LBTStop
 .text.PROTIMER_PrecntOverflowToUs
                0x0001638c       0x38 C:\Users\sridh\OneDrive\Desktop\New folder (2)\remote_client\platform\radio\rail_lib\autogen\librail_release\librail_efr32xg1_gcc_release.a(protimer.o)
                0x0001638c                PROTIMER_PrecntOverflowToUs
 .text.PROTIMER_UsToPrecntOverflow
                0x000163c4       0x2c C:\Users\sridh\OneDrive\Desktop\New folder (2)\remote_client\platform\radio\rail_lib\autogen\librail_release\librail_efr32xg1_gcc_release.a(protimer.o)
                0x000163c4                PROTIMER_UsToPrecntOverflow
 .text.PROTIMER_DelayUs
                0x000163f0       0x44 C:\Users\sridh\OneDrive\Desktop\New folder (2)\remote_client\platform\radio\rail_lib\autogen\librail_release\librail_efr32xg1_gcc_release.a(protimer.o)
                0x000163f0                PROTIMER_DelayUs
 .text.PROTIMER_CheckCcaReallyFailed
                0x00016434       0xbc C:\Users\sridh\OneDrive\Desktop\New folder (2)\remote_client\platform\radio\rail_lib\autogen\librail_release\librail_efr32xg1_gcc_release.a(protimer.o)
                0x00016434                PROTIMER_CheckCcaReallyFailed
 .text.PTI_Config
                0x000164f0       0xc8 C:\Users\sridh\OneDrive\Desktop\New folder (2)\remote_client\platform\radio\rail_lib\autogen\librail_release\librail_efr32xg1_gcc_release.a(pti.o)
                0x000164f0                PTI_Config
 .text.PTI_EnableAppendedInfo
                0x000165b8       0x18 C:\Users\sridh\OneDrive\Desktop\New folder (2)\remote_client\platform\radio\rail_lib\autogen\librail_release\librail_efr32xg1_gcc_release.a(pti.o)
                0x000165b8                PTI_EnableAppendedInfo
 .text.PTI_Enable
                0x000165d0       0x58 C:\Users\sridh\OneDrive\Desktop\New folder (2)\remote_client\platform\radio\rail_lib\autogen\librail_release\librail_efr32xg1_gcc_release.a(pti.o)
                0x000165d0                PTI_Enable
 .text.PTI_AuxdataOutput
                0x00016628       0x1c C:\Users\sridh\OneDrive\Desktop\New folder (2)\remote_client\platform\radio\rail_lib\autogen\librail_release\librail_efr32xg1_gcc_release.a(pti.o)
                0x00016628                PTI_AuxdataOutput
 .text.PTI_EnableSyncword
                0x00016644       0x18 C:\Users\sridh\OneDrive\Desktop\New folder (2)\remote_client\platform\radio\rail_lib\autogen\librail_release\librail_efr32xg1_gcc_release.a(pti.o)
                0x00016644                PTI_EnableSyncword
 .text.RADIO_SetAndForgetWrite
                0x0001665c       0x8c C:\Users\sridh\OneDrive\Desktop\New folder (2)\remote_client\platform\radio\rail_lib\autogen\librail_release\librail_efr32xg1_gcc_release.a(radio.o)
                0x0001665c                RADIO_SetAndForgetWrite
 .text.RADIO_SeqInit
                0x000166e8       0x68 C:\Users\sridh\OneDrive\Desktop\New folder (2)\remote_client\platform\radio\rail_lib\autogen\librail_release\librail_efr32xg1_gcc_release.a(radio.o)
                0x000166e8                RADIO_SeqInit
 .text.RADIO_CLKEnable
                0x00016750       0x68 C:\Users\sridh\OneDrive\Desktop\New folder (2)\remote_client\platform\radio\rail_lib\autogen\librail_release\librail_efr32xg1_gcc_release.a(radio.o)
                0x00016750                RADIO_CLKEnable
 .text.RADIO_Init
                0x000167b8       0x40 C:\Users\sridh\OneDrive\Desktop\New folder (2)\remote_client\platform\radio\rail_lib\autogen\librail_release\librail_efr32xg1_gcc_release.a(radio.o)
                0x000167b8                RADIO_Init
 .text.RADIO_Config
                0x000167f8       0xa8 C:\Users\sridh\OneDrive\Desktop\New folder (2)\remote_client\platform\radio\rail_lib\autogen\librail_release\librail_efr32xg1_gcc_release.a(radio.o)
                0x000167f8                RADIO_Config
 .text.RADIO_IsRxOnForRssi
                0x000168a0       0x18 C:\Users\sridh\OneDrive\Desktop\New folder (2)\remote_client\platform\radio\rail_lib\autogen\librail_release\librail_efr32xg1_gcc_release.a(radio.o)
                0x000168a0                RADIO_IsRxOnForRssi
 .text.RADIO_RxTrailDataLength
                0x000168b8       0x3c C:\Users\sridh\OneDrive\Desktop\New folder (2)\remote_client\platform\radio\rail_lib\autogen\librail_release\librail_efr32xg1_gcc_release.a(radio.o)
                0x000168b8                RADIO_RxTrailDataLength
 .text.RADIO_ComputeTxBaudrate
                0x000168f4       0x28 C:\Users\sridh\OneDrive\Desktop\New folder (2)\remote_client\platform\radio\rail_lib\autogen\librail_release\librail_efr32xg1_gcc_release.a(radio.o)
                0x000168f4                RADIO_ComputeTxBaudrate
 .text.RADIO_ComputeTxSymbolRate
                0x0001691c       0x2c C:\Users\sridh\OneDrive\Desktop\New folder (2)\remote_client\platform\radio\rail_lib\autogen\librail_release\librail_efr32xg1_gcc_release.a(radio.o)
                0x0001691c                RADIO_ComputeTxSymbolRate
 .text.RADIO_ComputeTxBitRate
                0x00016948       0x50 C:\Users\sridh\OneDrive\Desktop\New folder (2)\remote_client\platform\radio\rail_lib\autogen\librail_release\librail_efr32xg1_gcc_release.a(radio.o)
                0x00016948                RADIO_ComputeTxBitRate
 .text.RADIO_GetRssi
                0x00016998       0x54 C:\Users\sridh\OneDrive\Desktop\New folder (2)\remote_client\platform\radio\rail_lib\autogen\librail_release\librail_efr32xg1_gcc_release.a(radio.o)
                0x00016998                RADIO_GetRssi
 .text.RADIO_SetCRCInitVal
                0x000169ec       0x10 C:\Users\sridh\OneDrive\Desktop\New folder (2)\remote_client\platform\radio\rail_lib\autogen\librail_release\librail_efr32xg1_gcc_release.a(radio.o)
                0x000169ec                RADIO_SetCRCInitVal
 .text.RADIO_RACClearRxOverflow
                0x000169fc       0x20 C:\Users\sridh\OneDrive\Desktop\New folder (2)\remote_client\platform\radio\rail_lib\autogen\librail_release\librail_efr32xg1_gcc_release.a(radio.o)
                0x000169fc                RADIO_RACClearRxOverflow
 .text.RFSENSE_IRQHandler
                0x00016a1c       0x10 C:\Users\sridh\OneDrive\Desktop\New folder (2)\remote_client\platform\radio\rail_lib\autogen\librail_release\librail_efr32xg1_gcc_release.a(rfsense.o)
                0x00016a1c                RFSENSE_IRQHandler
 .text.RTCCSYNC_RTCCClockFreqGet
                0x00016a2c       0x30 C:\Users\sridh\OneDrive\Desktop\New folder (2)\remote_client\platform\radio\rail_lib\autogen\librail_release\librail_efr32xg1_gcc_release.a(rtccsync.o)
 .text.RTCCSYNC_Init
                0x00016a5c       0x10 C:\Users\sridh\OneDrive\Desktop\New folder (2)\remote_client\platform\radio\rail_lib\autogen\librail_release\librail_efr32xg1_gcc_release.a(rtccsync.o)
                0x00016a5c                RTCCSYNC_Init
 .text.RTCCSYNC_PreSleep
                0x00016a6c      0x260 C:\Users\sridh\OneDrive\Desktop\New folder (2)\remote_client\platform\radio\rail_lib\autogen\librail_release\librail_efr32xg1_gcc_release.a(rtccsync.o)
                0x00016a6c                RTCCSYNC_PreSleep
 .text.RTCCSYNC_PostWakeUp
                0x00016ccc      0x1c4 C:\Users\sridh\OneDrive\Desktop\New folder (2)\remote_client\platform\radio\rail_lib\autogen\librail_release\librail_efr32xg1_gcc_release.a(rtccsync.o)
                0x00016ccc                RTCCSYNC_PostWakeUp
 .text.SYNTH_RfFreqGet
                0x00016e90        0xc C:\Users\sridh\OneDrive\Desktop\New folder (2)\remote_client\platform\radio\rail_lib\autogen\librail_release\librail_efr32xg1_gcc_release.a(synth.o)
                0x00016e90                SYNTH_RfFreqGet
 .text.SYNTH_ChSpacingGet
                0x00016e9c        0xc C:\Users\sridh\OneDrive\Desktop\New folder (2)\remote_client\platform\radio\rail_lib\autogen\librail_release\librail_efr32xg1_gcc_release.a(synth.o)
                0x00016e9c                SYNTH_ChSpacingGet
 .text.SYNTH_LoDivGet
                0x00016ea8       0x20 C:\Users\sridh\OneDrive\Desktop\New folder (2)\remote_client\platform\radio\rail_lib\autogen\librail_release\librail_efr32xg1_gcc_release.a(synth.o)
                0x00016ea8                SYNTH_LoDivGet
 .text.SYNTH_Is2p4GHz
                0x00016ec8       0x14 C:\Users\sridh\OneDrive\Desktop\New folder (2)\remote_client\platform\radio\rail_lib\autogen\librail_release\librail_efr32xg1_gcc_release.a(synth.o)
                0x00016ec8                SYNTH_Is2p4GHz
 .text.SYNTH_VcoRangeIsValid
                0x00016edc       0x30 C:\Users\sridh\OneDrive\Desktop\New folder (2)\remote_client\platform\radio\rail_lib\autogen\librail_release\librail_efr32xg1_gcc_release.a(synth.o)
                0x00016edc                SYNTH_VcoRangeIsValid
 .text.SYNTH_RetimeLimitsConfig
                0x00016f0c       0x64 C:\Users\sridh\OneDrive\Desktop\New folder (2)\remote_client\platform\radio\rail_lib\autogen\librail_release\librail_efr32xg1_gcc_release.a(synth.o)
                0x00016f0c                SYNTH_RetimeLimitsConfig
 .text.SYNTH_RetimeClkConfig
                0x00016f70       0xb4 C:\Users\sridh\OneDrive\Desktop\New folder (2)\remote_client\platform\radio\rail_lib\autogen\librail_release\librail_efr32xg1_gcc_release.a(synth.o)
                0x00016f70                SYNTH_RetimeClkConfig
 .text.SYNTH_Config
                0x00017024      0x108 C:\Users\sridh\OneDrive\Desktop\New folder (2)\remote_client\platform\radio\rail_lib\autogen\librail_release\librail_efr32xg1_gcc_release.a(synth.o)
                0x00017024                SYNTH_Config
 .text.SYNTH_ChannelSet
                0x0001712c       0x40 C:\Users\sridh\OneDrive\Desktop\New folder (2)\remote_client\platform\radio\rail_lib\autogen\librail_release\librail_efr32xg1_gcc_release.a(synth.o)
                0x0001712c                SYNTH_ChannelSet
 .text.SYNTH_DCDCRetimeClkSet
                0x0001716c       0x6c C:\Users\sridh\OneDrive\Desktop\New folder (2)\remote_client\platform\radio\rail_lib\autogen\librail_release\librail_efr32xg1_gcc_release.a(synth.o)
                0x0001716c                SYNTH_DCDCRetimeClkSet
 .text.SYNTH_DCDCRetimeEnable
                0x000171d8       0x18 C:\Users\sridh\OneDrive\Desktop\New folder (2)\remote_client\platform\radio\rail_lib\autogen\librail_release\librail_efr32xg1_gcc_release.a(synth.o)
                0x000171d8                SYNTH_DCDCRetimeEnable
 .text.SYNTH_DCDCRetimeDisable
                0x000171f0       0x18 C:\Users\sridh\OneDrive\Desktop\New folder (2)\remote_client\platform\radio\rail_lib\autogen\librail_release\librail_efr32xg1_gcc_release.a(synth.o)
                0x000171f0                SYNTH_DCDCRetimeDisable
 .text.SYNTH_KvnFreqCompensationEnable
                0x00017208        0xc C:\Users\sridh\OneDrive\Desktop\New folder (2)\remote_client\platform\radio\rail_lib\autogen\librail_release\librail_efr32xg1_gcc_release.a(synth.o)
                0x00017208                SYNTH_KvnFreqCompensationEnable
 .text.RADIOCMU_ClockEnable
                0x00017214       0x40 C:\Users\sridh\OneDrive\Desktop\New folder (2)\remote_client\platform\radio\rail_lib\autogen\librail_release\librail_efr32xg1_gcc_release.a(radio_cmu.o)
                0x00017214                RADIOCMU_ClockEnable
 .text.RADIOCMU_ClockFreqGet
                0x00017254       0x88 C:\Users\sridh\OneDrive\Desktop\New folder (2)\remote_client\platform\radio\rail_lib\autogen\librail_release\librail_efr32xg1_gcc_release.a(radio_cmu.o)
                0x00017254                RADIOCMU_ClockFreqGet
 .text.RADIOCMU_ClockPrescGet
                0x000172dc       0x1c C:\Users\sridh\OneDrive\Desktop\New folder (2)\remote_client\platform\radio\rail_lib\autogen\librail_release\librail_efr32xg1_gcc_release.a(radio_cmu.o)
                0x000172dc                RADIOCMU_ClockPrescGet
 .text.TEMPCAL_Init
                0x000172f8       0x40 C:\Users\sridh\OneDrive\Desktop\New folder (2)\remote_client\platform\radio\rail_lib\autogen\librail_release\librail_efr32xg1_gcc_release.a(tempcal.o)
                0x000172f8                TEMPCAL_Init
 .text.TIMING_PreambleSyncBits
                0x00017338       0x2c C:\Users\sridh\OneDrive\Desktop\New folder (2)\remote_client\platform\radio\rail_lib\autogen\librail_release\librail_efr32xg1_gcc_release.a(timings.o)
 .text.TIMING_CalcAdjustUs
                0x00017364       0x28 C:\Users\sridh\OneDrive\Desktop\New folder (2)\remote_client\platform\radio\rail_lib\autogen\librail_release\librail_efr32xg1_gcc_release.a(timings.o)
 .text.TIMING_SeqTimingInit
                0x0001738c        0x2 C:\Users\sridh\OneDrive\Desktop\New folder (2)\remote_client\platform\radio\rail_lib\autogen\librail_release\librail_efr32xg1_gcc_release.a(timings.o)
                0x0001738c                TIMING_SeqTimingInit
 *fill*         0x0001738e        0x2 
 .text.TIMING_NsToStimerTickCalcSigned
                0x00017390       0x28 C:\Users\sridh\OneDrive\Desktop\New folder (2)\remote_client\platform\radio\rail_lib\autogen\librail_release\librail_efr32xg1_gcc_release.a(timings.o)
                0x00017390                TIMING_NsToStimerTickCalcSigned
 .text.TIMING_NsToStimerTickCalc